 win32

 Timestamp is 6095ab6e (Fri May  7 17:04:46 2021)

 Preferred load address is 0000000140000000

 Start         Length     Name                   Class
 0001:00000000 00041720H .text$mn                CODE
 0001:00041720 00000040H .text$mn$00             CODE
 0001:00041760 0000069dH .text$x                 CODE
 0002:00000000 000002e8H .idata$5                DATA
 0002:000002e8 00000028H .00cfg                  DATA
 0002:00000310 00000008H .CRT$XCA                DATA
 0002:00000318 00000008H .CRT$XCAA               DATA
 0002:00000320 00000008H .CRT$XCZ                DATA
 0002:00000328 00000008H .CRT$XIA                DATA
 0002:00000330 00000008H .CRT$XIAA               DATA
 0002:00000338 00000008H .CRT$XIAC               DATA
 0002:00000340 00000020H .CRT$XIC                DATA
 0002:00000360 00000008H .CRT$XIZ                DATA
 0002:00000368 00000008H .CRT$XPA                DATA
 0002:00000370 00000010H .CRT$XPX                DATA
 0002:00000380 00000008H .CRT$XPXA               DATA
 0002:00000388 00000008H .CRT$XPZ                DATA
 0002:00000390 00000008H .CRT$XTA                DATA
 0002:00000398 00000008H .CRT$XTZ                DATA
 0002:000003a0 00000000H .gehcont$y              DATA
 0002:000003a0 00000000H .gfids$y                DATA
 0002:000003a0 00014a60H .rdata                  DATA
 0002:00014e00 00000000H .rdata$CastGuardVftablesA DATA
 0002:00014e00 00000000H .rdata$CastGuardVftablesC DATA
 0002:00014e00 0000016cH .rdata$r                DATA
 0002:00014f6c 0000033cH .rdata$zzzdbg           DATA
 0002:000152a8 00000008H .rtc$IAA                DATA
 0002:000152b0 00000008H .rtc$IZZ                DATA
 0002:000152b8 00000008H .rtc$TAA                DATA
 0002:000152c0 00000010H .rtc$TZZ                DATA
 0002:000152d0 000011c8H .xdata                  DATA
 0002:00016498 00000084H .xdata$x                DATA
 0002:0001651c 00000000H .edata                  DATA
 0002:0001651c 00000050H .idata$2                DATA
 0002:0001656c 00000014H .idata$3                DATA
 0002:00016580 000002e8H .idata$4                DATA
 0002:00016868 000006b8H .idata$6                DATA
 0003:00000000 00000ae0H .data                   DATA
 0003:00000ae0 00000050H .data$r                 DATA
 0003:00000b30 00000020H .data$rs                DATA
 0003:00000b50 00001888H .bss                    DATA
 0004:00000000 000032acH .pdata                  DATA
 0005:00000000 000000f4H _RDATA                  DATA

  Address         Publics by Value              Rva+Base               Lib:Object

 0000:00000000       __arm64x_redirection_metadata 0000000000000000     <absolute>
 0000:00000000       __guard_iat_table          0000000000000000     <absolute>
 0000:00000000       ___safe_se_handler_table   0000000000000000     <absolute>
 0000:00000000       __guard_iat_count          0000000000000000     <absolute>
 0000:00000000       __guard_longjmp_count      0000000000000000     <absolute>
 0000:00000000       __dynamic_value_reloc_table 0000000000000000     <absolute>
 0000:00000000       __guard_longjmp_table      0000000000000000     <absolute>
 0000:00000000       __hybrid_auxiliary_iat     0000000000000000     <absolute>
 0000:00000000       __hybrid_auxiliary_iat_copy 0000000000000000     <absolute>
 0000:00000000       __x64_code_ranges_to_entry_points 0000000000000000     <absolute>
 0000:00000000       __x64_code_ranges_to_entry_points_count 0000000000000000     <absolute>
 0000:00000000       __guard_fids_count         0000000000000000     <absolute>
 0000:00000000       __arm64x_extra_rfe_table   0000000000000000     <absolute>
 0000:00000000       __AbsoluteZero             0000000000000000     <absolute>
 0000:00000000       __hybrid_code_map          0000000000000000     <absolute>
 0000:00000000       __guard_check_icall_a64n_fptr 0000000000000000     <absolute>
 0000:00000000       __volatile_metadata        0000000000000000     <absolute>
 0000:00000000       __arm64x_extra_rfe_table_size 0000000000000000     <absolute>
 0000:00000000       ___safe_se_handler_count   0000000000000000     <absolute>
 0000:00000000       __guard_fids_table         0000000000000000     <absolute>
 0000:00000000       __guard_eh_cont_count      0000000000000000     <absolute>
 0000:00000000       __arm64x_redirection_metadata_count 0000000000000000     <absolute>
 0000:00000000       __enclave_config           0000000000000000     <absolute>
 0000:00000000       __guard_eh_cont_table      0000000000000000     <absolute>
 0000:00000000       __arm64x_native_entrypoint 0000000000000000     <absolute>
 0000:00000000       __hybrid_code_map_count    0000000000000000     <absolute>
 0000:00000100       __guard_flags              0000000000000100     <absolute>
 0000:00000000       __ImageBase                0000000140000000     <linker-defined>
 0001:00000000       WinMain                    0000000140001000 f   win32.obj
 0001:00001eb0       ?WindowProc@@YA_JPEAUHWND__@@I_K_J@Z 0000000140002eb0 f   win32.obj
 0001:00001f50       HRESULT_FROM_WIN32         0000000140002f50 f i win32.obj
 0001:00001f85       D3D11CreateDevice          0000000140002f85 f   d3d11:d3d11.dll
 0001:00001f8b       D3DCompileFromFile         0000000140002f8b f   d3dcompiler:D3DCOMPILER_47.dll
 0001:00001fa0       __GSHandlerCheck           0000000140002fa0 f   LIBCMTD:gshandler.obj
 0001:00001fe0       __GSHandlerCheckCommon     0000000140002fe0 f   LIBCMTD:gshandler.obj
 0001:000020f0       __security_check_cookie    00000001400030f0 f   LIBCMTD:amdsecgs.obj
 0001:000023d0       ?configure_argv@__scrt_narrow_argv_policy@@SAHXZ 00000001400033d0 f i LIBCMTD:exe_winmain.obj
 0001:000023f0       ?initialize_environment@__scrt_narrow_environment_policy@@SAHXZ 00000001400033f0 f i LIBCMTD:exe_winmain.obj
 0001:00002440       ?set_app_type@__scrt_winmain_policy@@SAXXZ 0000000140003440 f i LIBCMTD:exe_winmain.obj
 0001:00002460       ?set_commode@__scrt_file_policy@@SAXXZ 0000000140003460 f i LIBCMTD:exe_winmain.obj
 0001:00002480       ?set_fmode@__scrt_file_policy@@SAXXZ 0000000140003480 f i LIBCMTD:exe_winmain.obj
 0001:000024a0       WinMainCRTStartup          00000001400034a0 f   LIBCMTD:exe_winmain.obj
 0001:000024c0       __raise_securityfailure    00000001400034c0 f   LIBCMTD:gs_report.obj
 0001:00002500       __report_gsfailure         0000000140003500 f   LIBCMTD:gs_report.obj
 0001:000025e0       __report_rangecheckfailure 00000001400035e0 f   LIBCMTD:gs_report.obj
 0001:00002600       __report_securityfailure   0000000140003600 f   LIBCMTD:gs_report.obj
 0001:00002960       NtCurrentTeb               0000000140003960 f i LIBCMTD:utility.obj
 0001:00002970       __scrt_acquire_startup_lock 0000000140003970 f   LIBCMTD:utility.obj
 0001:000029e0       __scrt_initialize_crt      00000001400039e0 f   LIBCMTD:utility.obj
 0001:00002a30       __scrt_initialize_onexit_tables 0000000140003a30 f   LIBCMTD:utility.obj
 0001:00002b40       __scrt_is_nonwritable_in_current_image 0000000140003b40 f   LIBCMTD:utility.obj
 0001:00002bd0       __scrt_release_startup_lock 0000000140003bd0 f   LIBCMTD:utility.obj
 0001:00002c00       __scrt_uninitialize_crt    0000000140003c00 f   LIBCMTD:utility.obj
 0001:00002c40       _onexit                    0000000140003c40 f   LIBCMTD:utility.obj
 0001:00002cc0       atexit                     0000000140003cc0 f   LIBCMTD:utility.obj
 0001:00002dc0       __security_init_cookie     0000000140003dc0 f   LIBCMTD:gs_support.obj
 0001:00002e40       _matherr                   0000000140003e40 f   LIBCMTD:matherr.obj
 0001:00002e40       ?get_current_state_index@__crt_state_management@@YA_KAEBV__crt_scoped_get_last_error_reset@@@Z 0000000140003e40 f   libucrtd:per_thread_data.obj
 0001:00002e50       _get_startup_argv_mode     0000000140003e50 f   LIBCMTD:argv_mode.obj
 0001:00002e60       __scrt_stub_for_initialize_mta 0000000140003e60 f   LIBCMTD:utility_desktop.obj
 0001:00002e60       __scrt_exe_initialize_mta  0000000140003e60 f   LIBCMTD:utility_desktop.obj
 0001:00002e60       _get_startup_commit_mode   0000000140003e60 f   LIBCMTD:commit_mode.obj
 0001:00002e60       _get_startup_new_mode      0000000140003e60 f   LIBCMTD:new_mode.obj
 0001:00002e60       ?get_current_state_index@__crt_state_management@@YA_KXZ 0000000140003e60 f   libucrtd:matherr.obj
 0001:00002e60       ?get_invalid_value@__crt_hmodule_traits@@SAPEAUHINSTANCE__@@XZ 0000000140003e60 f   libucrtd:exit.obj
 0001:00002e60       _get_startup_thread_locale_mode 0000000140003e60 f   LIBCMTD:thread_locale.obj
 0001:00002e60       __scrt_initialize_winrt    0000000140003e60 f   LIBCMTD:utility_desktop.obj
 0001:00002e70       _get_startup_file_mode     0000000140003e70 f   LIBCMTD:file_mode.obj
 0001:00002e80       ?__scrt_initialize_type_info@@YAXXZ 0000000140003e80 f   LIBCMTD:tncleanup.obj
 0001:00002ea0       _should_initialize_environment 0000000140003ea0 f   LIBCMTD:env_mode.obj
 0001:00002eb0       _initialize_denormal_control 0000000140003eb0 f   LIBCMTD:denormal_control.obj
 0001:00002eb0       _initialize_invalid_parameter_handler 0000000140003eb0 f   LIBCMTD:invalid_parameter_handler.obj
 0001:00002ec0       __local_stdio_printf_options 0000000140003ec0 f i LIBCMTD:default_local_stdio_options.obj
 0001:00002ed0       __local_stdio_scanf_options 0000000140003ed0 f i LIBCMTD:default_local_stdio_options.obj
 0001:00002ee0       __scrt_initialize_default_local_stdio_options 0000000140003ee0 f   LIBCMTD:default_local_stdio_options.obj
 0001:00002f30       __scrt_is_user_matherr_present 0000000140003f30 f   LIBCMTD:matherr_detection.obj
 0001:00002f60       __scrt_get_dyn_tls_init_callback 0000000140003f60 f   LIBCMTD:dyn_tls_init.obj
 0001:00002f70       __scrt_get_dyn_tls_dtor_callback 0000000140003f70 f   LIBCMTD:dyn_tls_dtor.obj
 0001:00002f80       __crt_debugger_hook        0000000140003f80 f   LIBCMTD:utility_desktop.obj
 0001:00002f90       __scrt_fastfail            0000000140003f90 f   LIBCMTD:utility_desktop.obj
 0001:00003130       __scrt_get_show_window_mode 0000000140004130 f   LIBCMTD:utility_desktop.obj
 0001:00003190       __scrt_initialize_mta      0000000140004190 f   LIBCMTD:utility_desktop.obj
 0001:000031a0       __scrt_is_managed_app      00000001400041a0 f   LIBCMTD:utility_desktop.obj
 0001:00003250       __scrt_set_unhandled_exception_filter 0000000140004250 f   LIBCMTD:utility_desktop.obj
 0001:00003270       __scrt_unhandled_exception_filter 0000000140004270 f   LIBCMTD:utility_desktop.obj
 0001:00003310       _RTC_Initialize            0000000140004310 f   LIBCMTD:initsect.obj
 0001:00003360       _RTC_Terminate             0000000140004360 f   LIBCMTD:initsect.obj
 0001:000033b0       ??1?$__crt_simd_cleanup_guard@$0A@@@QEAA@XZ 00000001400043b0 f i libucrtd:strnlen.obj
 0001:000033b0       ??1scoped_global_state_reset@__crt_state_management@@QEAA@XZ 00000001400043b0 f i libucrtd:onexit.obj
 0001:000033b0       _guard_check_icall_nop     00000001400043b0 f i LIBCMTD:guard_support.obj
 0001:000033c0       ReadNoFence64              00000001400043c0 f i LIBCMTD:guard_support.obj
 0001:000033c0       ?__crt_interlocked_read_64@@YA_JPED_J@Z 00000001400043c0 f i libvcruntimed:std_type_info.obj
 0001:000033e0       ??$__crt_interlocked_read_pointer@UHINSTANCE__@@@@YAPEAUHINSTANCE__@@PEDSEAU0@@Z 00000001400043e0 f i libvcruntimed:winapi_downlevel.obj
 0001:000033e0       ??$__crt_interlocked_read_pointer@X@@YAPEAXPEDSEAX@Z 00000001400043e0 f i libvcruntimed:winapi_downlevel.obj
 0001:000033e0       ReadPointerNoFence         00000001400043e0 f i LIBCMTD:guard_support.obj
 0001:00003400       _guard_icall_checks_enforced 0000000140004400 f i LIBCMTD:guard_support.obj
 0001:00003440       __isa_available_init       0000000140004440 f   LIBCMTD:cpu_disp.obj
 0001:000037e0       __scrt_is_ucrt_dll_in_use  00000001400047e0 f   LIBCMTD:ucrt_detection.obj
 0001:00003810       __C_specific_handler       0000000140004810 f   libvcruntimed:riscchandler.obj
 0001:00003c80       __vcrt_initialize          0000000140004c80 f   libvcruntimed:initialization.obj
 0001:00003cc0       __vcrt_uninitialize        0000000140004cc0 f   libvcruntimed:initialization.obj
 0001:00003ce0       ??$?RU__crt_multibyte_data@@@__crt_internal_free_policy@@QEBAXQEBU__crt_multibyte_data@@@Z 0000000140004ce0 f i libucrtd:wsetlocale.obj
 0001:00003ce0       ??$?RU__vcrt_ptd@@@__crt_internal_free_policy@@QEBAXQEBU__vcrt_ptd@@@Z 0000000140004ce0 f i libvcruntimed:per_thread_data.obj
 0001:00003ce0       ??$?RP6AXXZ@__crt_internal_free_policy@@QEBAXQEBQ6AXXZ@Z 0000000140004ce0 f i libucrtd:onexit.obj
 0001:00003ce0       ??$?RPEAD@__crt_internal_free_policy@@QEBAXQEBQEAD@Z 0000000140004ce0 f i libucrtd:argv_parsing.obj
 0001:00003ce0       ??$?RD@__crt_internal_free_policy@@QEBAXQEBD@Z 0000000140004ce0 f i libvcruntimed:std_type_info.obj
 0001:00003ce0       ??$?RPEAU__crt_stdio_stream_data@@@__crt_internal_free_policy@@QEBAXQEBQEAU__crt_stdio_stream_data@@@Z 0000000140004ce0 f i libucrtd:_file.obj
 0001:00003ce0       ??$?RU__acrt_ptd@@@__crt_internal_free_policy@@QEBAXQEBU__acrt_ptd@@@Z 0000000140004ce0 f i libucrtd:per_thread_data.obj
 0001:00003ce0       ??$?RU__crt_lowio_handle_data@@@__crt_internal_free_policy@@QEBAXQEBU__crt_lowio_handle_data@@@Z 0000000140004ce0 f i libucrtd:osfinfo.obj
 0001:00003ce0       ??$?RE@__crt_internal_free_policy@@QEBAXQEBE@Z 0000000140004ce0 f i libucrtd:argv_parsing.obj
 0001:00003d10       ??0?$__crt_unique_heap_ptr@U__crt_multibyte_data@@U__crt_internal_free_policy@@@@QEAA@QEAU__crt_multibyte_data@@@Z 0000000140004d10 f i libucrtd:wsetlocale.obj
 0001:00003d10       ??0?$__crt_unique_heap_ptr@P6AXXZU__crt_internal_free_policy@@@@QEAA@QEAP6AXXZ@Z 0000000140004d10 f i libucrtd:onexit.obj
 0001:00003d10       ??0?$__crt_unique_heap_ptr@PEAU__crt_stdio_stream_data@@U__crt_internal_free_policy@@@@QEAA@QEAPEAU__crt_stdio_stream_data@@@Z 0000000140004d10 f i libucrtd:_file.obj
 0001:00003d10       ??0?$__crt_unique_heap_ptr@DU__crt_public_free_policy@@@@QEAA@QEAD@Z 0000000140004d10 f i libvcruntimed:std_exception.obj
 0001:00003d10       ??0?$__crt_unique_heap_ptr@PEADU__crt_internal_free_policy@@@@QEAA@QEAPEAD@Z 0000000140004d10 f i libucrtd:argv_parsing.obj
 0001:00003d10       ??0?$__crt_unique_heap_ptr@DU__crt_internal_free_policy@@@@QEAA@QEAD@Z 0000000140004d10 f i libvcruntimed:std_type_info.obj
 0001:00003d10       ??0?$__crt_scoped_stack_ptr@_W@@QEAA@U?$__crt_scoped_stack_ptr_tag@_W@@@Z 0000000140004d10 f i libucrtd:getstringtypea.obj
 0001:00003d10       ??0?$__crt_unique_heap_ptr@U__vcrt_ptd@@U__crt_internal_free_policy@@@@QEAA@QEAU__vcrt_ptd@@@Z 0000000140004d10 f i libvcruntimed:per_thread_data.obj
 0001:00003d10       ??0?$__crt_unique_handle_t@U__crt_hmodule_traits@@@@QEAA@QEAUHINSTANCE__@@@Z 0000000140004d10 f i libucrtd:exit.obj
 0001:00003d10       ??0?$__crt_unique_heap_ptr@U__acrt_ptd@@U__crt_internal_free_policy@@@@QEAA@QEAU__acrt_ptd@@@Z 0000000140004d10 f i libucrtd:per_thread_data.obj
 0001:00003d10       ??0?$__crt_unique_heap_ptr@U__crt_lowio_handle_data@@U__crt_internal_free_policy@@@@QEAA@QEAU__crt_lowio_handle_data@@@Z 0000000140004d10 f i libucrtd:osfinfo.obj
 0001:00003d10       ??0?$__crt_scoped_stack_ptr_tag@_W@@QEAA@QEA_W@Z 0000000140004d10 f i libucrtd:getstringtypea.obj
 0001:00003d10       ??0?$string_output_adapter@D@__crt_stdio_output@@QEAA@QEAU?$string_output_adapter_context@D@1@@Z 0000000140004d10 f i libucrtd:output.obj
 0001:00003d10       ??0?$__crt_unique_handle_t@U__crt_findfile_traits@@@@QEAA@QEAX@Z 0000000140004d10 f i libucrtd:argv_wildcards.obj
 0001:00003d10       ??0?$string_output_adapter@_W@__crt_stdio_output@@QEAA@QEAU?$string_output_adapter_context@_W@1@@Z 0000000140004d10 f i libucrtd:output.obj
 0001:00003d10       ??0?$__crt_unique_heap_ptr@EU__crt_internal_free_policy@@@@QEAA@QEAE@Z 0000000140004d10 f i libucrtd:argv_parsing.obj
 0001:00003d10       ??0__crt_stdio_stream@@QEAA@QEAU_iobuf@@@Z 0000000140004d10 f i libucrtd:assert.obj
 0001:00003d10       ??0__crt_stdio_stream@@QEAA@QEAU__crt_stdio_stream_data@@@Z 0000000140004d10 f i libucrtd:fflush.obj
 0001:00003d30       ??1?$__crt_unique_heap_ptr@DU__crt_internal_free_policy@@@@QEAA@XZ 0000000140004d30 f i libvcruntimed:std_type_info.obj
 0001:00003d30       ??1?$__crt_unique_heap_ptr@PEADU__crt_internal_free_policy@@@@QEAA@XZ 0000000140004d30 f i libucrtd:argv_parsing.obj
 0001:00003d30       ??1?$__crt_unique_heap_ptr@U__crt_multibyte_data@@U__crt_internal_free_policy@@@@QEAA@XZ 0000000140004d30 f i libucrtd:wsetlocale.obj
 0001:00003d30       ??1?$__crt_unique_heap_ptr@U__vcrt_ptd@@U__crt_internal_free_policy@@@@QEAA@XZ 0000000140004d30 f i libvcruntimed:per_thread_data.obj
 0001:00003d30       ??1?$__crt_unique_heap_ptr@U__acrt_ptd@@U__crt_internal_free_policy@@@@QEAA@XZ 0000000140004d30 f i libucrtd:per_thread_data.obj
 0001:00003d30       ??1?$__crt_unique_heap_ptr@EU__crt_internal_free_policy@@@@QEAA@XZ 0000000140004d30 f i libucrtd:argv_parsing.obj
 0001:00003d30       ??1?$__crt_unique_heap_ptr@PEAU__crt_stdio_stream_data@@U__crt_internal_free_policy@@@@QEAA@XZ 0000000140004d30 f i libucrtd:_file.obj
 0001:00003d30       ??1?$__crt_unique_heap_ptr@U__crt_lowio_handle_data@@U__crt_internal_free_policy@@@@QEAA@XZ 0000000140004d30 f i libucrtd:osfinfo.obj
 0001:00003d30       ??1?$__crt_unique_heap_ptr@P6AXXZU__crt_internal_free_policy@@@@QEAA@XZ 0000000140004d30 f i libucrtd:onexit.obj
 0001:00003d50       ??B?$__crt_unique_heap_ptr@U__crt_lowio_handle_data@@U__crt_internal_free_policy@@@@QEBA_NXZ 0000000140004d50 f i libucrtd:osfinfo.obj
 0001:00003d50       ??B?$__crt_unique_heap_ptr@EU__crt_internal_free_policy@@@@QEBA_NXZ 0000000140004d50 f i libucrtd:argv_parsing.obj
 0001:00003d50       ??B?$__crt_unique_heap_ptr@U__crt_multibyte_data@@U__crt_internal_free_policy@@@@QEBA_NXZ 0000000140004d50 f i libucrtd:wsetlocale.obj
 0001:00003d50       ??B?$__crt_unique_heap_ptr@U__acrt_ptd@@U__crt_internal_free_policy@@@@QEBA_NXZ 0000000140004d50 f i libucrtd:per_thread_data.obj
 0001:00003d50       ??B?$__crt_unique_heap_ptr@U__vcrt_ptd@@U__crt_internal_free_policy@@@@QEBA_NXZ 0000000140004d50 f i libvcruntimed:per_thread_data.obj
 0001:00003d50       ??B?$__crt_unique_heap_ptr@DU__crt_internal_free_policy@@@@QEBA_NXZ 0000000140004d50 f i libvcruntimed:std_type_info.obj
 0001:00003d50       ??B?$__crt_unique_heap_ptr@DU__crt_public_free_policy@@@@QEBA_NXZ 0000000140004d50 f i libvcruntimed:std_exception.obj
 0001:00003d70       ?get@?$__crt_unique_handle_t@U__crt_findfile_traits@@@@QEBAPEAXXZ 0000000140004d70 f i libucrtd:argv_wildcards.obj
 0001:00003d70       ?get@?$__crt_unique_heap_ptr@U__vcrt_ptd@@U__crt_internal_free_policy@@@@QEBAPEAU__vcrt_ptd@@XZ 0000000140004d70 f i libvcruntimed:per_thread_data.obj
 0001:00003d70       ?get@?$__crt_unique_heap_ptr@EU__crt_internal_free_policy@@@@QEBAPEAEXZ 0000000140004d70 f i libucrtd:argv_parsing.obj
 0001:00003d70       ?get@?$__crt_unique_heap_ptr@U__acrt_ptd@@U__crt_internal_free_policy@@@@QEBAPEAU__acrt_ptd@@XZ 0000000140004d70 f i libucrtd:per_thread_data.obj
 0001:00003d70       ?save_state@?$c_string_character_source@D@__crt_strtox@@QEBAPEBDXZ 0000000140004d70 f i libucrtd:atox.obj
 0001:00003d70       ?get@?$__crt_unique_heap_ptr@U__crt_lowio_handle_data@@U__crt_internal_free_policy@@@@QEBAPEAU__crt_lowio_handle_data@@XZ 0000000140004d70 f i libucrtd:osfinfo.obj
 0001:00003d70       ?get@?$__crt_unique_heap_ptr@U__crt_multibyte_data@@U__crt_internal_free_policy@@@@QEBAPEAU__crt_multibyte_data@@XZ 0000000140004d70 f i libucrtd:wsetlocale.obj
 0001:00003d70       ?get@?$__crt_unique_heap_ptr@DU__crt_internal_free_policy@@@@QEBAPEADXZ 0000000140004d70 f i libvcruntimed:std_type_info.obj
 0001:00003d70       ??C__crt_stdio_stream@@QEBAPEAU__crt_stdio_stream_data@@XZ 0000000140004d70 f i libucrtd:output.obj
 0001:00003d70       ?get@?$__crt_scoped_stack_ptr@_W@@QEBAPEA_WXZ 0000000140004d70 f i libucrtd:getstringtypea.obj
 0001:00003d70       ?public_stream@__crt_stdio_stream@@QEBAPEAU_iobuf@@XZ 0000000140004d70 f i libucrtd:output.obj
 0001:00003d70       ?get@?$__crt_unique_heap_ptr@DU__crt_public_free_policy@@@@QEBAPEADXZ 0000000140004d70 f i libvcruntimed:std_exception.obj
 0001:00003d70       ?save_state@?$c_string_character_source@_W@__crt_strtox@@QEBAPEB_WXZ 0000000140004d70 f i libucrtd:atox.obj
 0001:00003d70       ?get@?$__crt_unique_heap_ptr@PEADU__crt_internal_free_policy@@@@QEBAPEAPEADXZ 0000000140004d70 f i libucrtd:argv_parsing.obj
 0001:00003d70       ?get@?$__crt_unique_handle_t@U__crt_hmodule_traits@@@@QEBAPEAUHINSTANCE__@@XZ 0000000140004d70 f i libucrtd:exit.obj
 0001:00003d80       ?is_valid@?$__crt_unique_heap_ptr@U__vcrt_ptd@@U__crt_internal_free_policy@@@@QEBA_NXZ 0000000140004d80 f i libvcruntimed:per_thread_data.obj
 0001:00003d80       ?is_valid@?$__crt_unique_heap_ptr@U__crt_multibyte_data@@U__crt_internal_free_policy@@@@QEBA_NXZ 0000000140004d80 f i libucrtd:wsetlocale.obj
 0001:00003d80       ?is_valid@?$__crt_unique_heap_ptr@EU__crt_internal_free_policy@@@@QEBA_NXZ 0000000140004d80 f i libucrtd:argv_parsing.obj
 0001:00003d80       ?is_valid@?$__crt_unique_heap_ptr@DU__crt_internal_free_policy@@@@QEBA_NXZ 0000000140004d80 f i libvcruntimed:std_type_info.obj
 0001:00003d80       ?valid@__crt_stdio_stream@@QEBA_NXZ 0000000140004d80 f i libucrtd:output.obj
 0001:00003d80       ??B?$__crt_scoped_stack_ptr@_W@@QEBA_NXZ 0000000140004d80 f i libucrtd:lcmapstringa.obj
 0001:00003d80       ?is_valid@?$__crt_unique_heap_ptr@U__crt_lowio_handle_data@@U__crt_internal_free_policy@@@@QEBA_NXZ 0000000140004d80 f i libucrtd:osfinfo.obj
 0001:00003d80       ?is_valid@?$__crt_unique_heap_ptr@U__acrt_ptd@@U__crt_internal_free_policy@@@@QEBA_NXZ 0000000140004d80 f i libucrtd:per_thread_data.obj
 0001:00003d80       ?is_valid@?$__crt_unique_heap_ptr@DU__crt_public_free_policy@@@@QEBA_NXZ 0000000140004d80 f i libvcruntimed:std_exception.obj
 0001:00003db0       ?release@?$__crt_unique_heap_ptr@U__crt_lowio_handle_data@@U__crt_internal_free_policy@@@@QEAAXXZ 0000000140004db0 f i libucrtd:osfinfo.obj
 0001:00003db0       ?release@?$__crt_unique_heap_ptr@PEAU__crt_stdio_stream_data@@U__crt_internal_free_policy@@@@QEAAXXZ 0000000140004db0 f i libucrtd:_file.obj
 0001:00003db0       ?release@?$__crt_unique_heap_ptr@EU__crt_internal_free_policy@@@@QEAAXXZ 0000000140004db0 f i libucrtd:argv_parsing.obj
 0001:00003db0       ?release@?$__crt_unique_heap_ptr@P6AXXZU__crt_internal_free_policy@@@@QEAAXXZ 0000000140004db0 f i libucrtd:onexit.obj
 0001:00003db0       ?release@?$__crt_unique_heap_ptr@U__acrt_ptd@@U__crt_internal_free_policy@@@@QEAAXXZ 0000000140004db0 f i libucrtd:per_thread_data.obj
 0001:00003db0       ?release@?$__crt_unique_heap_ptr@PEADU__crt_internal_free_policy@@@@QEAAXXZ 0000000140004db0 f i libucrtd:argv_parsing.obj
 0001:00003db0       ?release@?$__crt_unique_heap_ptr@U__vcrt_ptd@@U__crt_internal_free_policy@@@@QEAAXXZ 0000000140004db0 f i libvcruntimed:per_thread_data.obj
 0001:00003db0       ?release@?$__crt_unique_heap_ptr@DU__crt_internal_free_policy@@@@QEAAXXZ 0000000140004db0 f i libvcruntimed:std_type_info.obj
 0001:00003db0       ?release@?$__crt_unique_heap_ptr@U__crt_multibyte_data@@U__crt_internal_free_policy@@@@QEAAXXZ 0000000140004db0 f i libucrtd:wsetlocale.obj
 0001:00003de0       __std_type_info_compare    0000000140004de0 f   libvcruntimed:std_type_info.obj
 0001:00003e20       __DestructExceptionObject  0000000140004e20 f   libvcruntimed:ehhelpers.obj
 0001:00003f20       ?_CallMemberFunction0@@YAXQEAX0@Z 0000000140004f20 f i libvcruntimed:ehhelpers.obj
 0001:00003ff0       _IsExceptionObjectToBeDestroyed 0000000140004ff0 f   libvcruntimed:ehhelpers.obj
 0001:00004040       __AdjustPointer            0000000140005040 f   libvcruntimed:ehhelpers.obj
 0001:000040c0       __FrameUnwindFilter        00000001400050c0 f   libvcruntimed:ehhelpers.obj
 0001:00004170       __current_exception        0000000140005170 f   libvcruntimed:ehhelpers.obj
 0001:00004190       __current_exception_context 0000000140005190 f   libvcruntimed:ehhelpers.obj
 0001:000041c0       _NLG_Notify                00000001400051c0 f   libvcruntimed:notify.obj
 0001:000041e0       __NLG_Dispatch2            00000001400051e0 f   libvcruntimed:notify.obj
 0001:000041f0       __NLG_Return2              00000001400051f0 f   libvcruntimed:notify.obj
 0001:00004200       __except_validate_context_record 0000000140005200 f   libvcruntimed:jbcxrval.obj
 0001:000042a0       ?detach@?$__crt_unique_heap_ptr@U__vcrt_ptd@@U__crt_internal_free_policy@@@@QEAAPEAU__vcrt_ptd@@XZ 00000001400052a0 f i libvcruntimed:per_thread_data.obj
 0001:000042a0       ?detach@?$__crt_unique_heap_ptr@U__acrt_ptd@@U__crt_internal_free_policy@@@@QEAAPEAU__acrt_ptd@@XZ 00000001400052a0 f i libucrtd:per_thread_data.obj
 0001:000042a0       ?detach@?$__crt_unique_heap_ptr@PEAU__crt_stdio_stream_data@@U__crt_internal_free_policy@@@@QEAAPEAPEAU__crt_stdio_stream_data@@XZ 00000001400052a0 f i libucrtd:_file.obj
 0001:000042a0       ?detach@?$__crt_unique_heap_ptr@P6AXXZU__crt_internal_free_policy@@@@QEAAPEAP6AXXZXZ 00000001400052a0 f i libucrtd:onexit.obj
 0001:000042a0       ?detach@?$__crt_unique_heap_ptr@U__crt_multibyte_data@@U__crt_internal_free_policy@@@@QEAAPEAU__crt_multibyte_data@@XZ 00000001400052a0 f i libucrtd:wsetlocale.obj
 0001:000042a0       ?detach@?$__crt_unique_heap_ptr@PEADU__crt_internal_free_policy@@@@QEAAPEAPEADXZ 00000001400052a0 f i libucrtd:argv_parsing.obj
 0001:000042a0       ?detach@?$__crt_unique_heap_ptr@U__crt_lowio_handle_data@@U__crt_internal_free_policy@@@@QEAAPEAU__crt_lowio_handle_data@@XZ 00000001400052a0 f i libucrtd:osfinfo.obj
 0001:000042a0       ?detach@?$__crt_unique_heap_ptr@EU__crt_internal_free_policy@@@@QEAAPEAEXZ 00000001400052a0 f i libucrtd:argv_parsing.obj
 0001:000042a0       ?detach@?$__crt_unique_heap_ptr@DU__crt_public_free_policy@@@@QEAAPEADXZ 00000001400052a0 f i libvcruntimed:std_exception.obj
 0001:00004310       __vcrt_freefls             0000000140005310 f   libvcruntimed:per_thread_data.obj
 0001:00004350       __vcrt_getptd              0000000140005350 f   libvcruntimed:per_thread_data.obj
 0001:00004380       __vcrt_getptd_noexit       0000000140005380 f   libvcruntimed:per_thread_data.obj
 0001:00004520       __vcrt_initialize_ptd      0000000140005520 f   libvcruntimed:per_thread_data.obj
 0001:00004570       __vcrt_uninitialize_ptd    0000000140005570 f   libvcruntimed:per_thread_data.obj
 0001:000045a0       __vcrt_initialize_locks    00000001400055a0 f   libvcruntimed:locks.obj
 0001:00004610       __vcrt_uninitialize_locks  0000000140005610 f   libvcruntimed:locks.obj
 0001:00004670       _vsprintf_s_l              0000000140005670 f i libvcruntimed:undname.obj
 0001:000046e0       sprintf_s                  00000001400056e0 f i libvcruntimed:undname.obj
 0001:00004740       ??$__crt_interlocked_exchange_pointer@UHINSTANCE__@@PEAU1@@@YAPEAUHINSTANCE__@@PEDSEAU0@QEAU0@@Z 0000000140005740 f i libvcruntimed:winapi_downlevel.obj
 0001:00004740       ??$__crt_interlocked_exchange_pointer@UHINSTANCE__@@PEAX@@YAPEAUHINSTANCE__@@PEDSEAU0@QEAX@Z 0000000140005740 f i libvcruntimed:winapi_downlevel.obj
 0001:00004740       ??$__crt_interlocked_exchange_pointer@XPEAX@@YAPEAXPEDSEAXQEAX@Z 0000000140005740 f i libvcruntimed:winapi_downlevel.obj
 0001:00004760       ?get_invalid_value@__crt_findfile_traits@@SAPEAXXZ 0000000140005760 f   libucrtd:argv_wildcards.obj
 0001:00004c50       __vcrt_FlsAlloc            0000000140005c50 f   libvcruntimed:winapi_downlevel.obj
 0001:00004ca0       __vcrt_FlsFree             0000000140005ca0 f   libvcruntimed:winapi_downlevel.obj
 0001:00004cf0       __vcrt_FlsGetValue         0000000140005cf0 f   libvcruntimed:winapi_downlevel.obj
 0001:00004d40       __vcrt_FlsSetValue         0000000140005d40 f   libvcruntimed:winapi_downlevel.obj
 0001:00004da0       __vcrt_InitializeCriticalSectionEx 0000000140005da0 f   libvcruntimed:winapi_downlevel.obj
 0001:00004e20       memcpy_repmovs             0000000140005e20 f   libvcruntimed:memcpy.obj
 0001:00004e40       memcpy                     0000000140005e40 f   libvcruntimed:memcpy.obj
 0001:00004e40       memmove                    0000000140005e40 f   libvcruntimed:memcpy.obj
 0001:000054c0       ??$?0AEAViterator@TryBlockMap@__FrameHandler3@@AEAV012@$0A@@?$pair@Viterator@TryBlockMap@__FrameHandler3@@V123@@std@@QEAA@AEAViterator@TryBlockMap@__FrameHandler3@@0@Z 00000001400064c0 f i libvcruntimed:risctrnsctrl.obj
 0001:000055d0       ??$_CallSETranslator@V__FrameHandler3@@@@YAHPEAUEHExceptionRecord@@PEA_KPEAU_CONTEXT@@PEAU_xDISPATCHER_CONTEXT@@PEBU_s_FuncInfo@@K1H@Z 00000001400065d0 f i libvcruntimed:risctrnsctrl.obj
 0001:00005660       ?debug_info@?$__crt_win32_buffer@_WU__crt_win32_buffer_internal_dynamic_resizing@@@@QEBAAEBV__crt_win32_buffer_empty_debug_info@@XZ 0000000140006660 f i libucrtd:argv_wildcards.obj
 0001:00005660       ?debug_info@?$__crt_win32_buffer@DU__crt_win32_buffer_no_resizing@@@@QEBAAEBV__crt_win32_buffer_empty_debug_info@@XZ 0000000140006660 f i libucrtd:getmodulefilenamea.obj
 0001:00005660       ?dangerous_get_state_array@?$dual_state_global@P6AXPEB_W00I_K@Z@__crt_state_management@@QEAAPEAP6AXPEB_W00I_K@ZXZ 0000000140006660 f i libucrtd:invalid_parameter.obj
 0001:00005660       ?get_address_of@?$__crt_unique_heap_ptr@PEADU__crt_internal_free_policy@@@@QEAAPEAPEAPEADXZ 0000000140006660 f i libucrtd:argv_parsing.obj
 0001:00005660       ?dangerous_get_state_array@?$dual_state_global@H@__crt_state_management@@QEAAPEAHXZ 0000000140006660 f i libucrtd:txtmode.obj
 0001:00005660       ?dangerous_get_state_array@?$dual_state_global@PEAU__crt_locale_data@@@__crt_state_management@@QEAAPEAPEAU__crt_locale_data@@XZ 0000000140006660 f i libucrtd:per_thread_data.obj
 0001:00005660       ?dangerous_get_state_array@?$dual_state_global@PEAE@__crt_state_management@@QEAAPEAPEAEXZ 0000000140006660 f i libucrtd:mbctype.obj
 0001:00005660       ??$forward@AEAViterator@TryBlockMap@__FrameHandler3@@@std@@YAAEAViterator@TryBlockMap@__FrameHandler3@@AEAV123@@Z 0000000140006660 f i libvcruntimed:risctrnsctrl.obj
 0001:00005660       ?debug_info@?$__crt_win32_buffer@DU__crt_win32_buffer_internal_dynamic_resizing@@@@QEBAAEBV__crt_win32_buffer_empty_debug_info@@XZ 0000000140006660 f i libucrtd:argv_wildcards.obj
 0001:00005660       ?dangerous_get_state_array@?$dual_state_global@PEAU__crt_multibyte_data@@@__crt_state_management@@QEAAPEAPEAU__crt_multibyte_data@@XZ 0000000140006660 f i libucrtd:mbctype.obj
 0001:00005660       ?get_address_of@?$__crt_unique_handle_t@U__crt_hmodule_traits@@@@QEAAPEAPEAUHINSTANCE__@@XZ 0000000140006660 f i libucrtd:exit.obj
 0001:00005670       ??0iterator@HandlerMap@__FrameHandler3@@QEAA@AEAV12@I@Z 0000000140006670 f i libvcruntimed:frame.obj
 0001:00005670       ??0iterator@TryBlockMap@__FrameHandler3@@QEAA@AEAV12@I@Z 0000000140006670 f i libvcruntimed:risctrnsctrl.obj
 0001:000056a0       ?CatchTryBlock@__FrameHandler3@@SAPEBU_s_TryBlockMapEntry@@PEBU_s_FuncInfo@@H@Z 00000001400066a0 f   libvcruntimed:risctrnsctrl.obj
 0001:00005730       ?ExecutionInCatch@__FrameHandler3@@SA_NPEAU_xDISPATCHER_CONTEXT@@PEBU_s_FuncInfo@@@Z 0000000140006730 f   libvcruntimed:risctrnsctrl.obj
 0001:00005780       ?FrameUnwindToEmptyState@__FrameHandler3@@SAXPEA_KPEAU_xDISPATCHER_CONTEXT@@PEBU_s_FuncInfo@@@Z 0000000140006780 f   libvcruntimed:risctrnsctrl.obj
 0001:00005820       ?GetEstablisherFrame@__FrameHandler3@@SAPEA_KPEA_KPEAU_xDISPATCHER_CONTEXT@@PEBU_s_FuncInfo@@0@Z 0000000140006820 f   libvcruntimed:risctrnsctrl.obj
 0001:00005990       ?GetRangeOfTrysToCheck@__FrameHandler3@@SA?AU?$pair@Viterator@TryBlockMap@__FrameHandler3@@V123@@std@@AEAVTryBlockMap@1@HPEAU_xDISPATCHER_CONTEXT@@PEBU_s_FuncInfo@@H@Z 0000000140006990 f   libvcruntimed:risctrnsctrl.obj
 0001:00005bd0       ?UnwindNestedFrames@__FrameHandler3@@SAXPEA_KPEAUEHExceptionRecord@@PEAU_CONTEXT@@0PEAXPEBU_s_FuncInfo@@HHPEBU_s_HandlerType@@PEAU_xDISPATCHER_CONTEXT@@E@Z 0000000140006bd0 f   libvcruntimed:risctrnsctrl.obj
 0001:00005d40       _CreateFrameInfo           0000000140006d40 f   libvcruntimed:risctrnsctrl.obj
 0001:00005db0       _FindAndUnlinkFrame        0000000140006db0 f   libvcruntimed:risctrnsctrl.obj
 0001:00005e30       _GetImageBase              0000000140006e30 f   libvcruntimed:risctrnsctrl.obj
 0001:00005e50       _GetThrowImageBase         0000000140006e50 f   libvcruntimed:risctrnsctrl.obj
 0001:00005e70       _SetImageBase              0000000140006e70 f   libvcruntimed:risctrnsctrl.obj
 0001:00005e90       _SetThrowImageBase         0000000140006e90 f   libvcruntimed:risctrnsctrl.obj
 0001:00005eb0       __CxxFrameHandler3         0000000140006eb0 f   libvcruntimed:risctrnsctrl.obj
 0001:00005f90       ?GetCurrentState@__FrameHandler3@@SAHPEA_KPEAU_xDISPATCHER_CONTEXT@@PEBU_s_FuncInfo@@@Z 0000000140006f90 f   libvcruntimed:ehstate.obj
 0001:00005ff0       ?GetUnwindTryBlock@__FrameHandler3@@SAHPEA_KPEAU_xDISPATCHER_CONTEXT@@PEBU_s_FuncInfo@@@Z 0000000140006ff0 f   libvcruntimed:ehstate.obj
 0001:00006040       ?SetState@__FrameHandler3@@SAXPEA_KPEBU_s_FuncInfo@@H@Z 0000000140007040 f   libvcruntimed:ehstate.obj
 0001:00006070       ?SetUnwindTryBlock@__FrameHandler3@@SAXPEA_KPEAU_xDISPATCHER_CONTEXT@@PEBU_s_FuncInfo@@H@Z 0000000140007070 f   libvcruntimed:ehstate.obj
 0001:000060e0       ?StateFromControlPc@__FrameHandler3@@SAHPEBU_s_FuncInfo@@PEAU_xDISPATCHER_CONTEXT@@@Z 00000001400070e0 f   libvcruntimed:ehstate.obj
 0001:00006120       ?StateFromIp@__FrameHandler3@@SAHPEBU_s_FuncInfo@@PEAU_xDISPATCHER_CONTEXT@@_K@Z 0000000140007120 f   libvcruntimed:ehstate.obj
 0001:00006210       ?__RVAtoRealOffset@@YA_KPEAU_xDISPATCHER_CONTEXT@@H@Z 0000000140007210 f i libvcruntimed:ehstate.obj
 0001:000073e0       ??$TypeMatchHelper@V__FrameHandler3@@@@YAHPEBU_s_HandlerType@@PEBU_s_CatchableType@@PEBU_s_ThrowInfo@@@Z 00000001400083e0 f i libvcruntimed:frame.obj
 0001:000075e0       ??$__InternalCxxFrameHandler@V__FrameHandler3@@@@YA?AW4_EXCEPTION_DISPOSITION@@PEAUEHExceptionRecord@@PEA_KPEAU_CONTEXT@@PEAU_xDISPATCHER_CONTEXT@@PEBU_s_FuncInfo@@H1E@Z 00000001400085e0 f i libvcruntimed:frame.obj
 0001:00007a50       ??0HandlerMap@__FrameHandler3@@QEAA@PEBU_s_TryBlockMapEntry@@_KI@Z 0000000140008a50 f i libvcruntimed:frame.obj
 0001:00007aa0       ??0TryBlockMap@__FrameHandler3@@QEAA@PEBU_s_FuncInfo@@_K@Z 0000000140008aa0 f i libvcruntimed:frame.obj
 0001:00007ad0       ??0bad_exception@std@@QEAA@AEBV01@@Z 0000000140008ad0 f i libvcruntimed:frame.obj
 0001:00007b10       ??0bad_exception@std@@QEAA@XZ 0000000140008b10 f i libvcruntimed:frame.obj
 0001:00007b50       ??0exception@std@@QEAA@AEBV01@@Z 0000000140008b50 f i libvcruntimed:frame.obj
 0001:00007bb0       ??0exception@std@@QEAA@QEBDH@Z 0000000140008bb0 f i libvcruntimed:frame.obj
 0001:00007c00       ??1bad_exception@std@@UEAA@XZ 0000000140008c00 f i libvcruntimed:frame.obj
 0001:00007c20       ??1exception@std@@UEAA@XZ  0000000140008c20 f i libvcruntimed:frame.obj
 0001:00007c50       ??8iterator@HandlerMap@__FrameHandler3@@QEBA_NAEBV012@@Z 0000000140008c50 f i libvcruntimed:frame.obj
 0001:00007c90       ??8type_info@@QEBA_NAEBV0@@Z 0000000140008c90 f i libvcruntimed:frame.obj
 0001:00007ce0       ??9iterator@HandlerMap@__FrameHandler3@@QEBA_NAEBV012@@Z 0000000140008ce0 f i libvcruntimed:frame.obj
 0001:00007d20       ??Diterator@HandlerMap@__FrameHandler3@@QEAA?BU_s_HandlerType@@XZ 0000000140008d20 f i libvcruntimed:frame.obj
 0001:00007d60       ??Diterator@TryBlockMap@__FrameHandler3@@QEAA?BU_s_TryBlockMapEntry@@XZ 0000000140008d60 f i libvcruntimed:frame.obj
 0001:00007db0       ??Eiterator@TryBlockMap@__FrameHandler3@@QEAAAEAV012@XZ 0000000140008db0 f i libvcruntimed:frame.obj
 0001:00007db0       ??Eiterator@HandlerMap@__FrameHandler3@@QEAAAEAV012@XZ 0000000140008db0 f i libvcruntimed:frame.obj
 0001:00007dd0       ??Miterator@TryBlockMap@__FrameHandler3@@QEBA_NAEBV012@@Z 0000000140008dd0 f i libvcruntimed:frame.obj
 0001:00007e10       ??_Gbad_exception@std@@UEAAPEAXI@Z 0000000140008e10 f i libvcruntimed:frame.obj
 0001:00007e10       ??_Ebad_exception@std@@UEAAPEAXI@Z 0000000140008e10 f i libvcruntimed:frame.obj
 0001:00007e50       ??_Eexception@std@@UEAAPEAXI@Z 0000000140008e50 f i libvcruntimed:frame.obj
 0001:00007e50       ??_Gexception@std@@UEAAPEAXI@Z 0000000140008e50 f i libvcruntimed:frame.obj
 0001:00007e90       ?BuildCatchObject@__FrameHandler3@@SAXPEAUEHExceptionRecord@@PEAXPEBU_s_HandlerType@@PEBU_s_CatchableType@@@Z 0000000140008e90 f   libvcruntimed:frame.obj
 0001:00007ed0       ?CxxCallCatchBlock@__FrameHandler3@@SAPEAXPEAU_EXCEPTION_RECORD@@@Z 0000000140008ed0 f   libvcruntimed:frame.obj
 0001:00008230       ?FrameUnwindToState@__FrameHandler3@@SAXPEA_KPEAU_xDISPATCHER_CONTEXT@@PEBU_s_FuncInfo@@H@Z 0000000140009230 f   libvcruntimed:frame.obj
 0001:00008480       ?GetHandlerSearchState@__FrameHandler3@@SAHPEA_KPEAU_xDISPATCHER_CONTEXT@@PEBU_s_FuncInfo@@@Z 0000000140009480 f i libvcruntimed:frame.obj
 0001:00008530       ?GetMaxState@__FrameHandler3@@SAHPEAU_xDISPATCHER_CONTEXT@@PEBU_s_FuncInfo@@@Z 0000000140009530 f i libvcruntimed:frame.obj
 0001:00008730       ?TypeMatch@__FrameHandler3@@SAHPEBU_s_HandlerType@@PEBU_s_CatchableType@@PEBU_s_ThrowInfo@@@Z 0000000140009730 f   libvcruntimed:frame.obj
 0001:00008730       __TypeMatch                0000000140009730 f   libvcruntimed:frame.obj
 0001:00008760       ?_CallMemberFunction1@@YAXQEAX00@Z 0000000140009760 f i libvcruntimed:frame.obj
 0001:000087a0       ?_CallMemberFunction2@@YAXQEAX00H@Z 00000001400097a0 f i libvcruntimed:frame.obj
 0001:00008830       ?begin@HandlerMap@__FrameHandler3@@QEAA?AViterator@12@XZ 0000000140009830 f i libvcruntimed:frame.obj
 0001:00008860       ?end@HandlerMap@__FrameHandler3@@QEAA?AViterator@12@XZ 0000000140009860 f i libvcruntimed:frame.obj
 0001:00008890       ?getESTypes@__FrameHandler3@@SAPEBU_s_ESTypeList@@PEBU_s_FuncInfo@@@Z 0000000140009890 f i libvcruntimed:frame.obj
 0001:000088d0       ?getLastEntry@HandlerMap@__FrameHandler3@@QEAAPEBU_s_HandlerType@@XZ 00000001400098d0 f i libvcruntimed:frame.obj
 0001:000088f0       ?getMagicNum@__FrameHandler3@@SAIPEBU_s_FuncInfo@@@Z 00000001400098f0 f i libvcruntimed:frame.obj
 0001:00008910       ?getNumTryBlocks@TryBlockMap@__FrameHandler3@@QEAAIXZ 0000000140009910 f i libvcruntimed:frame.obj
 0001:00008930       ?isEHs@__FrameHandler3@@SA_NPEBU_s_FuncInfo@@@Z 0000000140009930 f i libvcruntimed:frame.obj
 0001:00008970       ?isNoExcept@__FrameHandler3@@SA_NPEBU_s_FuncInfo@@@Z 0000000140009970 f i libvcruntimed:frame.obj
 0001:000089b0       ?what@exception@std@@UEBAPEBDXZ 00000001400099b0 f i libvcruntimed:frame.obj
 0001:000089f0       __vcrt_EncodePointer       00000001400099f0 f i libvcruntimed:frame.obj
 0001:00008a20       memset_repmovs             0000000140009a20 f   libvcruntimed:memset.obj
 0001:00008a40       memset                     0000000140009a40 f   libvcruntimed:memset.obj
 0001:00008be0       _CallSettingFrame          0000000140009be0 f   libvcruntimed:handlers.obj
 0001:00008c30       _CallSettingFrame_LookupContinuationIndex 0000000140009c30 f   libvcruntimed:handlers.obj
 0001:00008c60       _CallSettingFrame_NotifyContinuationAddr 0000000140009c60 f   libvcruntimed:handlers.obj
 0001:00008c90       _CallSettingFrameEncoded   0000000140009c90 f   libvcruntimed:handlers.obj
 0001:00008ce0       ??$?RD@__crt_public_free_policy@@QEBAXQEBD@Z 0000000140009ce0 f i libvcruntimed:std_exception.obj
 0001:00008d00       ??1?$__crt_unique_heap_ptr@DU__crt_public_free_policy@@@@QEAA@XZ 0000000140009d00 f i libvcruntimed:std_exception.obj
 0001:00008d20       ?release@?$__crt_unique_heap_ptr@DU__crt_public_free_policy@@@@QEAAXXZ 0000000140009d20 f i libvcruntimed:std_exception.obj
 0001:00008d50       __std_exception_copy       0000000140009d50 f   libvcruntimed:std_exception.obj
 0001:00008e90       __std_exception_destroy    0000000140009e90 f   libvcruntimed:std_exception.obj
 0001:00008ed0       _CxxThrowException         0000000140009ed0 f   libvcruntimed:throw.obj
 0001:00009000       ??$__crt_interlocked_read@J@@YAJPEDJ@Z 000000014000a000 f i libucrtd:assert.obj
 0001:0000a090       ??$ftprintf@PEAU_iobuf@@PEB_WAEBQEB_WAEBQEB_WAEBI@?$__crt_char_traits@_W@@SAH$$QEAPEAU_iobuf@@$$QEAPEB_WAEBQEB_W2AEBI@Z 000000014000b090 f i libucrtd:assert.obj
 0001:0000a0e0       ??$get_module_file_name@AEAPEAUHINSTANCE__@@AEAY0BAF@DK@?$__crt_char_traits@D@@SAKAEAPEAUHINSTANCE__@@AEAY0BAF@D$$QEAK@Z 000000014000b0e0 f i libucrtd:assert.obj
 0001:0000a0e0       ??$get_module_file_name@$$TAEAY0BAF@DH@?$__crt_char_traits@D@@SAK$$QEA$$TAEAY0BAF@D$$QEAH@Z 000000014000b0e0 f i libucrtd:argv_parsing.obj
 0001:0000a120       ??$get_module_file_name@AEAPEAUHINSTANCE__@@AEAY0BAF@_WK@?$__crt_char_traits@_W@@SAKAEAPEAUHINSTANCE__@@AEAY0BAF@_W$$QEAK@Z 000000014000b120 f i libucrtd:assert.obj
 0001:0000a160       ??$itot_s@AEBIPEA_W_KH@?$__crt_char_traits@_W@@SAHAEBI$$QEAPEA_W$$QEA_K$$QEAH@Z 000000014000b160 f i libucrtd:assert.obj
 0001:0000a1b0       ??$show_message_box@AEAY0CEA@_WPEB_WJ@?$__crt_char_traits@_W@@SAHAEAY0CEA@_W$$QEAPEB_W$$QEAJ@Z 000000014000b1b0 f i libucrtd:assert.obj
 0001:0000a1f0       ??$tcscat_s@AEBQEA_WAEB_KAEAPEA_W@?$__crt_char_traits@_W@@SAHAEBQEA_WAEB_KAEAPEA_W@Z 000000014000b1f0 f i libucrtd:assert.obj
 0001:0000a1f0       ??$tcscat_s@AEBQEA_WAEB_KPEB_W@?$__crt_char_traits@_W@@SAHAEBQEA_WAEB_K$$QEAPEB_W@Z 000000014000b1f0 f i libucrtd:assert.obj
 0001:0000a1f0       ??$tcscat_s@AEBQEA_WAEB_KAEBQEB_W@?$__crt_char_traits@_W@@SAHAEBQEA_WAEB_KAEBQEB_W@Z 000000014000b1f0 f i libucrtd:assert.obj
 0001:0000a230       ??$tcscpy_s@AEAY0BAF@D_KPEBD@?$__crt_char_traits@D@@SAHAEAY0BAF@D$$QEA_K$$QEAPEBD@Z 000000014000b230 f i libucrtd:assert.obj
 0001:0000a270       ??$tcscpy_s@AEAY0BAF@_W_KPEB_W@?$__crt_char_traits@_W@@SAHAEAY0BAF@_W$$QEA_K$$QEAPEB_W@Z 000000014000b270 f i libucrtd:assert.obj
 0001:0000a2b0       ??$tcscpy_s@AEBQEA_WAEB_KPEB_W@?$__crt_char_traits@_W@@SAHAEBQEA_WAEB_K$$QEAPEB_W@Z 000000014000b2b0 f i libucrtd:assert.obj
 0001:0000a2f0       ??$tcslen@AEAY0BAF@D@?$__crt_char_traits@D@@SA_KAEAY0BAF@D@Z 000000014000b2f0 f i libucrtd:assert.obj
 0001:0000a310       ??$tcslen@AEAY0BAF@_W@?$__crt_char_traits@_W@@SA_KAEAY0BAF@_W@Z 000000014000b310 f i libucrtd:assert.obj
 0001:0000a330       ??$tcslen@AEBQEB_W@?$__crt_char_traits@_W@@SA_KAEBQEB_W@Z 000000014000b330 f i libucrtd:assert.obj
 0001:0000a330       ??$tcslen@AEBQEA_W@?$__crt_char_traits@_W@@SA_KAEBQEA_W@Z 000000014000b330 f i libucrtd:assert.obj
 0001:0000a350       ??$tcslen@AEBQEBD@?$__crt_char_traits@D@@SA_KAEBQEBD@Z 000000014000b350 f i libucrtd:assert.obj
 0001:0000a370       ??$tcsncat_s@AEBQEA_WAEB_KPEB_W_K@?$__crt_char_traits@_W@@SAHAEBQEA_WAEB_K$$QEAPEB_W$$QEA_K@Z 000000014000b370 f i libucrtd:assert.obj
 0001:0000a370       ??$tcsncat_s@AEBQEA_WAEB_KAEBQEB_WAEB_K@?$__crt_char_traits@_W@@SAHAEBQEA_WAEB_KAEBQEB_W1@Z 000000014000b370 f i libucrtd:assert.obj
 0001:0000a370       ??$tcsncat_s@AEBQEA_WAEB_KAEAPEB_W_K@?$__crt_char_traits@_W@@SAHAEBQEA_WAEB_KAEAPEB_W$$QEA_K@Z 000000014000b370 f i libucrtd:assert.obj
 0001:0000a3c0       ?__crt_interlocked_read_32@@YAHPEDH@Z 000000014000b3c0 f i libucrtd:assert.obj
 0001:0000a550       ?get_flags@__crt_stdio_stream@@QEBAJXZ 000000014000b550 f i libucrtd:assert.obj
 0001:0000a5e0       ?has_any_buffer@__crt_stdio_stream@@QEBA_NXZ 000000014000b5e0 f i libucrtd:assert.obj
 0001:0000a600       ?has_any_of@__crt_stdio_stream@@QEBA_NJ@Z 000000014000b600 f i libucrtd:assert.obj
 0001:0000a640       _invoke_watson_if_error    000000014000b640 f i libucrtd:assert.obj
 0001:0000a690       _vfwprintf_l               000000014000b690 f i libucrtd:assert.obj
 0001:0000a6e0       _vswprintf_c_l             000000014000b6e0 f i libucrtd:assert.obj
 0001:0000a750       _wassert                   000000014000b750 f   libucrtd:assert.obj
 0001:0000a790       fwprintf                   000000014000b790 f i libucrtd:assert.obj
 0001:0000a920       swprintf                   000000014000b920 f i libucrtd:assert.obj
 0001:0000a980       sinf                       000000014000b980 f   libucrtd:sinf.obj
 0001:0000b0f0       _seh_filter_exe            000000014000c0f0 f   libucrtd:exception_filter.obj
 0001:0000b560       __acrt_report_runtime_error 000000014000c560 f   libucrtd:report_runtime_error.obj
 0001:0000b7e0       _query_app_type            000000014000c7e0 f   libucrtd:report_runtime_error.obj
 0001:0000b7f0       _set_app_type              000000014000c7f0 f   libucrtd:report_runtime_error.obj
 0001:0000b800       ??$__crt_fast_decode_pointer@P6AXH@Z@@YAP6AXH@ZQ6AXH@Z@Z 000000014000c800 f i libucrtd:signal.obj
 0001:0000b800       ??$__crt_fast_decode_pointer@PEAP6AXXZ@@YAPEAP6AXXZQEAP6AXXZ@Z 000000014000c800 f i libucrtd:onexit.obj
 0001:0000b800       ??$__crt_fast_decode_pointer@P6AHPEAU_exception@@@Z@@YAP6AHPEAU_exception@@@ZQ6AH0@Z@Z 000000014000c800 f i libucrtd:matherr.obj
 0001:0000b800       ??$__crt_fast_decode_pointer@PEAX@@YAPEAXQEAX@Z 000000014000c800 f i libucrtd:winapi_thunks.obj
 0001:0000b800       ??$__crt_fast_decode_pointer@P6AH_K@Z@@YAP6AH_K@ZQ6AH0@Z@Z 000000014000c800 f i libucrtd:new_handler.obj
 0001:0000b800       ??$__crt_fast_decode_pointer@P6AXPEAXK0@Z@@YAP6AXPEAXK0@ZQ6AX0K0@Z@Z 000000014000c800 f i libucrtd:exit.obj
 0001:0000b800       ??$__crt_fast_decode_pointer@P6AXPEB_W00I_K@Z@@YAP6AXPEB_W00I_K@ZQ6AX000I1@Z@Z 000000014000c800 f i libucrtd:invalid_parameter.obj
 0001:0000b800       ??$__crt_fast_decode_pointer@P6AXXZ@@YAP6AXXZQ6AXXZ@Z 000000014000c800 f i libucrtd:onexit.obj
 0001:0000b840       ??$__crt_fast_encode_pointer@PEAX@@YAPEAXQEAX@Z 000000014000c840 f i libucrtd:initialization.obj
 0001:0000b840       ??$__crt_fast_encode_pointer@P6AHXZ@@YAP6AHXZQ6AHXZ@Z 000000014000c840 f i libucrtd:onexit.obj
 0001:0000b840       ??$__crt_fast_encode_pointer@PEAP6AXXZ@@YAPEAP6AXXZQEAP6AXXZ@Z 000000014000c840 f i libucrtd:onexit.obj
 0001:0000b840       ??$__crt_fast_encode_pointer@P6AXH@Z@@YAP6AXH@ZQ6AXH@Z@Z 000000014000c840 f i libucrtd:signal.obj
 0001:0000b840       ??$__crt_fast_encode_pointer@P6AHPEAU_exception@@@Z@@YAP6AHPEAU_exception@@@ZQ6AH0@Z@Z 000000014000c840 f i libucrtd:matherr.obj
 0001:0000b840       ??$__crt_fast_encode_pointer@P6AXXZ@@YAP6AXXZQ6AXXZ@Z 000000014000c840 f i libucrtd:onexit.obj
 0001:0000b840       ??$__crt_fast_encode_pointer@P6AXPEAXK0@Z@@YAP6AXPEAXK0@ZQ6AX0K0@Z@Z 000000014000c840 f i libucrtd:exit.obj
 0001:0000b880       ?__crt_rotate_pointer_value@@YA_K_KH@Z 000000014000c880 f i libucrtd:matherr.obj
 0001:0000b8a0       ?initialize@?$dual_state_global@P6AH_K@Z@__crt_state_management@@QEAAXQ6AH_K@Z@Z 000000014000c8a0 f i libucrtd:new_handler.obj
 0001:0000b8a0       ?initialize@?$dual_state_global@PEAU__crt_multibyte_data@@@__crt_state_management@@QEAAXQEAU__crt_multibyte_data@@@Z 000000014000c8a0 f i libucrtd:mbctype.obj
 0001:0000b8a0       ?initialize@?$dual_state_global@P6AHPEAU_exception@@@Z@__crt_state_management@@QEAAXQ6AHPEAU_exception@@@Z@Z 000000014000c8a0 f i libucrtd:matherr.obj
 0001:0000b8a0       ?initialize@?$dual_state_global@PEAU__crt_locale_data@@@__crt_state_management@@QEAAXQEAU__crt_locale_data@@@Z 000000014000c8a0 f i libucrtd:initialization.obj
 0001:0000b8a0       ?initialize@?$dual_state_global@P6AXH@Z@__crt_state_management@@QEAAXQ6AXH@Z@Z 000000014000c8a0 f i libucrtd:signal.obj
 0001:0000b8f0       ?value@?$dual_state_global@PEAE@__crt_state_management@@QEAAAEAPEAEXZ 000000014000c8f0 f i libucrtd:mbctype.obj
 0001:0000b8f0       ?value@?$dual_state_global@P6AH_K@Z@__crt_state_management@@QEAAAEAP6AH_K@ZXZ 000000014000c8f0 f i libucrtd:new_handler.obj
 0001:0000b8f0       ?value@?$dual_state_global@PEAU__crt_multibyte_data@@@__crt_state_management@@QEAAAEAPEAU__crt_multibyte_data@@XZ 000000014000c8f0 f i libucrtd:mbctype.obj
 0001:0000b8f0       ?value@?$dual_state_global@PEAU__crt_locale_data@@@__crt_state_management@@QEAAAEAPEAU__crt_locale_data@@XZ 000000014000c8f0 f i libucrtd:wsetlocale.obj
 0001:0000b8f0       ?value@?$dual_state_global@P6AXH@Z@__crt_state_management@@QEAAAEAP6AXH@ZXZ 000000014000c8f0 f i libucrtd:signal.obj
 0001:0000b8f0       ?value@?$dual_state_global@P6AHPEAU_exception@@@Z@__crt_state_management@@QEAAAEAP6AHPEAU_exception@@@ZXZ 000000014000c8f0 f i libucrtd:matherr.obj
 0001:0000b8f0       ?value@?$dual_state_global@P6AXPEB_W00I_K@Z@__crt_state_management@@QEAAAEAP6AXPEB_W00I_K@ZXZ 000000014000c8f0 f i libucrtd:invalid_parameter.obj
 0001:0000b910       __acrt_has_user_matherr    000000014000c910 f   libucrtd:matherr.obj
 0001:0000b950       __acrt_initialize_user_matherr 000000014000c950 f   libucrtd:matherr.obj
 0001:0000b970       __acrt_invoke_user_matherr 000000014000c970 f   libucrtd:matherr.obj
 0001:0000b9c0       __setusermatherr           000000014000c9c0 f   libucrtd:matherr.obj
 0001:0000c220       ??$set_program_name@PEAD@?$__crt_char_traits@D@@SAX$$QEAPEAD@Z 000000014000d220 f i libucrtd:argv_parsing.obj
 0001:0000c350       __acrt_allocate_buffer_for_argv 000000014000d350 f   libucrtd:argv_parsing.obj
 0001:0000c470       _configure_narrow_argv     000000014000d470 f   libucrtd:argv_parsing.obj
 0001:0000c490       _set_pgmptr                000000014000d490 f i libucrtd:argv_parsing.obj
 0001:0000c6c0       ??$tcslen@AEAPEAD@?$__crt_char_traits@D@@SA_KAEAPEAD@Z 000000014000d6c0 f i libucrtd:environment_initialization.obj
 0001:0000c70c       ??B?$__crt_unique_heap_ptr@PEADU__crt_internal_free_policy@@@@QEBA_NXZ 000000014000d70c f i libucrtd:environment_initialization.obj
 0001:0000c714       ?detach@?$__crt_unique_heap_ptr@DU__crt_internal_free_policy@@@@QEAAPEADXZ 000000014000d714 f i libucrtd:environment_initialization.obj
 0001:0000c71c       __dcrt_uninitialize_environments_nolock 000000014000d71c f   libucrtd:environment_initialization.obj
 0001:0000c754       _initialize_narrow_environment 000000014000d754 f   libucrtd:environment_initialization.obj
 0001:0000c8a0       _get_narrow_winmain_command_line 000000014000d8a0 f   libucrtd:argv_winmain.obj
 0001:0000c8b0       _initterm                  000000014000d8b0 f   libucrtd:initterm.obj
 0001:0000c910       _initterm_e                000000014000d910 f   libucrtd:initterm.obj
 0001:0000c990       ??$?B$$A6AXPEAXK0@Z@__crt_fast_encoded_nullptr_t@@QEBAP6AXPEAXK0@ZXZ 000000014000d990 f i libucrtd:exit.obj
 0001:0000c990       ??$?BP6AXXZ@__crt_fast_encoded_nullptr_t@@QEBAPEAP6AXXZXZ 000000014000d990 f i libucrtd:onexit.obj
 0001:0000c990       ??$?B$$A6AXXZ@__crt_fast_encoded_nullptr_t@@QEBAP6AXXZXZ 000000014000d990 f i libucrtd:onexit.obj
 0001:0000c990       ??$?BX@__crt_fast_encoded_nullptr_t@@QEBAPEAXXZ 000000014000d990 f i libucrtd:initialization.obj
 0001:0000c990       ??$?B$$A6AXH@Z@__crt_fast_encoded_nullptr_t@@QEBAP6AXH@ZXZ 000000014000d990 f i libucrtd:signal.obj
 0001:0000ca40       ??$__crt_get_proc_address@P6AXI@Z@@YAP6AXI@ZQEAUHINSTANCE__@@QEBD@Z 000000014000da40 f i libucrtd:exit.obj
 0001:0000cae0       ??1?$__crt_unique_handle_t@U__crt_hmodule_traits@@@@QEAA@XZ 000000014000dae0 f i libucrtd:exit.obj
 0001:0000cc40       ?__acrt_select_exit_lock@@YA?AW4__acrt_lock_id@@XZ 000000014000dc40 f i libucrtd:exit.obj
 0001:0000cc50       ?__crt_fast_encode_pointer@@YA?AU__crt_fast_encoded_nullptr_t@@$$T@Z 000000014000dc50 f i libucrtd:exit.obj
 0001:0000cc90       ?close@?$__crt_unique_handle_t@U__crt_hmodule_traits@@@@QEAAXXZ 000000014000dc90 f i libucrtd:exit.obj
 0001:0000ccd0       ?close@__crt_hmodule_traits@@SA_NPEAUHINSTANCE__@@@Z 000000014000dcd0 f i libucrtd:exit.obj
 0001:0000cf90       __acrt_initialize_thread_local_exit_callback 000000014000df90 f   libucrtd:exit.obj
 0001:0000cfb0       _c_exit                    000000014000dfb0 f   libucrtd:exit.obj
 0001:0000cfd0       _cexit                     000000014000dfd0 f   libucrtd:exit.obj
 0001:0000cff0       _exit                      000000014000dff0 f   libucrtd:exit.obj
 0001:0000d010       _register_thread_local_exe_atexit_callback 000000014000e010 f   libucrtd:exit.obj
 0001:0000d060       exit                       000000014000e060 f   libucrtd:exit.obj
 0001:0000d080       ?value@?$dual_state_global@J@__crt_state_management@@QEAAAEAJXZ 000000014000e080 f i libucrtd:new_mode.obj
 0001:0000d080       ?value@?$dual_state_global@H@__crt_state_management@@QEAAAEAHXZ 000000014000e080 f i libucrtd:setmode.obj
 0001:0000d0a0       _set_fmode                 000000014000e0a0 f   libucrtd:setmode.obj
 0001:0000d2e0       __acrt_disable_global_locale_sync 000000014000e2e0 f i libucrtd:wsetlocale.obj
 0001:0000d310       __acrt_enable_global_locale_sync 000000014000e310 f i libucrtd:wsetlocale.obj
 0001:0000d340       __acrt_set_locale_changed  000000014000e340 f   libucrtd:wsetlocale.obj
 0001:0000d350       __acrt_uninitialize_locale 000000014000e350 f   libucrtd:wsetlocale.obj
 0001:0000d380       __ascii_tolower            000000014000e380 f i libucrtd:wsetlocale.obj
 0001:0000d3a0       __ascii_towlower           000000014000e3a0 f i libucrtd:wsetlocale.obj
 0001:0000d3c0       _configthreadlocale        000000014000e3c0 f   libucrtd:wsetlocale.obj
 0001:0000d520       _query_new_mode            000000014000e520 f   libucrtd:new_mode.obj
 0001:0000d540       _set_new_mode              000000014000e540 f   libucrtd:new_mode.obj
 0001:0000d610       __p__commode               000000014000e610 f   libucrtd:ncommode.obj
 0001:0000dca0       _crt_atexit                000000014000eca0 f   libucrtd:onexit.obj
 0001:0000dcc0       _execute_onexit_table      000000014000ecc0 f   libucrtd:onexit.obj
 0001:0000dd00       _initialize_onexit_table   000000014000ed00 f   libucrtd:onexit.obj
 0001:0000dd80       _register_onexit_function  000000014000ed80 f   libucrtd:onexit.obj
 0001:0000de10       __acrt_uninitialize_command_line 000000014000ee10 f   libucrtd:argv_data.obj
 0001:0000e070       __acrt_initialize          000000014000f070 f   libucrtd:initialization.obj
 0001:0000e0a0       __acrt_uninitialize        000000014000f0a0 f   libucrtd:initialization.obj
 0001:0000e0d0       terminate                  000000014000f0d0 f   libucrtd:terminate.obj
 0001:0000e110       ??0_LocaleUpdate@@QEAA@QEAU__crt_locale_pointers@@@Z 000000014000f110 f i libucrtd:debug_heap.obj
 0001:0000e230       ??1_LocaleUpdate@@QEAA@XZ  000000014000f230 f i libucrtd:debug_heap.obj
 0001:0000e260       ?GetLocaleT@_LocaleUpdate@@QEAAPEAU__crt_locale_pointers@@XZ 000000014000f260 f i libucrtd:debug_heap.obj
 0001:00010240       _CrtCheckMemory            0000000140011240 f   libucrtd:debug_heap.obj
 0001:000103d0       _CrtDumpMemoryLeaks        00000001400113d0 f   libucrtd:debug_heap.obj
 0001:00010490       _CrtIsValidHeapPointer     0000000140011490 f   libucrtd:debug_heap.obj
 0001:000104d0       _CrtIsValidPointer         00000001400114d0 f   libucrtd:debug_heap.obj
 0001:00010510       _CrtMemCheckpoint          0000000140011510 f   libucrtd:debug_heap.obj
 0001:00010790       _CrtMemDumpAllObjectsSince 0000000140011790 f   libucrtd:debug_heap.obj
 0001:000107f0       _CrtSetDbgFlag             00000001400117f0 f   libucrtd:debug_heap.obj
 0001:00010950       _CrtSetDumpClient          0000000140011950 f   libucrtd:debug_heap.obj
 0001:00010980       __acrt_get_locale_data_prefix 0000000140011980 f i libucrtd:debug_heap.obj
 0001:000109a0       __acrt_locale_changed      00000001400119a0 f i libucrtd:debug_heap.obj
 0001:000109d0       _calloc_dbg                00000001400119d0 f   libucrtd:debug_heap.obj
 0001:00010a70       _chvalidchk_l              0000000140011a70 f i libucrtd:debug_heap.obj
 0001:00010aa0       _free_dbg                  0000000140011aa0 f   libucrtd:debug_heap.obj
 0001:00010b10       _invoke_watson_if_oneof    0000000140011b10 f i libucrtd:debug_heap.obj
 0001:00010b70       _ischartype_l              0000000140011b70 f i libucrtd:debug_heap.obj
 0001:00010c00       _malloc_dbg                0000000140011c00 f   libucrtd:debug_heap.obj
 0001:00010c40       _msize_dbg                 0000000140011c40 f   libucrtd:debug_heap.obj
 0001:00010de0       _realloc_dbg               0000000140011de0 f   libucrtd:debug_heap.obj
 0001:00010e50       _recalloc_dbg              0000000140011e50 f   libucrtd:debug_heap.obj
 0001:00011420       strcpy_s                   0000000140012420 f   libucrtd:strcpy_s.obj
 0001:00011460       strcmp                     0000000140012460 f   libucrtd:strcmp.obj
 0001:000114e0       strlen                     00000001400124e0 f   libucrtd:strlen.obj
 0001:00011590       abort                      0000000140012590 f   libucrtd:abort.obj
 0001:00011610       ??$initialize_from_array@$$BY00Q6AXPEB_W00I_K@Z@?$dual_state_global@P6AXPEB_W00I_K@Z@__crt_state_management@@QEAAXAEAY00Q6AXPEB_W00I_K@Z@Z 0000000140012610 f i libucrtd:invalid_parameter.obj
 0001:00011670       __acrt_call_reportfault    0000000140012670 f   libucrtd:invalid_parameter.obj
 0001:000117a0       __acrt_initialize_invalid_parameter_handler 00000001400127a0 f   libucrtd:invalid_parameter.obj
 0001:000117d0       _invalid_parameter         00000001400127d0 f   libucrtd:invalid_parameter.obj
 0001:000118d0       _invalid_parameter_noinfo  00000001400128d0 f   libucrtd:invalid_parameter.obj
 0001:00011900       _invoke_watson             0000000140012900 f   libucrtd:invalid_parameter.obj
 0001:00011960       ??$?0AEBV?$stream_output_adapter@_W@__crt_stdio_output@@AEB_KAEBQEB_WAEBQEAU__crt_locale_pointers@@AEBQEAD@?$standard_base@_WV?$stream_output_adapter@_W@__crt_stdio_output@@@__crt_stdio_output@@IEAA@AEBV?$stream_output_adapter@_W@1@AEB_KAEBQEB_WAEBQEAU__crt_locale_pointers@@AEBQEAD@Z 0000000140012960 f i libucrtd:output.obj
 0001:00011960       ??$?0AEBV?$string_output_adapter@_W@__crt_stdio_output@@AEB_KAEBQEB_WAEBQEAU__crt_locale_pointers@@AEBQEAD@?$standard_base@_WV?$string_output_adapter@_W@__crt_stdio_output@@@__crt_stdio_output@@IEAA@AEBV?$string_output_adapter@_W@1@AEB_KAEBQEB_WAEBQEAU__crt_locale_pointers@@AEBQEAD@Z 0000000140012960 f i libucrtd:output.obj
 0001:000119d0       ??$?0AEBV?$string_output_adapter@D@__crt_stdio_output@@AEB_KAEBQEBDAEBQEAU__crt_locale_pointers@@AEBQEAD@?$format_validation_base@DV?$string_output_adapter@D@__crt_stdio_output@@@__crt_stdio_output@@IEAA@AEBV?$string_output_adapter@D@1@AEB_KAEBQEBDAEBQEAU__crt_locale_pointers@@AEBQEAD@Z 00000001400129d0 f i libucrtd:output.obj
 0001:00011a20       ??$?0AEBV?$string_output_adapter@D@__crt_stdio_output@@AEB_KAEBQEBDAEBQEAU__crt_locale_pointers@@AEBQEAD@?$standard_base@DV?$string_output_adapter@D@__crt_stdio_output@@@__crt_stdio_output@@IEAA@AEBV?$string_output_adapter@D@1@AEB_KAEBQEBDAEBQEAU__crt_locale_pointers@@AEBQEAD@Z 0000000140012a20 f i libucrtd:output.obj
 0001:00011a90       ??$?0AEBV?$string_output_adapter@_W@__crt_stdio_output@@AEB_KAEBQEB_WAEBQEAU__crt_locale_pointers@@AEBQEAD@?$format_validation_base@_WV?$string_output_adapter@_W@__crt_stdio_output@@@__crt_stdio_output@@IEAA@AEBV?$string_output_adapter@_W@1@AEB_KAEBQEB_WAEBQEAU__crt_locale_pointers@@AEBQEAD@Z 0000000140012a90 f i libucrtd:output.obj
 0001:00013b20       ??$count@D@formatting_buffer@__crt_stdio_output@@QEBA_KXZ 0000000140014b20 f i libucrtd:output.obj
 0001:00013b70       ??$count@_W@formatting_buffer@__crt_stdio_output@@QEBA_KXZ 0000000140014b70 f i libucrtd:output.obj
 0001:00013bc0       ??$data@_W@formatting_buffer@__crt_stdio_output@@QEAAPEA_WXZ 0000000140014bc0 f i libucrtd:output.obj
 0001:00013bc0       ??$data@D@formatting_buffer@__crt_stdio_output@@QEAAPEADXZ 0000000140014bc0 f i libucrtd:output.obj
 0001:00013c10       ??$ensure_buffer_is_big_enough@D@formatting_buffer@__crt_stdio_output@@QEAA_N_K@Z 0000000140014c10 f i libucrtd:output.obj
 0001:00013d40       ??$ensure_buffer_is_big_enough@_W@formatting_buffer@__crt_stdio_output@@QEAA_N_K@Z 0000000140014d40 f i libucrtd:output.obj
 0001:00013e70       ??$extract_argument_from_va_list@C_J@?$standard_base@_WV?$stream_output_adapter@_W@__crt_stdio_output@@@__crt_stdio_output@@IEAA_NAEA_J@Z 0000000140014e70 f i libucrtd:output.obj
 0001:00013e70       ??$extract_argument_from_va_list@C_J@?$standard_base@DV?$string_output_adapter@D@__crt_stdio_output@@@__crt_stdio_output@@IEAA_NAEA_J@Z 0000000140014e70 f i libucrtd:output.obj
 0001:00013e70       ??$extract_argument_from_va_list@C_J@?$standard_base@_WV?$string_output_adapter@_W@__crt_stdio_output@@@__crt_stdio_output@@IEAA_NAEA_J@Z 0000000140014e70 f i libucrtd:output.obj
 0001:00013eb0       ??$extract_argument_from_va_list@E_J@?$standard_base@_WV?$stream_output_adapter@_W@__crt_stdio_output@@@__crt_stdio_output@@IEAA_NAEA_J@Z 0000000140014eb0 f i libucrtd:output.obj
 0001:00013eb0       ??$extract_argument_from_va_list@E_J@?$standard_base@_WV?$string_output_adapter@_W@__crt_stdio_output@@@__crt_stdio_output@@IEAA_NAEA_J@Z 0000000140014eb0 f i libucrtd:output.obj
 0001:00013eb0       ??$extract_argument_from_va_list@E_J@?$standard_base@DV?$string_output_adapter@D@__crt_stdio_output@@@__crt_stdio_output@@IEAA_NAEA_J@Z 0000000140014eb0 f i libucrtd:output.obj
 0001:00013ef0       ??$extract_argument_from_va_list@F_J@?$standard_base@_WV?$stream_output_adapter@_W@__crt_stdio_output@@@__crt_stdio_output@@IEAA_NAEA_J@Z 0000000140014ef0 f i libucrtd:output.obj
 0001:00013ef0       ??$extract_argument_from_va_list@F_J@?$standard_base@_WV?$string_output_adapter@_W@__crt_stdio_output@@@__crt_stdio_output@@IEAA_NAEA_J@Z 0000000140014ef0 f i libucrtd:output.obj
 0001:00013ef0       ??$extract_argument_from_va_list@F_J@?$standard_base@DV?$string_output_adapter@D@__crt_stdio_output@@@__crt_stdio_output@@IEAA_NAEA_J@Z 0000000140014ef0 f i libucrtd:output.obj
 0001:00013f30       ??$extract_argument_from_va_list@GD@?$standard_base@DV?$string_output_adapter@D@__crt_stdio_output@@@__crt_stdio_output@@IEAA_NAEAD@Z 0000000140014f30 f i libucrtd:output.obj
 0001:00013f60       ??$extract_argument_from_va_list@G_J@?$standard_base@_WV?$stream_output_adapter@_W@__crt_stdio_output@@@__crt_stdio_output@@IEAA_NAEA_J@Z 0000000140014f60 f i libucrtd:output.obj
 0001:00013f60       ??$extract_argument_from_va_list@G_J@?$standard_base@_WV?$string_output_adapter@_W@__crt_stdio_output@@@__crt_stdio_output@@IEAA_NAEA_J@Z 0000000140014f60 f i libucrtd:output.obj
 0001:00013f60       ??$extract_argument_from_va_list@G_J@?$standard_base@DV?$string_output_adapter@D@__crt_stdio_output@@@__crt_stdio_output@@IEAA_NAEA_J@Z 0000000140014f60 f i libucrtd:output.obj
 0001:00013fa0       ??$extract_argument_from_va_list@H_J@?$standard_base@DV?$string_output_adapter@D@__crt_stdio_output@@@__crt_stdio_output@@IEAA_NAEA_J@Z 0000000140014fa0 f i libucrtd:output.obj
 0001:00013fa0       ??$extract_argument_from_va_list@H_J@?$standard_base@_WV?$string_output_adapter@_W@__crt_stdio_output@@@__crt_stdio_output@@IEAA_NAEA_J@Z 0000000140014fa0 f i libucrtd:output.obj
 0001:00013fa0       ??$extract_argument_from_va_list@H_J@?$standard_base@_WV?$stream_output_adapter@_W@__crt_stdio_output@@@__crt_stdio_output@@IEAA_NAEA_J@Z 0000000140014fa0 f i libucrtd:output.obj
 0001:00013fd0       ??$extract_argument_from_va_list@I_J@?$standard_base@_WV?$stream_output_adapter@_W@__crt_stdio_output@@@__crt_stdio_output@@IEAA_NAEA_J@Z 0000000140014fd0 f i libucrtd:output.obj
 0001:00013fd0       ??$extract_argument_from_va_list@I_J@?$standard_base@DV?$string_output_adapter@D@__crt_stdio_output@@@__crt_stdio_output@@IEAA_NAEA_J@Z 0000000140014fd0 f i libucrtd:output.obj
 0001:00013fd0       ??$extract_argument_from_va_list@I_J@?$standard_base@_WV?$string_output_adapter@_W@__crt_stdio_output@@@__crt_stdio_output@@IEAA_NAEA_J@Z 0000000140014fd0 f i libucrtd:output.obj
 0001:00014000       ??$extract_argument_from_va_list@PEAUansi_string@?1??type_case_Z@?$output_processor@_WV?$stream_output_adapter@_W@__crt_stdio_output@@V?$standard_base@_WV?$stream_output_adapter@_W@__crt_stdio_output@@@2@@__crt_stdio_output@@AEAA_NXZ@PEAU1?1??234@AEAA_NXZ@@?$standard_base@_WV?$stream_output_adapter@_W@__crt_stdio_output@@@__crt_stdio_output@@IEAA_NAEAPEAUansi_string@?1??type_case_Z@?$output_processor@_WV?$stream_output_adapter@_W@__crt_stdio_output@@V?$standard_base@_WV?$stream_output_adapter@_W@__crt_stdio_output@@@2@@1@AEAA_NXZ@@Z 0000000140015000 f i libucrtd:output.obj
 0001:00014000       ??$extract_argument_from_va_list@_J_J@?$standard_base@DV?$string_output_adapter@D@__crt_stdio_output@@@__crt_stdio_output@@IEAA_NAEA_J@Z 0000000140015000 f i libucrtd:output.obj
 0001:00014000       ??$extract_argument_from_va_list@PEADPEAD@?$standard_base@_WV?$string_output_adapter@_W@__crt_stdio_output@@@__crt_stdio_output@@IEAA_NAEAPEAD@Z 0000000140015000 f i libucrtd:output.obj
 0001:00014000       ??$extract_argument_from_va_list@_J_J@?$standard_base@_WV?$string_output_adapter@_W@__crt_stdio_output@@@__crt_stdio_output@@IEAA_NAEA_J@Z 0000000140015000 f i libucrtd:output.obj
 0001:00014000       ??$extract_argument_from_va_list@PEAUansi_string@?1??type_case_Z@?$output_processor@_WV?$string_output_adapter@_W@__crt_stdio_output@@V?$standard_base@_WV?$string_output_adapter@_W@__crt_stdio_output@@@2@@__crt_stdio_output@@AEAA_NXZ@PEAU1?1??234@AEAA_NXZ@@?$standard_base@_WV?$string_output_adapter@_W@__crt_stdio_output@@@__crt_stdio_output@@IEAA_NAEAPEAUansi_string@?1??type_case_Z@?$output_processor@_WV?$string_output_adapter@_W@__crt_stdio_output@@V?$standard_base@_WV?$string_output_adapter@_W@__crt_stdio_output@@@2@@1@AEAA_NXZ@@Z 0000000140015000 f i libucrtd:output.obj
 0001:00014000       ??$extract_argument_from_va_list@PEAXPEAX@?$standard_base@DV?$string_output_adapter@D@__crt_stdio_output@@@__crt_stdio_output@@IEAA_NAEAPEAX@Z 0000000140015000 f i libucrtd:output.obj
 0001:00014000       ??$extract_argument_from_va_list@PEADPEAD@?$standard_base@DV?$string_output_adapter@D@__crt_stdio_output@@@__crt_stdio_output@@IEAA_NAEAPEAD@Z 0000000140015000 f i libucrtd:output.obj
 0001:00014000       ??$extract_argument_from_va_list@_K_J@?$standard_base@_WV?$string_output_adapter@_W@__crt_stdio_output@@@__crt_stdio_output@@IEAA_NAEA_J@Z 0000000140015000 f i libucrtd:output.obj
 0001:00014000       ??$extract_argument_from_va_list@PEAXPEAX@?$standard_base@_WV?$string_output_adapter@_W@__crt_stdio_output@@@__crt_stdio_output@@IEAA_NAEAPEAX@Z 0000000140015000 f i libucrtd:output.obj
 0001:00014000       ??$extract_argument_from_va_list@_J_J@?$standard_base@_WV?$stream_output_adapter@_W@__crt_stdio_output@@@__crt_stdio_output@@IEAA_NAEA_J@Z 0000000140015000 f i libucrtd:output.obj
 0001:00014000       ??$extract_argument_from_va_list@_K_J@?$standard_base@DV?$string_output_adapter@D@__crt_stdio_output@@@__crt_stdio_output@@IEAA_NAEA_J@Z 0000000140015000 f i libucrtd:output.obj
 0001:00014000       ??$extract_argument_from_va_list@PEAUansi_string@?1??type_case_Z@?$output_processor@_WV?$string_output_adapter@_W@__crt_stdio_output@@V?$format_validation_base@_WV?$string_output_adapter@_W@__crt_stdio_output@@@2@@__crt_stdio_output@@AEAA_NXZ@PEAU1?1??234@AEAA_NXZ@@?$standard_base@_WV?$string_output_adapter@_W@__crt_stdio_output@@@__crt_stdio_output@@IEAA_NAEAPEAUansi_string@?1??type_case_Z@?$output_processor@_WV?$string_output_adapter@_W@__crt_stdio_output@@V?$format_validation_base@_WV?$string_output_adapter@_W@__crt_stdio_output@@@2@@1@AEAA_NXZ@@Z 0000000140015000 f i libucrtd:output.obj
 0001:00014000       ??$extract_argument_from_va_list@_K_J@?$standard_base@_WV?$stream_output_adapter@_W@__crt_stdio_output@@@__crt_stdio_output@@IEAA_NAEA_J@Z 0000000140015000 f i libucrtd:output.obj
 0001:00014000       ??$extract_argument_from_va_list@PEADPEAD@?$standard_base@_WV?$stream_output_adapter@_W@__crt_stdio_output@@@__crt_stdio_output@@IEAA_NAEAPEAD@Z 0000000140015000 f i libucrtd:output.obj
 0001:00014000       ??$extract_argument_from_va_list@PEAXPEAX@?$standard_base@_WV?$stream_output_adapter@_W@__crt_stdio_output@@@__crt_stdio_output@@IEAA_NAEAPEAX@Z 0000000140015000 f i libucrtd:output.obj
 0001:00014000       ??$extract_argument_from_va_list@PEAUansi_string@?1??type_case_Z@?$output_processor@DV?$string_output_adapter@D@__crt_stdio_output@@V?$format_validation_base@DV?$string_output_adapter@D@__crt_stdio_output@@@2@@__crt_stdio_output@@AEAA_NXZ@PEAU1?1??234@AEAA_NXZ@@?$standard_base@DV?$string_output_adapter@D@__crt_stdio_output@@@__crt_stdio_output@@IEAA_NAEAPEAUansi_string@?1??type_case_Z@?$output_processor@DV?$string_output_adapter@D@__crt_stdio_output@@V?$format_validation_base@DV?$string_output_adapter@D@__crt_stdio_output@@@2@@1@AEAA_NXZ@@Z 0000000140015000 f i libucrtd:output.obj
 0001:00014030       ??$extract_argument_from_va_list@U_CRT_DOUBLE@@U1@@?$standard_base@_WV?$stream_output_adapter@_W@__crt_stdio_output@@@__crt_stdio_output@@IEAA_NAEAU_CRT_DOUBLE@@@Z 0000000140015030 f i libucrtd:output.obj
 0001:00014030       ??$extract_argument_from_va_list@U_CRT_DOUBLE@@U1@@?$standard_base@DV?$string_output_adapter@D@__crt_stdio_output@@@__crt_stdio_output@@IEAA_NAEAU_CRT_DOUBLE@@@Z 0000000140015030 f i libucrtd:output.obj
 0001:00014030       ??$extract_argument_from_va_list@U_CRT_DOUBLE@@U1@@?$standard_base@_WV?$string_output_adapter@_W@__crt_stdio_output@@@__crt_stdio_output@@IEAA_NAEAU_CRT_DOUBLE@@@Z 0000000140015030 f i libucrtd:output.obj
 0001:00014080       ??$extract_argument_from_va_list@_W_W@?$standard_base@_WV?$string_output_adapter@_W@__crt_stdio_output@@@__crt_stdio_output@@IEAA_NAEA_W@Z 0000000140015080 f i libucrtd:output.obj
 0001:00014080       ??$extract_argument_from_va_list@_W_W@?$standard_base@_WV?$stream_output_adapter@_W@__crt_stdio_output@@@__crt_stdio_output@@IEAA_NAEA_W@Z 0000000140015080 f i libucrtd:output.obj
 0001:00014080       ??$extract_argument_from_va_list@_W_W@?$standard_base@DV?$string_output_adapter@D@__crt_stdio_output@@@__crt_stdio_output@@IEAA_NAEA_W@Z 0000000140015080 f i libucrtd:output.obj
 0001:000140b0       ??$is_wide_character_specifier@D@__crt_stdio_output@@YA_N_KDW4length_modifier@0@@Z 00000001400150b0 f i libucrtd:output.obj
 0001:00014150       ??$is_wide_character_specifier@_W@__crt_stdio_output@@YA_N_K_WW4length_modifier@0@@Z 0000000140015150 f i libucrtd:output.obj
 0001:00014220       ??$puttc_nolock@AEB_WPEAU_iobuf@@@?$__crt_char_traits@_W@@SAGAEB_W$$QEAPEAU_iobuf@@@Z 0000000140015220 f i libucrtd:output.obj
 0001:00014250       ??$read_va_arg@C@__crt_stdio_output@@YACAEAPEAD@Z 0000000140015250 f i libucrtd:output.obj
 0001:00014250       ??$read_va_arg@E@__crt_stdio_output@@YAEAEAPEAD@Z 0000000140015250 f i libucrtd:output.obj
 0001:000142c0       ??$read_va_arg@G@__crt_stdio_output@@YAGAEAPEAD@Z 00000001400152c0 f i libucrtd:output.obj
 0001:000142c0       ??$read_va_arg@F@__crt_stdio_output@@YAFAEAPEAD@Z 00000001400152c0 f i libucrtd:output.obj
 0001:000142c0       ??$read_va_arg@_W@__crt_stdio_output@@YA_WAEAPEAD@Z 00000001400152c0 f i libucrtd:output.obj
 0001:00014330       ??$read_va_arg@I@__crt_stdio_output@@YAIAEAPEAD@Z 0000000140015330 f i libucrtd:output.obj
 0001:00014330       ??$read_va_arg@H@__crt_stdio_output@@YAHAEAPEAD@Z 0000000140015330 f i libucrtd:output.obj
 0001:00014390       ??$read_va_arg@PEAUansi_string@?1??type_case_Z@?$output_processor@_WV?$stream_output_adapter@_W@__crt_stdio_output@@V?$standard_base@_WV?$stream_output_adapter@_W@__crt_stdio_output@@@2@@__crt_stdio_output@@AEAA_NXZ@@__crt_stdio_output@@YAPEAUansi_string@?1??type_case_Z@?$output_processor@_WV?$stream_output_adapter@_W@__crt_stdio_output@@V?$standard_base@_WV?$stream_output_adapter@_W@__crt_stdio_output@@@2@@0@AEAA_NXZ@AEAPEAD@Z 0000000140015390 f i libucrtd:output.obj
 0001:00014390       ??$read_va_arg@_K@__crt_stdio_output@@YA_KAEAPEAD@Z 0000000140015390 f i libucrtd:output.obj
 0001:00014390       ??$read_va_arg@PEAUansi_string@?1??type_case_Z@?$output_processor@_WV?$string_output_adapter@_W@__crt_stdio_output@@V?$format_validation_base@_WV?$string_output_adapter@_W@__crt_stdio_output@@@2@@__crt_stdio_output@@AEAA_NXZ@@__crt_stdio_output@@YAPEAUansi_string@?1??type_case_Z@?$output_processor@_WV?$string_output_adapter@_W@__crt_stdio_output@@V?$format_validation_base@_WV?$string_output_adapter@_W@__crt_stdio_output@@@2@@0@AEAA_NXZ@AEAPEAD@Z 0000000140015390 f i libucrtd:output.obj
 0001:00014390       ??$read_va_arg@PEAUansi_string@?1??type_case_Z@?$output_processor@DV?$string_output_adapter@D@__crt_stdio_output@@V?$format_validation_base@DV?$string_output_adapter@D@__crt_stdio_output@@@2@@__crt_stdio_output@@AEAA_NXZ@@__crt_stdio_output@@YAPEAUansi_string@?1??type_case_Z@?$output_processor@DV?$string_output_adapter@D@__crt_stdio_output@@V?$format_validation_base@DV?$string_output_adapter@D@__crt_stdio_output@@@2@@0@AEAA_NXZ@AEAPEAD@Z 0000000140015390 f i libucrtd:output.obj
 0001:00014390       ??$read_va_arg@U_CRT_DOUBLE@@@__crt_stdio_output@@YA?AU_CRT_DOUBLE@@AEAPEAD@Z 0000000140015390 f i libucrtd:output.obj
 0001:00014390       ??$read_va_arg@PEAUansi_string@?1??type_case_Z@?$output_processor@_WV?$string_output_adapter@_W@__crt_stdio_output@@V?$standard_base@_WV?$string_output_adapter@_W@__crt_stdio_output@@@2@@__crt_stdio_output@@AEAA_NXZ@@__crt_stdio_output@@YAPEAUansi_string@?1??type_case_Z@?$output_processor@_WV?$string_output_adapter@_W@__crt_stdio_output@@V?$standard_base@_WV?$string_output_adapter@_W@__crt_stdio_output@@@2@@0@AEAA_NXZ@AEAPEAD@Z 0000000140015390 f i libucrtd:output.obj
 0001:00014390       ??$read_va_arg@PEAX@__crt_stdio_output@@YAPEAXAEAPEAD@Z 0000000140015390 f i libucrtd:output.obj
 0001:00014390       ??$read_va_arg@PEAD@__crt_stdio_output@@YAPEADAEAPEAD@Z 0000000140015390 f i libucrtd:output.obj
 0001:00014390       ??$read_va_arg@_J@__crt_stdio_output@@YA_JAEAPEAD@Z 0000000140015390 f i libucrtd:output.obj
 0001:00014400       ??$scratch_count@D@formatting_buffer@__crt_stdio_output@@QEBA_KXZ 0000000140015400 f i libucrtd:output.obj
 0001:00014420       ??$scratch_data@D@formatting_buffer@__crt_stdio_output@@QEAAPEADXZ 0000000140015420 f i libucrtd:output.obj
 0001:00014490       ??$tcstol@PEBDPEAPEADH@?$__crt_char_traits@D@@SAJ$$QEAPEBD$$QEAPEAPEAD$$QEAH@Z 0000000140015490 f i libucrtd:output.obj
 0001:000144d0       ??$tcstol@PEB_WPEAPEA_WH@?$__crt_char_traits@_W@@SAJ$$QEAPEB_W$$QEAPEAPEA_W$$QEAH@Z 00000001400154d0 f i libucrtd:output.obj
 0001:00014510       ??$type_case_integer_parse_into_buffer@I@?$output_processor@DV?$string_output_adapter@D@__crt_stdio_output@@V?$format_validation_base@DV?$string_output_adapter@D@__crt_stdio_output@@@2@@__crt_stdio_output@@AEAAXII_N@Z 0000000140015510 f i libucrtd:output.obj
 0001:00014640       ??$type_case_integer_parse_into_buffer@I@?$output_processor@_WV?$string_output_adapter@_W@__crt_stdio_output@@V?$standard_base@_WV?$string_output_adapter@_W@__crt_stdio_output@@@2@@__crt_stdio_output@@AEAAXII_N@Z 0000000140015640 f i libucrtd:output.obj
 0001:00014640       ??$type_case_integer_parse_into_buffer@I@?$output_processor@_WV?$string_output_adapter@_W@__crt_stdio_output@@V?$format_validation_base@_WV?$string_output_adapter@_W@__crt_stdio_output@@@2@@__crt_stdio_output@@AEAAXII_N@Z 0000000140015640 f i libucrtd:output.obj
 0001:00014640       ??$type_case_integer_parse_into_buffer@I@?$output_processor@_WV?$stream_output_adapter@_W@__crt_stdio_output@@V?$standard_base@_WV?$stream_output_adapter@_W@__crt_stdio_output@@@2@@__crt_stdio_output@@AEAAXII_N@Z 0000000140015640 f i libucrtd:output.obj
 0001:00014780       ??$type_case_integer_parse_into_buffer@_K@?$output_processor@DV?$string_output_adapter@D@__crt_stdio_output@@V?$format_validation_base@DV?$string_output_adapter@D@__crt_stdio_output@@@2@@__crt_stdio_output@@AEAAX_KI_N@Z 0000000140015780 f i libucrtd:output.obj
 0001:000148d0       ??$type_case_integer_parse_into_buffer@_K@?$output_processor@_WV?$stream_output_adapter@_W@__crt_stdio_output@@V?$standard_base@_WV?$stream_output_adapter@_W@__crt_stdio_output@@@2@@__crt_stdio_output@@AEAAX_KI_N@Z 00000001400158d0 f i libucrtd:output.obj
 0001:000148d0       ??$type_case_integer_parse_into_buffer@_K@?$output_processor@_WV?$string_output_adapter@_W@__crt_stdio_output@@V?$standard_base@_WV?$string_output_adapter@_W@__crt_stdio_output@@@2@@__crt_stdio_output@@AEAAX_KI_N@Z 00000001400158d0 f i libucrtd:output.obj
 0001:000148d0       ??$type_case_integer_parse_into_buffer@_K@?$output_processor@_WV?$string_output_adapter@_W@__crt_stdio_output@@V?$format_validation_base@_WV?$string_output_adapter@_W@__crt_stdio_output@@@2@@__crt_stdio_output@@AEAAX_KI_N@Z 00000001400158d0 f i libucrtd:output.obj
 0001:00014a30       ??$write_multiple_characters@V?$stream_output_adapter@_W@__crt_stdio_output@@D@__crt_stdio_output@@YAXAEBV?$stream_output_adapter@_W@0@DHQEAH@Z 0000000140015a30 f i libucrtd:output.obj
 0001:00014a90       ??$write_multiple_characters@V?$string_output_adapter@D@__crt_stdio_output@@D@__crt_stdio_output@@YAXAEBV?$string_output_adapter@D@0@DHQEAH@Z 0000000140015a90 f i libucrtd:output.obj
 0001:00014af0       ??$write_multiple_characters@V?$string_output_adapter@_W@__crt_stdio_output@@D@__crt_stdio_output@@YAXAEBV?$string_output_adapter@_W@0@DHQEAH@Z 0000000140015af0 f i libucrtd:output.obj
 0001:00014bd0       ??0?$common_data@D@__crt_stdio_output@@IEAA@XZ 0000000140015bd0 f i libucrtd:output.obj
 0001:00014ca0       ??0?$common_data@_W@__crt_stdio_output@@IEAA@XZ 0000000140015ca0 f i libucrtd:output.obj
 0001:00014d70       ??0?$output_adapter_data@DV?$string_output_adapter@D@__crt_stdio_output@@@__crt_stdio_output@@IEAA@AEBV?$string_output_adapter@D@1@_KQEBDQEAU__crt_locale_pointers@@QEAD@Z 0000000140015d70 f i libucrtd:output.obj
 0001:00014df0       ??0?$output_adapter_data@_WV?$stream_output_adapter@_W@__crt_stdio_output@@@__crt_stdio_output@@IEAA@AEBV?$stream_output_adapter@_W@1@_KQEB_WQEAU__crt_locale_pointers@@QEAD@Z 0000000140015df0 f i libucrtd:output.obj
 0001:00014df0       ??0?$output_adapter_data@_WV?$string_output_adapter@_W@__crt_stdio_output@@@__crt_stdio_output@@IEAA@AEBV?$string_output_adapter@_W@1@_KQEB_WQEAU__crt_locale_pointers@@QEAD@Z 0000000140015df0 f i libucrtd:output.obj
 0001:00014e70       ??0?$output_processor@DV?$string_output_adapter@D@__crt_stdio_output@@V?$format_validation_base@DV?$string_output_adapter@D@__crt_stdio_output@@@2@@__crt_stdio_output@@QEAA@AEBV?$string_output_adapter@D@1@_KQEBDQEAU__crt_locale_pointers@@QEAD@Z 0000000140015e70 f i libucrtd:output.obj
 0001:00014ec0       ??0?$output_processor@_WV?$stream_output_adapter@_W@__crt_stdio_output@@V?$standard_base@_WV?$stream_output_adapter@_W@__crt_stdio_output@@@2@@__crt_stdio_output@@QEAA@AEBV?$stream_output_adapter@_W@1@_KQEB_WQEAU__crt_locale_pointers@@QEAD@Z 0000000140015ec0 f i libucrtd:output.obj
 0001:00014ec0       ??0?$output_processor@_WV?$string_output_adapter@_W@__crt_stdio_output@@V?$standard_base@_WV?$string_output_adapter@_W@__crt_stdio_output@@@2@@__crt_stdio_output@@QEAA@AEBV?$string_output_adapter@_W@1@_KQEB_WQEAU__crt_locale_pointers@@QEAD@Z 0000000140015ec0 f i libucrtd:output.obj
 0001:00014f10       ??0?$output_processor@_WV?$string_output_adapter@_W@__crt_stdio_output@@V?$format_validation_base@_WV?$string_output_adapter@_W@__crt_stdio_output@@@2@@__crt_stdio_output@@QEAA@AEBV?$string_output_adapter@_W@1@_KQEB_WQEAU__crt_locale_pointers@@QEAD@Z 0000000140015f10 f i libucrtd:output.obj
 0001:00014f60       ??0?$stream_output_adapter@_W@__crt_stdio_output@@QEAA@QEAU_iobuf@@@Z 0000000140015f60 f i libucrtd:output.obj
 0001:00014f90       ??0__acrt_stdio_temporary_buffering_guard@@QEAA@QEAU_iobuf@@@Z 0000000140015f90 f i libucrtd:output.obj
 0001:00014fd0       ??0__crt_deferred_errno_cache@@QEAA@XZ 0000000140015fd0 f i libucrtd:output.obj
 0001:00014ff0       ??0__crt_errno_guard@@QEAA@QEAH@Z 0000000140015ff0 f i libucrtd:output.obj
 0001:00015030       ??0formatting_buffer@__crt_stdio_output@@QEAA@XZ 0000000140016030 f i libucrtd:output.obj
 0001:00015070       ??1?$common_data@_W@__crt_stdio_output@@QEAA@XZ 0000000140016070 f i libucrtd:output.obj
[...]
 0002:00015d64       $unwind$?setmbcp_internal@@YAHH_NQEAU__acrt_ptd@@QEAPEAU__crt_multibyte_data@@@Z 0000000140058d64     libucrtd:mbctype.obj
 0002:00015d70       $unwind$?setSBUpLow@@YAXPEAU__crt_multibyte_data@@@Z 0000000140058d70     libucrtd:mbctype.obj
 0002:00015d80       $unwind$??$?RV<lambda_efa02eb69bf647d2f7ff0dd6f1103f72>@@AEAV<lambda_bd5a608237428601b7e45fbdc72b1ae8>@@V<lambda_728235dc0fc2b1f82d1fa5b3e7102d8f>@@@?$__crt_seh_guarded_call@X@@QEAAX$$QEAV<lambda_efa02eb69bf647d2f7ff0dd6f1103f72>@@AEAV<lambda_bd5a608237428601b7e45fbdc72b1ae8>@@$$QEAV<lambda_728235dc0fc2b1f82d1fa5b3e7102d8f>@@@Z 0000000140058d80     libucrtd:mbctype.obj
 0002:00015da0       $unwind$?x_ismbbtype_l@@YAHPEAU__crt_locale_pointers@@IHH@Z 0000000140058da0     libucrtd:ismbbyte.obj
 0002:00015db0       $unwind$__acrt_MultiByteToWideChar 0000000140058db0     libucrtd:multibytetowidechar.obj
 0002:00015db8       $unwind$__acrt_WideCharToMultiByte 0000000140058db8     libucrtd:widechartomultibyte.obj
 0002:00015dc0       $unwind$__dcrt_get_narrow_environment_from_os 0000000140058dc0     libucrtd:get_environment_from_os.obj
 0002:00015dd8       $unwind$__acrt_lowio_create_handle_array 0000000140058dd8     libucrtd:osfinfo.obj
 0002:00015de0       $unwind$__acrt_lowio_ensure_fh_exists 0000000140058de0     libucrtd:osfinfo.obj
 0002:00015e00       $unwind$__acrt_initialize_lowio 0000000140058e00     libucrtd:ioinit.obj
 0002:00015e20       $unwind$?initialize_inherited_file_handles_nolock@@YAXXZ 0000000140058e20     libucrtd:ioinit.obj
 0002:00015e28       $unwind$_isctype_l         0000000140058e28     libucrtd:isctype.obj
 0002:00015e3c       $unwind$_chvalidator_l     0000000140058e3c     libucrtd:isctype.obj
 0002:00015e44       $unwind$__acrt_GetStringTypeA 0000000140058e44     libucrtd:getstringtypea.obj
 0002:00015e4c       $unwind$__acrt_update_thread_locale_data 0000000140058e4c     libucrtd:locale_refcounting.obj
 0002:00015e6c       $unwind$__acrt_InitializeCriticalSectionEx 0000000140058e6c     libucrtd:winapi_thunks.obj
 0002:00015e74       $unwind$__acrt_is_interactive 0000000140058e74     libucrtd:winapi_thunks.obj
 0002:00015e84       $unwind$_query_new_handler 0000000140058e84     libucrtd:new_handler.obj
 0002:00015ea4       $unwind$_expand_base       0000000140058ea4     libucrtd:expand.obj
 0002:00015eac       $unwind$?fp_format_g@@YAHQEBNQEAD_K12H_NIW4__acrt_rounding_mode@@QEAU__crt_locale_pointers@@@Z 0000000140058eac     libucrtd:cvt.obj
 0002:00015eac       $unwind$_mbtowc_l          0000000140058eac     libucrtd:mbtowc.obj
 0002:00015eb8       $unwind$wctomb_s           0000000140058eb8     libucrtd:wctomb.obj
 0002:00015ec0       $unwind$_wctomb_s_l        0000000140058ec0     libucrtd:wctomb.obj
 0002:00015ecc       $unwind$?fp_format_nan_or_infinity@@YAHW4__acrt_fp_class@@_NPEAD_K1@Z 0000000140058ecc     libucrtd:cvt.obj
 0002:00015ed4       $unwind$?fe_to_nearest@@YA_NQEBN_KF@Z 0000000140058ed4     libucrtd:cvt.obj
 0002:00015edc       $unwind$?should_round_up@@YA_NQEBN_KFW4__acrt_rounding_mode@@@Z 0000000140058edc     libucrtd:cvt.obj
 0002:00015ee4       $unwind$?fp_format_a@@YAHQEBNPEAD_KQEAD2H_NIQEAU__crt_locale_pointers@@W4__acrt_rounding_mode@@@Z 0000000140058ee4     libucrtd:cvt.obj
 0002:00015ef4       $stateUnwindMap$?fp_format_a@@YAHQEBNPEAD_KQEAD2H_NIQEAU__crt_locale_pointers@@W4__acrt_rounding_mode@@@Z 0000000140058ef4     libucrtd:cvt.obj
 0002:00015f00       $ip2state$?fp_format_a@@YAHQEBNPEAD_KQEAD2H_NIQEAU__crt_locale_pointers@@W4__acrt_rounding_mode@@@Z 0000000140058f00     libucrtd:cvt.obj
 0002:00015f48       $unwind$?fp_format_f@@YAHQEBNQEAD_K12HQEAU__crt_locale_pointers@@W4__acrt_rounding_mode@@@Z 0000000140058f48     libucrtd:cvt.obj
 0002:00015f50       $unwind$_fputwc_nolock     0000000140058f50     libucrtd:fputwc.obj
 0002:00015f60       $unwind$_VCrtDbgReportA    0000000140058f60     libucrtd:dbgrptt.obj
 0002:00015f98       $unwind$_VCrtDbgReportW    0000000140058f98     libucrtd:dbgrptt.obj
 0002:00015fd0       $unwind$__acrt_OutputDebugStringA 0000000140058fd0     libucrtd:outputdebugstringa.obj
 0002:00015fe4       $unwind$_fcloseall         0000000140058fe4     libucrtd:closeall.obj
 0002:00016004       $unwind$??$?RV<lambda_4e3dbe6921bc0b5a1a6bc6573fdc859e>@@AEAV<lambda_5533cddd4bda0037814beee657757329>@@V<lambda_47cffbaa968af5c721c38a4a6f8da44d>@@@?$__crt_seh_guarded_call@H@@QEAAH$$QEAV<lambda_4e3dbe6921bc0b5a1a6bc6573fdc859e>@@AEAV<lambda_5533cddd4bda0037814beee657757329>@@$$QEAV<lambda_47cffbaa968af5c721c38a4a6f8da44d>@@@Z 0000000140059004     libucrtd:commit.obj
 0002:00016024       $unwind$_write             0000000140059024     libucrtd:write.obj
 0002:00016044       $unwind$_write_nolock      0000000140059044     libucrtd:write.obj
 0002:00016058       $unwind$?write_double_translated_ansi_nolock@@YA?AUwrite_result@?A0x17268360@@HQEBDI@Z 0000000140059058     libucrtd:write.obj
 0002:0001606c       $unwind$?write_double_translated_unicode_nolock@@YA?AUwrite_result@?A0x17268360@@QEBDI@Z 000000014005906c     libucrtd:write.obj
 0002:00016080       $unwind$?write_text_ansi_nolock@@YA?AUwrite_result@?A0x17268360@@HQEBDI@Z 0000000140059080     libucrtd:write.obj
 0002:00016080       $unwind$?write_text_utf16le_nolock@@YA?AUwrite_result@?A0x17268360@@HQEBDI@Z 0000000140059080     libucrtd:write.obj
 0002:00016094       $unwind$?write_text_utf8_nolock@@YA?AUwrite_result@?A0x17268360@@HQEBDI@Z 0000000140059094     libucrtd:write.obj
 0002:000160a8       $unwind$?write_binary_nolock@@YA?AUwrite_result@?A0x17268360@@HQEBDI@Z 00000001400590a8     libucrtd:write.obj
 0002:000160bc       $unwind$_handle_error      00000001400590bc     libucrtd:libm_error.obj
 0002:000160bc       $unwind$_handle_errorf     00000001400590bc     libucrtd:libm_error.obj
 0002:000160cc       $unwind$qsort              00000001400590cc     libucrtd:qsort.obj
 0002:000160dc       $unwind$?shortsort@@YAXPEAD0_KP6AHPEBX2@Z@Z 00000001400590dc     libucrtd:qsort.obj
 0002:000160ec       $stateUnwindMap$?shortsort@@YAXPEAD0_KP6AHPEBX2@Z@Z 00000001400590ec     libucrtd:qsort.obj
 0002:000160f8       $ip2state$?shortsort@@YAXPEAD0_KP6AHPEBX2@Z@Z 00000001400590f8     libucrtd:qsort.obj
 0002:00016110       $unwind$strpbrk            0000000140059110     libucrtd:strpbrk.obj
 0002:00016118       $unwind$fallbackMethod     0000000140059118     libucrtd:strpbrk.obj
 0002:00016128       $unwind$_mbsdec_l          0000000140059128     libucrtd:mbsdec.obj
 0002:00016134       $unwind$_mbstowcs_s_l      0000000140059134     libucrtd:mbstowcs.obj
 0002:00016134       $unwind$?__acrt_LCMapStringA_stat@@YAHPEAU__crt_locale_pointers@@PEB_WKPEBDHPEADHHH@Z 0000000140059134     libucrtd:lcmapstringa.obj
 0002:0001613c       $unwind$_isleadbyte_l      000000014005913c     libucrtd:_wctype.obj
 0002:0001613c       $unwind$??$common_flush_and_write_nolock@D@@YAHHV__crt_stdio_stream@@@Z 000000014005913c     libucrtd:_flsbuf.obj
 0002:0001613c       $unwind$??$common_flush_and_write_nolock@_W@@YAHHV__crt_stdio_stream@@@Z 000000014005913c     libucrtd:_flsbuf.obj
 0002:00016144       $unwind$?__mbsrtowcs_utf8@__crt_mbstring@@YA_KPEA_WPEAPEBD_KPEAU_Mbstatet@@@Z 0000000140059144     libucrtd:mbrtowc.obj
 0002:0001614c       $unwind$?__c32rtomb_utf8@__crt_mbstring@@YA_KPEAD_UPEAU_Mbstatet@@@Z 000000014005914c     libucrtd:c32rtomb.obj
 0002:00016154       $unwind$?reset_and_return@__crt_mbstring@@YA_K_KPEAU_Mbstatet@@@Z 0000000140059154     libucrtd:c32rtomb.obj
 0002:0001615c       $unwind$__acrt_fltout      000000014005915c     libucrtd:cfout.obj
 0002:00016164       $unwind$?make_big_integer@__crt_strtox@@YA?AUbig_integer@1@_K@Z 0000000140059164     libucrtd:cfout.obj
 0002:00016174       $unwind$?make_big_integer_power_of_two@__crt_strtox@@YA?AUbig_integer@1@I@Z 0000000140059174     libucrtd:cfout.obj
 0002:00016184       $unwind$?shift_left@__crt_strtox@@YA_NAEAUbig_integer@1@I@Z 0000000140059184     libucrtd:cfout.obj
 0002:00016194       $unwind$?add_multiply_carry@__crt_strtox@@YAIAEAIIII@Z 0000000140059194     libucrtd:cfout.obj
 0002:0001619c       $unwind$?multiply@__crt_strtox@@YA_NAEAUbig_integer@1@I@Z 000000014005919c     libucrtd:cfout.obj
 0002:000161ac       $unwind$?multiply@__crt_strtox@@YA_NAEAUbig_integer@1@AEBU21@@Z 00000001400591ac     libucrtd:cfout.obj
 0002:000161bc       $unwind$?multiply_by_power_of_ten@__crt_strtox@@YA_NAEAUbig_integer@1@I@Z 00000001400591bc     libucrtd:cfout.obj
 0002:000161cc       $unwind$?divide@__crt_strtox@@YA_KAEAUbig_integer@1@AEBU21@@Z 00000001400591cc     libucrtd:cfout.obj
 0002:000161dc       $unwind$??$convert_to_fos_high_precision@N@@YA?AW4__acrt_has_trailing_digits@@NIQEAHQEAD_K@Z 00000001400591dc     libucrtd:cfout.obj
 0002:000161ec       $unwind$?stream_is_at_end_of_file_nolock@@YA_NV__crt_stdio_stream@@@Z 00000001400591ec     libucrtd:_flsbuf.obj
 0002:000161f4       $unwind$??$write_buffer_nolock@D@@YA_NDV__crt_stdio_stream@@@Z 00000001400591f4     libucrtd:_flsbuf.obj
 0002:000161fc       $unwind$??$write_buffer_nolock@_W@@YA_N_WV__crt_stdio_stream@@@Z 00000001400591fc     libucrtd:_flsbuf.obj
 0002:00016204       $unwind$?_mbstowcs_l_helper@@YA_KPEA_WPEBD_KPEAU__crt_locale_pointers@@@Z 0000000140059204     libucrtd:mbstowcs.obj
 0002:00016210       $unwind$?_wcstombs_l_helper@@YA_KPEADPEB_W_KPEAU__crt_locale_pointers@@@Z 0000000140059210     libucrtd:wcstombs.obj
 0002:00016228       $stateUnwindMap$?_wcstombs_l_helper@@YA_KPEADPEB_W_KPEAU__crt_locale_pointers@@@Z 0000000140059228     libucrtd:wcstombs.obj
 0002:00016230       $ip2state$?_wcstombs_l_helper@@YA_KPEADPEB_W_KPEAU__crt_locale_pointers@@@Z 0000000140059230     libucrtd:wcstombs.obj
 0002:00016348       $unwind$fclose             0000000140059348     libucrtd:fclose.obj
 0002:00016368       $unwind$??$common_lseek@_J@@YA_JH_JH@Z 0000000140059368     libucrtd:lseek.obj
 0002:00016388       $unwind$_ctrlfp            0000000140059388     libucrtd:fpctrl.obj
 0002:000163a8       $unwind$?__mbrtoc32_utf8@__crt_mbstring@@YA_KPEA_UPEBD_KPEAU_Mbstatet@@@Z 00000001400593a8     libucrtd:mbrtoc32.obj
 0002:000163b8       $xdatasym                  00000001400593b8     libucrtd:log10.obj
 0002:000163c4       $unwind$ceil               00000001400593c4     libucrtd:ceil.obj
 0002:000163cc       $unwind$?__wcsrtombs_utf8@__crt_mbstring@@YA_KPEADPEAPEB_W_KPEAU_Mbstatet@@@Z 00000001400593cc     libucrtd:wcrtomb.obj
 0002:000163dc       $unwind$??$?RV<lambda_53fc7fc888e23d815d7080162c0aeeb2>@@AEAV<lambda_4e7105787b7b0e0227fbf2b2d883fa65>@@V<lambda_8ddc48ad9d26c778cb15812d1d88fc8a>@@@?$__crt_seh_guarded_call@H@@QEAAH$$QEAV<lambda_53fc7fc888e23d815d7080162c0aeeb2>@@AEAV<lambda_4e7105787b7b0e0227fbf2b2d883fa65>@@$$QEAV<lambda_8ddc48ad9d26c778cb15812d1d88fc8a>@@@Z 00000001400593dc     libucrtd:close.obj
 0002:000163fc       $unwind$__dcrt_lowio_ensure_console_output_initialized 00000001400593fc     libucrtd:initcon.obj
 0002:00016404       $unwind$__dcrt_write_console 0000000140059404     libucrtd:initcon.obj
 0002:00016418       $xdatasym                  0000000140059418     libucrtd:fpsr.obj
 0002:00016420       $unwind$_log_special_common 0000000140059420     libucrtd:log_special.obj
 0002:00016430       $unwind$_log10_special     0000000140059430     libucrtd:log_special.obj
 0002:00016438       $unwind$common_control87   0000000140059438     libucrtd:ieee.obj
 0002:00016458       $unwind$?__c16rtomb_utf8@__crt_mbstring@@YA_KPEAD_SPEAU_Mbstatet@@@Z 0000000140059458     libucrtd:c16rtomb.obj
 0002:00016460       $unwind$_IsNonwritableInCurrentImage 0000000140059460     LIBCMTD:pesect.obj
 0002:00016480       $xdatasym                  0000000140059480     LIBCMTD:chkstk.obj
 0002:00016488       $xdatasym                  0000000140059488     libvcruntimed:memcmp.obj
 0002:0001648c       $unwind$strrchr            000000014005948c     libvcruntimed:strrchr.obj
 0002:00016948       .idata$6                   0000000140059948     user32:USER32.dll
 0002:00016968       .idata$6                   0000000140059968     d3d11:d3d11.dll
 0002:00016988       .idata$6                   0000000140059988     d3dcompiler:D3DCOMPILER_47.dll
 0002:00016b64       .idata$6                   0000000140059b64     kernel32:KERNEL32.dll
 0003:00000000       ?global_ShaderFileFullPath@@3PEB_WEB 000000014005a000     win32.obj
 0003:00000050       ?__vcrt_flsindex@@3KA      000000014005a050     libvcruntimed:per_thread_data.obj
 0003:00000060       ?__acrt_current_request_number@@3JA 000000014005a060     libucrtd:debug_heap.obj
 0003:00000080       ?errno_no_memory@@3HA      000000014005a080     libucrtd:errno.obj
 0003:00000084       ?doserrno_no_memory@@3KA   000000014005a084     libucrtd:errno.obj
 0003:000001a0       ?__acrt_flsindex@@3KA      000000014005a1a0     libucrtd:per_thread_data.obj
 0003:000003e0       _mbctypes                  000000014005a3e0     libucrtd:mbctype.obj
 0003:000004f0       _mbcasemaps                000000014005a4f0     libucrtd:mbctype.obj
 0003:000005f0       ?__rgctypeflag@@3PADA      000000014005a5f0     libucrtd:mbctype.obj
 0003:00000600       ?__rgcode_page_info@@3PAUcode_page_info@@A 000000014005a600     libucrtd:mbctype.obj
 0003:00000970       ?__acrt_debug_fill_threshold@@3_KA 000000014005a970     libucrtd:debug_fill_threshold.obj
 0003:00000ab0       ?dazSupported@?1??_ctrlfp@@9@9 000000014005aab0     libucrtd:fpctrl.obj
 0003:00000ac0       ?__dcrt_lowio_console_output_handle@@3PEAXEA 000000014005aac0     libucrtd:initcon.obj
 0003:00000ad0       ?dazSupported@?1??common_control87@@9@9 000000014005aad0     libucrtd:ieee.obj
 0003:00000b50       ?global_WindowDidResize@@3_NA 000000014005ab50     win32.obj
 0003:00000b60       GS_ExceptionRecord         000000014005ab60     LIBCMTD:gs_report.obj
 0003:00000c00       GS_ContextRecord           000000014005ac00     LIBCMTD:gs_report.obj
 0003:000010e0       ?is_initialized_as_dll@@3_NA 000000014005b0e0     LIBCMTD:utility.obj
 0003:000010e1       ?module_local_atexit_table_initialized@@3_NA 000000014005b0e1     LIBCMTD:utility.obj
 0003:000010e8       ?module_local_atexit_table@@3U_onexit_table_t@@A 000000014005b0e8     LIBCMTD:utility.obj
 0003:00001100       ?module_local_at_quick_exit_table@@3U_onexit_table_t@@A 000000014005b100     LIBCMTD:utility.obj
 0003:00001160       ?__vcrt_startup_thread_ptd@@3U__vcrt_ptd@@A 000000014005b160     libvcruntimed:per_thread_data.obj
 0003:000011e0       __vcrt_lock_table          000000014005b1e0     libvcruntimed:locks.obj
 0003:00001208       __vcrt_locks_initialized   000000014005b208     libvcruntimed:locks.obj
 0003:00001250       ?heap@@3V_HeapManager@@A   000000014005b250     libvcruntimed:undname.obj
 0003:00001278       ?module_handles@@3PAPEAUHINSTANCE__@@A 000000014005b278     libvcruntimed:winapi_downlevel.obj
 0003:00001290       ?function_pointers@@3PAPEAXA 000000014005b290     libvcruntimed:winapi_downlevel.obj
 0003:000012c0       ?__acrt_app_type@@3W4_crt_app_type@@A 000000014005b2c0     libucrtd:report_runtime_error.obj
 0003:000012d0       ?outmsg@?9??__acrt_report_runtime_error@@9@4PA_WA 000000014005b2d0     libucrtd:report_runtime_error.obj
 0003:000018f8       ?user_matherr@@3V?$dual_state_global@P6AHPEAU_exception@@@Z@__crt_state_management@@A 000000014005b8f8     libucrtd:matherr.obj
 0003:00001900       ?program_name@?1???$common_configure_argv@D@@YAHW4_crt_argv_mode@@@Z@4PADA 000000014005b900     libucrtd:argv_parsing.obj
 0003:00001a28       ?empty_string@?1???$common_wincmdln@E@@YAPEAEXZ@4PAEA 000000014005ba28     libucrtd:argv_winmain.obj
 0003:00001a2c       ?c_termination_complete@@3JA 000000014005ba2c     libucrtd:exit.obj
 0003:00001a30       ?thread_local_exit_callback_func@@3P6AXPEAXK0@ZEA 000000014005ba30     libucrtd:exit.obj
 0003:00001a40       ?__acrt_global_new_mode@@3V?$dual_state_global@J@__crt_state_management@@A 000000014005ba40     libucrtd:new_mode.obj
 0003:00001a78       ?__acrt_first_block@@3PEAU_CrtMemBlockHeader@@EA 000000014005ba78     libucrtd:debug_heap.obj
 0003:00001a80       ?__acrt_last_block@@3PEAU_CrtMemBlockHeader@@EA 000000014005ba80     libucrtd:debug_heap.obj
 0003:00001a88       ?__acrt_total_allocations@@3_KA 000000014005ba88     libucrtd:debug_heap.obj
 0003:00001a90       ?__acrt_current_allocations@@3_KA 000000014005ba90     libucrtd:debug_heap.obj
 0003:00001a98       ?__acrt_max_allocations@@3_KA 000000014005ba98     libucrtd:debug_heap.obj
 0003:00001aa0       ?__acrt_check_frequency@@3IA 000000014005baa0     libucrtd:debug_heap.obj
 0003:00001aa4       ?__acrt_check_counter@@3IA 000000014005baa4     libucrtd:debug_heap.obj
 0003:00001ab0       ?heap_validation_pending@@3_NA 000000014005bab0     libucrtd:debug_heap.obj
 0003:00001ab8       ?__acrt_invalid_parameter_handler@@3V?$dual_state_global@P6AXPEB_W00I_K@Z@__crt_state_management@@A 000000014005bab8     libucrtd:invalid_parameter.obj
 0003:00001ac0       __acrt_error_mode          000000014005bac0     libucrtd:set_error_mode.obj
 0003:00001ae0       ?ctrlc_action@@3V?$dual_state_global@P6AXH@Z@__crt_state_management@@A 000000014005bae0     libucrtd:signal.obj
 0003:00001ae8       ?ctrlbreak_action@@3V?$dual_state_global@P6AXH@Z@__crt_state_management@@A 000000014005bae8     libucrtd:signal.obj
 0003:00001af0       ?abort_action@@3V?$dual_state_global@P6AXH@Z@__crt_state_management@@A 000000014005baf0     libucrtd:signal.obj
 0003:00001af8       ?term_action@@3V?$dual_state_global@P6AXH@Z@__crt_state_management@@A 000000014005baf8     libucrtd:signal.obj
 0003:00001b20       ?fSystemSet@@3HA           000000014005bb20     libucrtd:mbctype.obj
 0003:00001b24       ?initialized@?1??__acrt_initialize_multibyte@@9@4_NA 000000014005bb24     libucrtd:mbctype.obj
 0003:00001b60       ?__acrt_lock_table@@3PAU_RTL_CRITICAL_SECTION@@A 000000014005bb60     libucrtd:locks.obj
 0003:00001d90       ?__acrt_locks_initialized@@3IA 000000014005bd90     libucrtd:locks.obj
 0003:00001d94       ?state_cache@?1???$get_cached_win_policy@Udeveloper_information_policy_properties@?1??__acrt_get_developer_information_policy@@YA?AW4developer_information_policy@@XZ@@@YA?AW4developer_information_policy@@W4AppPolicyShowDeveloperDiagnostic@@@Z@4JA 000000014005bd94     libucrtd:win_policies.obj
 0003:00001d98       ?state_cache@?1???$get_cached_win_policy@Uwindowing_model_policy_properties@?1??__acrt_get_windowing_model_policy@@YA?AW4windowing_model_policy@@XZ@@@YA?AW4windowing_model_policy@@W4AppPolicyWindowingModel@@@Z@4JA 000000014005bd98     libucrtd:win_policies.obj
 0003:000021b0       ?module_handles@@3PAPEAUHINSTANCE__@@A 000000014005c1b0     libucrtd:winapi_thunks.obj
 0003:00002250       ?encoded_function_pointers@@3PAPEAXA 000000014005c250     libucrtd:winapi_thunks.obj
 0003:00002370       ?__acrt_new_handler@@3V?$dual_state_global@P6AH_K@Z@__crt_state_management@@A 000000014005c370     libucrtd:new_handler.obj
 0003:00002388       ?internal_state@?1??_mbtowc_l@@9@4U_Mbstatet@@A 000000014005c388     libucrtd:mbtowc.obj
 0003:00002390       ?enable_percent_n@@3_KA    000000014005c390     libucrtd:printf_count_output.obj
 0003:000023b0       ?internal_pst@?1??__mbrtoc32_utf8@__crt_mbstring@@YA_KPEA_UPEBD_KPEAU_Mbstatet@@@Z@4U3@A 000000014005c3b0     libucrtd:mbrtoc32.obj
 0003:000023b8       ?internal_pst@?1??__c16rtomb_utf8@__crt_mbstring@@YA_KPEAD_SPEAU_Mbstatet@@@Z@4U3@A 000000014005c3b8     libucrtd:c16rtomb.obj
 0005:00000000       MoveSmall                  0000000140061000     libvcruntimed:memcpy.obj
 0005:00000040       MoveSmallYmm               0000000140061040     libvcruntimed:memcpy.obj
 0005:00000064       MoveSmallYmmNT             0000000140061064     libvcruntimed:memcpy.obj
 0005:00000088       MoveSmallXmm               0000000140061088     libvcruntimed:memcpy.obj
 0005:000000b0       MsetTab                    00000001400610b0     libvcruntimed:memset.obj
