 win32

 Timestamp is 609d360b (Thu May 13 10:22:03 2021)

 Preferred load address is 0000000140000000

 Start         Length     Name                   Class
 0001:00000000 00069d40H .text$mn                CODE
 0001:00069d40 00000040H .text$mn$00             CODE
 0001:00069d80 000007edH .text$x                 CODE
 0002:00000000 00000300H .idata$5                DATA
 0002:00000300 00000028H .00cfg                  DATA
 0002:00000328 00000008H .CRT$XCA                DATA
 0002:00000330 00000008H .CRT$XCAA               DATA
 0002:00000338 00000008H .CRT$XCZ                DATA
 0002:00000340 00000008H .CRT$XIA                DATA
 0002:00000348 00000008H .CRT$XIAA               DATA
 0002:00000350 00000008H .CRT$XIAC               DATA
 0002:00000358 00000020H .CRT$XIC                DATA
 0002:00000378 00000008H .CRT$XIZ                DATA
 0002:00000380 00000008H .CRT$XPA                DATA
 0002:00000388 00000010H .CRT$XPX                DATA
 0002:00000398 00000008H .CRT$XPXA               DATA
 0002:000003a0 00000008H .CRT$XPZ                DATA
 0002:000003a8 00000008H .CRT$XTA                DATA
 0002:000003b0 00000010H .CRT$XTZ                DATA
 0002:000003b8 00000000H .gehcont$y              DATA
 0002:000003b8 00000000H .gfids$y                DATA
 0002:000003c0 0001a5c0H .rdata                  DATA
 0002:0001a980 00000000H .rdata$CastGuardVftablesA DATA
 0002:0001a980 00000000H .rdata$CastGuardVftablesC DATA
 0002:0001a980 0000016cH .rdata$r                DATA
 0002:0001aaec 0000033cH .rdata$zzzdbg           DATA
 0002:0001ae28 00000008H .rtc$IAA                DATA
 0002:0001ae30 00000008H .rtc$IZZ                DATA
 0002:0001ae38 00000008H .rtc$TAA                DATA
 0002:0001ae40 00000010H .rtc$TZZ                DATA
 0002:0001ae50 00001c08H .xdata                  DATA
 0002:0001ca58 00000084H .xdata$x                DATA
 0002:0001cadc 00000000H .edata                  DATA
 0002:0001cadc 00000050H .idata$2                DATA
 0002:0001cb2c 00000014H .idata$3                DATA
 0002:0001cb40 00000300H .idata$4                DATA
 0002:0001ce40 000006e4H .idata$6                DATA
 0003:00000000 00000b50H .data                   DATA
 0003:00000b50 00000050H .data$r                 DATA
 0003:00000ba0 00000020H .data$rs                DATA
 0003:00000bc0 000018b0H .bss                    DATA
 0004:00000000 000040ecH .pdata                  DATA
 0005:00000000 000000f4H _RDATA                  DATA

  Address         Publics by Value              Rva+Base               Lib:Object

 0000:00000000       __arm64x_redirection_metadata 0000000000000000     <absolute>
 0000:00000000       __guard_iat_table          0000000000000000     <absolute>
 0000:00000000       __x64_code_ranges_to_entry_points 0000000000000000     <absolute>
 0000:00000000       __guard_fids_count         0000000000000000     <absolute>
 0000:00000000       __guard_iat_count          0000000000000000     <absolute>
 0000:00000000       __guard_longjmp_count      0000000000000000     <absolute>
 0000:00000000       __arm64x_extra_rfe_table   0000000000000000     <absolute>
 0000:00000000       __dynamic_value_reloc_table 0000000000000000     <absolute>
 0000:00000000       __hybrid_auxiliary_iat     0000000000000000     <absolute>
 0000:00000000       __hybrid_auxiliary_iat_copy 0000000000000000     <absolute>
 0000:00000000       __hybrid_code_map          0000000000000000     <absolute>
 0000:00000000       __volatile_metadata        0000000000000000     <absolute>
 0000:00000000       __arm64x_extra_rfe_table_size 0000000000000000     <absolute>
 0000:00000000       ___safe_se_handler_count   0000000000000000     <absolute>
 0000:00000000       __guard_longjmp_table      0000000000000000     <absolute>
 0000:00000000       __AbsoluteZero             0000000000000000     <absolute>
 0000:00000000       __x64_code_ranges_to_entry_points_count 0000000000000000     <absolute>
 0000:00000000       __guard_check_icall_a64n_fptr 0000000000000000     <absolute>
 0000:00000000       __guard_fids_table         0000000000000000     <absolute>
 0000:00000000       __guard_eh_cont_count      0000000000000000     <absolute>
 0000:00000000       __arm64x_redirection_metadata_count 0000000000000000     <absolute>
 0000:00000000       __enclave_config           0000000000000000     <absolute>
 0000:00000000       ___safe_se_handler_table   0000000000000000     <absolute>
 0000:00000000       __guard_eh_cont_table      0000000000000000     <absolute>
 0000:00000000       __arm64x_native_entrypoint 0000000000000000     <absolute>
 0000:00000000       __hybrid_code_map_count    0000000000000000     <absolute>
 0000:00000100       __guard_flags              0000000000000100     <absolute>
 0000:00000000       __ImageBase                0000000140000000     <linker-defined>
 0001:00000000       WinMain                    0000000140001000 f   win32.obj
 0001:000023a0       stbi_load_from_memory      00000001400033a0 f   win32.obj
 0001:00002440       stbi_load_from_callbacks   0000000140003440 f   win32.obj
 0001:000024e0       stbi_load                  00000001400034e0 f   win32.obj
 0001:00002590       stbi_load_from_file        0000000140003590 f   win32.obj
 0001:00002660       stbi_load_gif_from_memory  0000000140003660 f   win32.obj
 0001:00002760       stbi_load_16_from_memory   0000000140003760 f   win32.obj
 0001:00002800       stbi_load_16_from_callbacks 0000000140003800 f   win32.obj
 0001:000028a0       stbi_load_16               00000001400038a0 f   win32.obj
 0001:00002950       stbi_load_from_file_16     0000000140003950 f   win32.obj
 0001:00002a20       stbi_loadf_from_memory     0000000140003a20 f   win32.obj
 0001:00002ac0       stbi_loadf_from_callbacks  0000000140003ac0 f   win32.obj
 0001:00002b60       stbi_loadf                 0000000140003b60 f   win32.obj
 0001:00002c10       stbi_loadf_from_file       0000000140003c10 f   win32.obj
 0001:00002ca0       stbi_hdr_to_ldr_gamma      0000000140003ca0 f   win32.obj
 0001:00002cd0       stbi_hdr_to_ldr_scale      0000000140003cd0 f   win32.obj
 0001:00002d00       stbi_ldr_to_hdr_gamma      0000000140003d00 f   win32.obj
 0001:00002d20       stbi_ldr_to_hdr_scale      0000000140003d20 f   win32.obj
 0001:00002d40       stbi_is_hdr_from_callbacks 0000000140003d40 f   win32.obj
 0001:00002db0       stbi_is_hdr_from_memory    0000000140003db0 f   win32.obj
 0001:00002e20       stbi_is_hdr                0000000140003e20 f   win32.obj
 0001:00002e80       stbi_is_hdr_from_file      0000000140003e80 f   win32.obj
 0001:00002f10       stbi_failure_reason        0000000140003f10 f   win32.obj
 0001:00002f20       stbi_image_free            0000000140003f20 f   win32.obj
 0001:00002f40       stbi_info_from_memory      0000000140003f40 f   win32.obj
 0001:00002fd0       stbi_info_from_callbacks   0000000140003fd0 f   win32.obj
 0001:00003060       stbi_is_16_bit_from_memory 0000000140004060 f   win32.obj
 0001:000030d0       stbi_is_16_bit_from_callbacks 00000001400040d0 f   win32.obj
 0001:00003140       stbi_info                  0000000140004140 f   win32.obj
 0001:000031c0       stbi_info_from_file        00000001400041c0 f   win32.obj
 0001:00003270       stbi_is_16_bit             0000000140004270 f   win32.obj
 0001:000032d0       stbi_is_16_bit_from_file   00000001400042d0 f   win32.obj
 0001:00003360       stbi_set_unpremultiply_on_load 0000000140004360 f   win32.obj
 0001:00003380       stbi_convert_iphone_png_to_rgb 0000000140004380 f   win32.obj
 0001:000033a0       stbi_set_flip_vertically_on_load 00000001400043a0 f   win32.obj
 0001:000033c0       stbi_zlib_decode_malloc_guesssize 00000001400043c0 f   win32.obj
 0001:000034c0       stbi_zlib_decode_malloc_guesssize_headerflag 00000001400044c0 f   win32.obj
 0001:000035d0       stbi_zlib_decode_malloc    00000001400045d0 f   win32.obj
 0001:00003610       stbi_zlib_decode_buffer    0000000140004610 f   win32.obj
 0001:000036d0       stbi_zlib_decode_noheader_malloc 00000001400046d0 f   win32.obj
 0001:000037d0       stbi_zlib_decode_noheader_buffer 00000001400047d0 f   win32.obj
 0001:0001d2e0       ?WindowProc@@YA_JPEAUHWND__@@I_K_J@Z 000000014001e2e0 f   win32.obj
 0001:0001d570       ??D@YA?ATfloat4x4@@T0@0@Z  000000014001e570 f i win32.obj
 0001:0001dd00       ??D@YA?AUfloat3@@U0@M@Z    000000014001ed00 f i win32.obj
 0001:0001dda0       ??G@YA?AUfloat3@@U0@@Z     000000014001eda0 f i win32.obj
 0001:0001de30       ??Y@YA?AUfloat3@@AEAU0@U0@@Z 000000014001ee30 f i win32.obj
 0001:0001dec0       ??Z@YA?AUfloat3@@AEAU0@U0@@Z 000000014001eec0 f i win32.obj
 0001:0001df50       ?cross@@YA?AUfloat3@@U1@0@Z 000000014001ef50 f i win32.obj
 0001:0001e040       ?degreesToRadians@@YAMM@Z  000000014001f040 f i win32.obj
 0001:0001e060       ?dot@@YAMUfloat4@@0@Z      000000014001f060 f i win32.obj
 0001:0001e0d0       ?length@@YAMUfloat3@@@Z    000000014001f0d0 f i win32.obj
 0001:0001e140       ?makePerspectiveMat@@YA?ATfloat4x4@@MMMM@Z 000000014001f140 f i win32.obj
 0001:0001e2f0       ?normalise@@YA?AUfloat3@@U1@@Z 000000014001f2f0 f i win32.obj
 0001:0001e3b0       ?rotateXMat@@YA?ATfloat4x4@@M@Z 000000014001f3b0 f i win32.obj
 0001:0001e4e0       ?rotateYMat@@YA?ATfloat4x4@@M@Z 000000014001f4e0 f i win32.obj
 0001:0001e610       ?row@float4x4@@QEAA?AUfloat4@@H@Z 000000014001f610 f i win32.obj
 0001:0001e6d0       ?translationMat@@YA?ATfloat4x4@@Ufloat3@@@Z 000000014001f6d0 f i win32.obj
 0001:0001e7e0       HRESULT_FROM_WIN32         000000014001f7e0 f i win32.obj
 0001:0001e815       D3D11CreateDevice          000000014001f815 f   d3d11:d3d11.dll
 0001:0001e81b       D3DCompileFromFile         000000014001f81b f   d3dcompiler:D3DCOMPILER_47.dll
 0001:0001e830       __GSHandlerCheck           000000014001f830 f   LIBCMTD:gshandler.obj
 0001:0001e870       __GSHandlerCheckCommon     000000014001f870 f   LIBCMTD:gshandler.obj
 0001:0001e980       _alloca_probe              000000014001f980 f   LIBCMTD:chkstk.obj
 0001:0001e980       __chkstk                   000000014001f980 f   LIBCMTD:chkstk.obj
 0001:0001e9f0       __security_check_cookie    000000014001f9f0 f   LIBCMTD:amdsecgs.obj
 0001:0001ecd0       ?configure_argv@__scrt_narrow_argv_policy@@SAHXZ 000000014001fcd0 f i LIBCMTD:exe_winmain.obj
 0001:0001ecf0       ?initialize_environment@__scrt_narrow_environment_policy@@SAHXZ 000000014001fcf0 f i LIBCMTD:exe_winmain.obj
 0001:0001ed40       ?set_app_type@__scrt_winmain_policy@@SAXXZ 000000014001fd40 f i LIBCMTD:exe_winmain.obj
 0001:0001ed60       ?set_commode@__scrt_file_policy@@SAXXZ 000000014001fd60 f i LIBCMTD:exe_winmain.obj
 0001:0001ed80       ?set_fmode@__scrt_file_policy@@SAXXZ 000000014001fd80 f i LIBCMTD:exe_winmain.obj
 0001:0001eda0       WinMainCRTStartup          000000014001fda0 f   LIBCMTD:exe_winmain.obj
 0001:0001edc0       __raise_securityfailure    000000014001fdc0 f   LIBCMTD:gs_report.obj
 0001:0001ee00       __report_gsfailure         000000014001fe00 f   LIBCMTD:gs_report.obj
 0001:0001eee0       __report_rangecheckfailure 000000014001fee0 f   LIBCMTD:gs_report.obj
 0001:0001ef00       __report_securityfailure   000000014001ff00 f   LIBCMTD:gs_report.obj
 0001:0001f260       NtCurrentTeb               0000000140020260 f i LIBCMTD:utility.obj
 0001:0001f270       __scrt_acquire_startup_lock 0000000140020270 f   LIBCMTD:utility.obj
 0001:0001f2e0       __scrt_initialize_crt      00000001400202e0 f   LIBCMTD:utility.obj
 0001:0001f330       __scrt_initialize_onexit_tables 0000000140020330 f   LIBCMTD:utility.obj
 0001:0001f440       __scrt_is_nonwritable_in_current_image 0000000140020440 f   LIBCMTD:utility.obj
 0001:0001f4d0       __scrt_release_startup_lock 00000001400204d0 f   LIBCMTD:utility.obj
 0001:0001f500       __scrt_uninitialize_crt    0000000140020500 f   LIBCMTD:utility.obj
 0001:0001f540       _onexit                    0000000140020540 f   LIBCMTD:utility.obj
 0001:0001f5c0       atexit                     00000001400205c0 f   LIBCMTD:utility.obj
 0001:0001f6c0       __security_init_cookie     00000001400206c0 f   LIBCMTD:gs_support.obj
 0001:0001f740       ?get_current_state_index@__crt_state_management@@YA_KAEBV__crt_scoped_get_last_error_reset@@@Z 0000000140020740 f   libucrtd:per_thread_data.obj
 0001:0001f740       _matherr                   0000000140020740 f   LIBCMTD:matherr.obj
 0001:0001f750       _get_startup_argv_mode     0000000140020750 f   LIBCMTD:argv_mode.obj
 0001:0001f760       ?get_invalid_value@__crt_hmodule_traits@@SAPEAUHINSTANCE__@@XZ 0000000140020760 f   libucrtd:exit.obj
 0001:0001f760       __scrt_stub_for_initialize_mta 0000000140020760 f   LIBCMTD:utility_desktop.obj
 0001:0001f760       _get_startup_commit_mode   0000000140020760 f   LIBCMTD:commit_mode.obj
 0001:0001f760       ?get_current_state_index@__crt_state_management@@YA_KXZ 0000000140020760 f   libucrtd:matherr.obj
 0001:0001f760       __scrt_exe_initialize_mta  0000000140020760 f   LIBCMTD:utility_desktop.obj
 0001:0001f760       _get_startup_new_mode      0000000140020760 f   LIBCMTD:new_mode.obj
 0001:0001f760       _get_startup_thread_locale_mode 0000000140020760 f   LIBCMTD:thread_locale.obj
 0001:0001f760       __scrt_initialize_winrt    0000000140020760 f   LIBCMTD:utility_desktop.obj
 0001:0001f770       _get_startup_file_mode     0000000140020770 f   LIBCMTD:file_mode.obj
 0001:0001f780       ?__scrt_initialize_type_info@@YAXXZ 0000000140020780 f   LIBCMTD:tncleanup.obj
 0001:0001f7a0       _should_initialize_environment 00000001400207a0 f   LIBCMTD:env_mode.obj
 0001:0001f7b0       _initialize_denormal_control 00000001400207b0 f   LIBCMTD:denormal_control.obj
 0001:0001f7b0       _initialize_invalid_parameter_handler 00000001400207b0 f   LIBCMTD:invalid_parameter_handler.obj
 0001:0001f7c0       __local_stdio_printf_options 00000001400207c0 f i LIBCMTD:default_local_stdio_options.obj
 0001:0001f7d0       __local_stdio_scanf_options 00000001400207d0 f i LIBCMTD:default_local_stdio_options.obj
 0001:0001f7e0       __scrt_initialize_default_local_stdio_options 00000001400207e0 f   LIBCMTD:default_local_stdio_options.obj
 0001:0001f830       __scrt_is_user_matherr_present 0000000140020830 f   LIBCMTD:matherr_detection.obj
 0001:0001f860       __scrt_get_dyn_tls_init_callback 0000000140020860 f   LIBCMTD:dyn_tls_init.obj
 0001:0001f870       __scrt_get_dyn_tls_dtor_callback 0000000140020870 f   LIBCMTD:dyn_tls_dtor.obj
 0001:0001f880       __crt_debugger_hook        0000000140020880 f   LIBCMTD:utility_desktop.obj
 0001:0001f890       __scrt_fastfail            0000000140020890 f   LIBCMTD:utility_desktop.obj
 0001:0001fa30       __scrt_get_show_window_mode 0000000140020a30 f   LIBCMTD:utility_desktop.obj
 0001:0001fa90       __scrt_initialize_mta      0000000140020a90 f   LIBCMTD:utility_desktop.obj
 0001:0001faa0       __scrt_is_managed_app      0000000140020aa0 f   LIBCMTD:utility_desktop.obj
 0001:0001fb50       __scrt_set_unhandled_exception_filter 0000000140020b50 f   LIBCMTD:utility_desktop.obj
 0001:0001fb70       __scrt_unhandled_exception_filter 0000000140020b70 f   LIBCMTD:utility_desktop.obj
 0001:0001fc10       _RTC_Initialize            0000000140020c10 f   LIBCMTD:initsect.obj
 0001:0001fc60       _RTC_Terminate             0000000140020c60 f   LIBCMTD:initsect.obj
 0001:0001fcb0       _guard_check_icall_nop     0000000140020cb0 f i LIBCMTD:guard_support.obj
 0001:0001fcb0       ??1?$__crt_simd_cleanup_guard@$0A@@@QEAA@XZ 0000000140020cb0 f i libucrtd:strnlen.obj
 0001:0001fcb0       ??1scoped_global_state_reset@__crt_state_management@@QEAA@XZ 0000000140020cb0 f i libucrtd:onexit.obj
 0001:0001fcc0       ?__crt_interlocked_read_64@@YA_JPED_J@Z 0000000140020cc0 f i libvcruntimed:std_type_info.obj
 0001:0001fcc0       ReadNoFence64              0000000140020cc0 f i LIBCMTD:guard_support.obj
 0001:0001fce0       ReadPointerNoFence         0000000140020ce0 f i LIBCMTD:guard_support.obj
 0001:0001fce0       ??$__crt_interlocked_read_pointer@UHINSTANCE__@@@@YAPEAUHINSTANCE__@@PEDSEAU0@@Z 0000000140020ce0 f i libvcruntimed:winapi_downlevel.obj
 0001:0001fce0       ??$__crt_interlocked_read_pointer@X@@YAPEAXPEDSEAX@Z 0000000140020ce0 f i libvcruntimed:winapi_downlevel.obj
 0001:0001fd00       _guard_icall_checks_enforced 0000000140020d00 f i LIBCMTD:guard_support.obj
 0001:0001fd40       __isa_available_init       0000000140020d40 f   LIBCMTD:cpu_disp.obj
 0001:000200e0       __scrt_is_ucrt_dll_in_use  00000001400210e0 f   LIBCMTD:ucrt_detection.obj
 0001:00020110       __C_specific_handler       0000000140021110 f   libvcruntimed:riscchandler.obj
 0001:00020580       __vcrt_initialize          0000000140021580 f   libvcruntimed:initialization.obj
 0001:000205c0       __vcrt_uninitialize        00000001400215c0 f   libvcruntimed:initialization.obj
 0001:000205e0       ??$?RU__vcrt_ptd@@@__crt_internal_free_policy@@QEBAXQEBU__vcrt_ptd@@@Z 00000001400215e0 f i libvcruntimed:per_thread_data.obj
 0001:000205e0       ??$?RU__crt_multibyte_data@@@__crt_internal_free_policy@@QEBAXQEBU__crt_multibyte_data@@@Z 00000001400215e0 f i libucrtd:wsetlocale.obj
 0001:000205e0       ??$?RU__acrt_ptd@@@__crt_internal_free_policy@@QEBAXQEBU__acrt_ptd@@@Z 00000001400215e0 f i libucrtd:per_thread_data.obj
 0001:000205e0       ??$?RP6AXXZ@__crt_internal_free_policy@@QEBAXQEBQ6AXXZ@Z 00000001400215e0 f i libucrtd:onexit.obj
 0001:000205e0       ??$?RU__crt_lowio_handle_data@@@__crt_internal_free_policy@@QEBAXQEBU__crt_lowio_handle_data@@@Z 00000001400215e0 f i libucrtd:osfinfo.obj
 0001:000205e0       ??$?RD@__crt_internal_free_policy@@QEBAXQEBD@Z 00000001400215e0 f i libvcruntimed:std_type_info.obj
 0001:000205e0       ??$?RPEAU__crt_stdio_stream_data@@@__crt_internal_free_policy@@QEBAXQEBQEAU__crt_stdio_stream_data@@@Z 00000001400215e0 f i libucrtd:_file.obj
 0001:000205e0       ??$?RPEAD@__crt_internal_free_policy@@QEBAXQEBQEAD@Z 00000001400215e0 f i libucrtd:argv_parsing.obj
 0001:000205e0       ??$?RU__crt_stdio_stream_data@@@__crt_internal_free_policy@@QEBAXQEBU__crt_stdio_stream_data@@@Z 00000001400215e0 f i libucrtd:stream.obj
 0001:000205e0       ??$?RE@__crt_internal_free_policy@@QEBAXQEBE@Z 00000001400215e0 f i libucrtd:argv_parsing.obj
 0001:00020610       ??0?$__crt_scoped_stack_ptr_tag@_W@@QEAA@QEA_W@Z 0000000140021610 f i libucrtd:getstringtypea.obj
 0001:00020610       ??0?$__crt_unique_handle_t@U__crt_hmodule_traits@@@@QEAA@QEAUHINSTANCE__@@@Z 0000000140021610 f i libucrtd:exit.obj
 0001:00020610       ??0?$__crt_unique_heap_ptr@PEADU__crt_internal_free_policy@@@@QEAA@QEAPEAD@Z 0000000140021610 f i libucrtd:argv_parsing.obj
 0001:00020610       ??0?$__crt_unique_heap_ptr@U__crt_stdio_stream_data@@U__crt_internal_free_policy@@@@QEAA@QEAU__crt_stdio_stream_data@@@Z 0000000140021610 f i libucrtd:stream.obj
 0001:00020610       ??0?$__crt_unique_handle_t@U__crt_findfile_traits@@@@QEAA@QEAX@Z 0000000140021610 f i libucrtd:argv_wildcards.obj
 0001:00020610       ??0?$__crt_unique_heap_ptr@DU__crt_public_free_policy@@@@QEAA@QEAD@Z 0000000140021610 f i libvcruntimed:std_exception.obj
 0001:00020610       ??0?$__crt_unique_heap_ptr@U__vcrt_ptd@@U__crt_internal_free_policy@@@@QEAA@QEAU__vcrt_ptd@@@Z 0000000140021610 f i libvcruntimed:per_thread_data.obj
 0001:00020610       ??0?$__crt_unique_heap_ptr@DU__crt_internal_free_policy@@@@QEAA@QEAD@Z 0000000140021610 f i libvcruntimed:std_type_info.obj
 0001:00020610       ??0?$__crt_scoped_stack_ptr@_W@@QEAA@U?$__crt_scoped_stack_ptr_tag@_W@@@Z 0000000140021610 f i libucrtd:getstringtypea.obj
 0001:00020610       ??0?$__crt_unique_heap_ptr@U__acrt_ptd@@U__crt_internal_free_policy@@@@QEAA@QEAU__acrt_ptd@@@Z 0000000140021610 f i libucrtd:per_thread_data.obj
 0001:00020610       ??0__crt_stdio_stream@@QEAA@QEAU__crt_stdio_stream_data@@@Z 0000000140021610 f i libucrtd:fflush.obj
 0001:00020610       ??0?$__crt_unique_heap_ptr@U__crt_lowio_handle_data@@U__crt_internal_free_policy@@@@QEAA@QEAU__crt_lowio_handle_data@@@Z 0000000140021610 f i libucrtd:osfinfo.obj
 0001:00020610       ??0?$__crt_unique_heap_ptr@P6AXXZU__crt_internal_free_policy@@@@QEAA@QEAP6AXXZ@Z 0000000140021610 f i libucrtd:onexit.obj
 0001:00020610       ??0?$string_output_adapter@_W@__crt_stdio_output@@QEAA@QEAU?$string_output_adapter_context@_W@1@@Z 0000000140021610 f i libucrtd:output.obj
 0001:00020610       ??0?$__crt_unique_heap_ptr@EU__crt_internal_free_policy@@@@QEAA@QEAE@Z 0000000140021610 f i libucrtd:argv_parsing.obj
 0001:00020610       ??0?$__crt_unique_heap_ptr@PEAU__crt_stdio_stream_data@@U__crt_internal_free_policy@@@@QEAA@QEAPEAU__crt_stdio_stream_data@@@Z 0000000140021610 f i libucrtd:_file.obj
 0001:00020610       ??0?$string_output_adapter@D@__crt_stdio_output@@QEAA@QEAU?$string_output_adapter_context@D@1@@Z 0000000140021610 f i libucrtd:output.obj
 0001:00020610       ??0?$__crt_unique_heap_ptr@U__crt_multibyte_data@@U__crt_internal_free_policy@@@@QEAA@QEAU__crt_multibyte_data@@@Z 0000000140021610 f i libucrtd:wsetlocale.obj
 0001:00020610       ??0__crt_stdio_stream@@QEAA@QEAU_iobuf@@@Z 0000000140021610 f i libucrtd:assert.obj
 0001:00020630       ??1?$__crt_unique_heap_ptr@U__vcrt_ptd@@U__crt_internal_free_policy@@@@QEAA@XZ 0000000140021630 f i libvcruntimed:per_thread_data.obj
 0001:00020630       ??1?$__crt_unique_heap_ptr@DU__crt_internal_free_policy@@@@QEAA@XZ 0000000140021630 f i libvcruntimed:std_type_info.obj
 0001:00020630       ??1?$__crt_unique_heap_ptr@P6AXXZU__crt_internal_free_policy@@@@QEAA@XZ 0000000140021630 f i libucrtd:onexit.obj
 0001:00020630       ??1?$__crt_unique_heap_ptr@U__acrt_ptd@@U__crt_internal_free_policy@@@@QEAA@XZ 0000000140021630 f i libucrtd:per_thread_data.obj
 0001:00020630       ??1?$__crt_unique_heap_ptr@U__crt_lowio_handle_data@@U__crt_internal_free_policy@@@@QEAA@XZ 0000000140021630 f i libucrtd:osfinfo.obj
 0001:00020630       ??1?$__crt_unique_heap_ptr@U__crt_multibyte_data@@U__crt_internal_free_policy@@@@QEAA@XZ 0000000140021630 f i libucrtd:wsetlocale.obj
 0001:00020630       ??1?$__crt_unique_heap_ptr@PEADU__crt_internal_free_policy@@@@QEAA@XZ 0000000140021630 f i libucrtd:argv_parsing.obj
 0001:00020630       ??1?$__crt_unique_heap_ptr@U__crt_stdio_stream_data@@U__crt_internal_free_policy@@@@QEAA@XZ 0000000140021630 f i libucrtd:stream.obj
 0001:00020630       ??1?$__crt_unique_heap_ptr@EU__crt_internal_free_policy@@@@QEAA@XZ 0000000140021630 f i libucrtd:argv_parsing.obj
 0001:00020630       ??1?$__crt_unique_heap_ptr@PEAU__crt_stdio_stream_data@@U__crt_internal_free_policy@@@@QEAA@XZ 0000000140021630 f i libucrtd:_file.obj
 0001:00020650       ??B?$__crt_unique_heap_ptr@U__acrt_ptd@@U__crt_internal_free_policy@@@@QEBA_NXZ 0000000140021650 f i libucrtd:per_thread_data.obj
 0001:00020650       ??B?$__crt_unique_heap_ptr@U__vcrt_ptd@@U__crt_internal_free_policy@@@@QEBA_NXZ 0000000140021650 f i libvcruntimed:per_thread_data.obj
 0001:00020650       ??B?$__crt_unique_heap_ptr@U__crt_multibyte_data@@U__crt_internal_free_policy@@@@QEBA_NXZ 0000000140021650 f i libucrtd:wsetlocale.obj
 0001:00020650       ??B?$__crt_unique_heap_ptr@DU__crt_internal_free_policy@@@@QEBA_NXZ 0000000140021650 f i libvcruntimed:std_type_info.obj
 0001:00020650       ??B?$__crt_unique_heap_ptr@U__crt_lowio_handle_data@@U__crt_internal_free_policy@@@@QEBA_NXZ 0000000140021650 f i libucrtd:osfinfo.obj
 0001:00020650       ??B?$__crt_unique_heap_ptr@DU__crt_public_free_policy@@@@QEBA_NXZ 0000000140021650 f i libvcruntimed:std_exception.obj
 0001:00020650       ??B?$__crt_unique_heap_ptr@EU__crt_internal_free_policy@@@@QEBA_NXZ 0000000140021650 f i libucrtd:argv_parsing.obj
 0001:00020670       ?save_state@?$c_string_character_source@D@__crt_strtox@@QEBAPEBDXZ 0000000140021670 f i libucrtd:strtox.obj
 0001:00020670       ?get@?$__crt_unique_heap_ptr@EU__crt_internal_free_policy@@@@QEBAPEAEXZ 0000000140021670 f i libucrtd:argv_parsing.obj
 0001:00020670       ?get@?$__crt_unique_handle_t@U__crt_findfile_traits@@@@QEBAPEAXXZ 0000000140021670 f i libucrtd:argv_wildcards.obj
 0001:00020670       ?save_state@?$c_string_character_source@_W@__crt_strtox@@QEBAPEB_WXZ 0000000140021670 f i libucrtd:strtox.obj
 0001:00020670       ?get@?$__crt_unique_heap_ptr@DU__crt_public_free_policy@@@@QEBAPEADXZ 0000000140021670 f i libvcruntimed:std_exception.obj
 0001:00020670       ?public_stream@__crt_stdio_stream@@QEBAPEAU_iobuf@@XZ 0000000140021670 f i libucrtd:fopen.obj
 0001:00020670       ?get@?$__crt_scoped_stack_ptr@_W@@QEBAPEA_WXZ 0000000140021670 f i libucrtd:getstringtypea.obj
 0001:00020670       ??C__crt_stdio_stream@@QEBAPEAU__crt_stdio_stream_data@@XZ 0000000140021670 f i libucrtd:fclose.obj
 0001:00020670       ?get@?$__crt_unique_heap_ptr@U__crt_multibyte_data@@U__crt_internal_free_policy@@@@QEBAPEAU__crt_multibyte_data@@XZ 0000000140021670 f i libucrtd:wsetlocale.obj
 0001:00020670       ?get@?$__crt_unique_heap_ptr@U__acrt_ptd@@U__crt_internal_free_policy@@@@QEBAPEAU__acrt_ptd@@XZ 0000000140021670 f i libucrtd:per_thread_data.obj
 0001:00020670       ?get@?$__crt_unique_heap_ptr@U__vcrt_ptd@@U__crt_internal_free_policy@@@@QEBAPEAU__vcrt_ptd@@XZ 0000000140021670 f i libvcruntimed:per_thread_data.obj
 0001:00020670       ?get@?$__crt_unique_heap_ptr@PEADU__crt_internal_free_policy@@@@QEBAPEAPEADXZ 0000000140021670 f i libucrtd:argv_parsing.obj
 0001:00020670       ?get@?$__crt_unique_heap_ptr@DU__crt_internal_free_policy@@@@QEBAPEADXZ 0000000140021670 f i libvcruntimed:std_type_info.obj
 0001:00020670       ?get@?$__crt_unique_handle_t@U__crt_hmodule_traits@@@@QEBAPEAUHINSTANCE__@@XZ 0000000140021670 f i libucrtd:exit.obj
 0001:00020670       ?get@?$__crt_unique_heap_ptr@U__crt_lowio_handle_data@@U__crt_internal_free_policy@@@@QEBAPEAU__crt_lowio_handle_data@@XZ 0000000140021670 f i libucrtd:osfinfo.obj
 0001:00020680       ?is_valid@?$__crt_unique_heap_ptr@DU__crt_internal_free_policy@@@@QEBA_NXZ 0000000140021680 f i libvcruntimed:std_type_info.obj
 0001:00020680       ??B?$__crt_scoped_stack_ptr@_W@@QEBA_NXZ 0000000140021680 f i libucrtd:lcmapstringa.obj
 0001:00020680       ?is_valid@?$__crt_unique_heap_ptr@U__acrt_ptd@@U__crt_internal_free_policy@@@@QEBA_NXZ 0000000140021680 f i libucrtd:per_thread_data.obj
 0001:00020680       ?is_valid@?$__crt_unique_heap_ptr@DU__crt_public_free_policy@@@@QEBA_NXZ 0000000140021680 f i libvcruntimed:std_exception.obj
 0001:00020680       ?valid@__crt_stdio_stream@@QEBA_NXZ 0000000140021680 f i libucrtd:fopen.obj
 0001:00020680       ?is_valid@?$__crt_unique_heap_ptr@U__vcrt_ptd@@U__crt_internal_free_policy@@@@QEBA_NXZ 0000000140021680 f i libvcruntimed:per_thread_data.obj
 0001:00020680       ?is_valid@?$__crt_unique_heap_ptr@U__crt_lowio_handle_data@@U__crt_internal_free_policy@@@@QEBA_NXZ 0000000140021680 f i libucrtd:osfinfo.obj
 0001:00020680       ?is_valid@?$__crt_unique_heap_ptr@EU__crt_internal_free_policy@@@@QEBA_NXZ 0000000140021680 f i libucrtd:argv_parsing.obj
 0001:00020680       ?is_valid@?$__crt_unique_heap_ptr@U__crt_multibyte_data@@U__crt_internal_free_policy@@@@QEBA_NXZ 0000000140021680 f i libucrtd:wsetlocale.obj
 0001:000206b0       ?release@?$__crt_unique_heap_ptr@EU__crt_internal_free_policy@@@@QEAAXXZ 00000001400216b0 f i libucrtd:argv_parsing.obj
 0001:000206b0       ?release@?$__crt_unique_heap_ptr@U__acrt_ptd@@U__crt_internal_free_policy@@@@QEAAXXZ 00000001400216b0 f i libucrtd:per_thread_data.obj
 0001:000206b0       ?release@?$__crt_unique_heap_ptr@PEAU__crt_stdio_stream_data@@U__crt_internal_free_policy@@@@QEAAXXZ 00000001400216b0 f i libucrtd:_file.obj
 0001:000206b0       ?release@?$__crt_unique_heap_ptr@U__crt_stdio_stream_data@@U__crt_internal_free_policy@@@@QEAAXXZ 00000001400216b0 f i libucrtd:stream.obj
 0001:000206b0       ?release@?$__crt_unique_heap_ptr@U__crt_lowio_handle_data@@U__crt_internal_free_policy@@@@QEAAXXZ 00000001400216b0 f i libucrtd:osfinfo.obj
 0001:000206b0       ?release@?$__crt_unique_heap_ptr@DU__crt_internal_free_policy@@@@QEAAXXZ 00000001400216b0 f i libvcruntimed:std_type_info.obj
 0001:000206b0       ?release@?$__crt_unique_heap_ptr@U__vcrt_ptd@@U__crt_internal_free_policy@@@@QEAAXXZ 00000001400216b0 f i libvcruntimed:per_thread_data.obj
 0001:000206b0       ?release@?$__crt_unique_heap_ptr@U__crt_multibyte_data@@U__crt_internal_free_policy@@@@QEAAXXZ 00000001400216b0 f i libucrtd:wsetlocale.obj
 0001:000206b0       ?release@?$__crt_unique_heap_ptr@PEADU__crt_internal_free_policy@@@@QEAAXXZ 00000001400216b0 f i libucrtd:argv_parsing.obj
 0001:000206b0       ?release@?$__crt_unique_heap_ptr@P6AXXZU__crt_internal_free_policy@@@@QEAAXXZ 00000001400216b0 f i libucrtd:onexit.obj
 0001:000206e0       __std_type_info_compare    00000001400216e0 f   libvcruntimed:std_type_info.obj
 0001:00020720       __DestructExceptionObject  0000000140021720 f   libvcruntimed:ehhelpers.obj
 0001:00020820       ?_CallMemberFunction0@@YAXQEAX0@Z 0000000140021820 f i libvcruntimed:ehhelpers.obj
 0001:000208f0       _IsExceptionObjectToBeDestroyed 00000001400218f0 f   libvcruntimed:ehhelpers.obj
 0001:00020940       __AdjustPointer            0000000140021940 f   libvcruntimed:ehhelpers.obj
 0001:000209c0       __FrameUnwindFilter        00000001400219c0 f   libvcruntimed:ehhelpers.obj
 0001:00020a70       __current_exception        0000000140021a70 f   libvcruntimed:ehhelpers.obj
 0001:00020a90       __current_exception_context 0000000140021a90 f   libvcruntimed:ehhelpers.obj
 0001:00020ac0       _NLG_Notify                0000000140021ac0 f   libvcruntimed:notify.obj
 0001:00020ae0       __NLG_Dispatch2            0000000140021ae0 f   libvcruntimed:notify.obj
 0001:00020af0       __NLG_Return2              0000000140021af0 f   libvcruntimed:notify.obj
 0001:00020b00       __except_validate_context_record 0000000140021b00 f   libvcruntimed:jbcxrval.obj
 0001:00020ba0       ?detach@?$__crt_unique_heap_ptr@PEADU__crt_internal_free_policy@@@@QEAAPEAPEADXZ 0000000140021ba0 f i libucrtd:argv_parsing.obj
 0001:00020ba0       ?detach@?$__crt_unique_heap_ptr@EU__crt_internal_free_policy@@@@QEAAPEAEXZ 0000000140021ba0 f i libucrtd:argv_parsing.obj
 0001:00020ba0       ?detach@?$__crt_unique_heap_ptr@U__crt_lowio_handle_data@@U__crt_internal_free_policy@@@@QEAAPEAU__crt_lowio_handle_data@@XZ 0000000140021ba0 f i libucrtd:osfinfo.obj
 0001:00020ba0       ?detach@?$__crt_unique_heap_ptr@DU__crt_public_free_policy@@@@QEAAPEADXZ 0000000140021ba0 f i libvcruntimed:std_exception.obj
 0001:00020ba0       ?detach@?$__crt_unique_heap_ptr@U__crt_stdio_stream_data@@U__crt_internal_free_policy@@@@QEAAPEAU__crt_stdio_stream_data@@XZ 0000000140021ba0 f i libucrtd:stream.obj
 0001:00020ba0       ?detach@?$__crt_unique_heap_ptr@U__acrt_ptd@@U__crt_internal_free_policy@@@@QEAAPEAU__acrt_ptd@@XZ 0000000140021ba0 f i libucrtd:per_thread_data.obj
 0001:00020ba0       ?detach@?$__crt_unique_heap_ptr@PEAU__crt_stdio_stream_data@@U__crt_internal_free_policy@@@@QEAAPEAPEAU__crt_stdio_stream_data@@XZ 0000000140021ba0 f i libucrtd:_file.obj
 0001:00020ba0       ?detach@?$__crt_unique_heap_ptr@U__crt_multibyte_data@@U__crt_internal_free_policy@@@@QEAAPEAU__crt_multibyte_data@@XZ 0000000140021ba0 f i libucrtd:wsetlocale.obj
 0001:00020ba0       ?detach@?$__crt_unique_heap_ptr@P6AXXZU__crt_internal_free_policy@@@@QEAAPEAP6AXXZXZ 0000000140021ba0 f i libucrtd:onexit.obj
 0001:00020ba0       ?detach@?$__crt_unique_heap_ptr@U__vcrt_ptd@@U__crt_internal_free_policy@@@@QEAAPEAU__vcrt_ptd@@XZ 0000000140021ba0 f i libvcruntimed:per_thread_data.obj
 0001:00020c10       __vcrt_freefls             0000000140021c10 f   libvcruntimed:per_thread_data.obj
 0001:00020c50       __vcrt_getptd              0000000140021c50 f   libvcruntimed:per_thread_data.obj
 0001:00020c80       __vcrt_getptd_noexit       0000000140021c80 f   libvcruntimed:per_thread_data.obj
 0001:00020e20       __vcrt_initialize_ptd      0000000140021e20 f   libvcruntimed:per_thread_data.obj
 0001:00020e70       __vcrt_uninitialize_ptd    0000000140021e70 f   libvcruntimed:per_thread_data.obj
 0001:00020ea0       __vcrt_initialize_locks    0000000140021ea0 f   libvcruntimed:locks.obj
 0001:00020f10       __vcrt_uninitialize_locks  0000000140021f10 f   libvcruntimed:locks.obj
 0001:00020f70       _vsprintf_s_l              0000000140021f70 f i libvcruntimed:undname.obj
 0001:00020fe0       sprintf_s                  0000000140021fe0 f i libvcruntimed:undname.obj
 0001:00021040       ??$__crt_interlocked_exchange_pointer@UHINSTANCE__@@PEAU1@@@YAPEAUHINSTANCE__@@PEDSEAU0@QEAU0@@Z 0000000140022040 f i libvcruntimed:winapi_downlevel.obj
 0001:00021040       ??$__crt_interlocked_exchange_pointer@XPEAX@@YAPEAXPEDSEAXQEAX@Z 0000000140022040 f i libvcruntimed:winapi_downlevel.obj
 0001:00021040       ??$__crt_interlocked_exchange_pointer@UHINSTANCE__@@PEAX@@YAPEAUHINSTANCE__@@PEDSEAU0@QEAX@Z 0000000140022040 f i libvcruntimed:winapi_downlevel.obj
 0001:00021060       ?get_invalid_value@__crt_findfile_traits@@SAPEAXXZ 0000000140022060 f   libucrtd:argv_wildcards.obj
 0001:00021550       __vcrt_FlsAlloc            0000000140022550 f   libvcruntimed:winapi_downlevel.obj
 0001:000215a0       __vcrt_FlsFree             00000001400225a0 f   libvcruntimed:winapi_downlevel.obj
 0001:000215f0       __vcrt_FlsGetValue         00000001400225f0 f   libvcruntimed:winapi_downlevel.obj
 0001:00021640       __vcrt_FlsSetValue         0000000140022640 f   libvcruntimed:winapi_downlevel.obj
 0001:000216a0       __vcrt_InitializeCriticalSectionEx 00000001400226a0 f   libvcruntimed:winapi_downlevel.obj
 0001:00021720       memcpy_repmovs             0000000140022720 f   libvcruntimed:memcpy.obj
 0001:00021740       memmove                    0000000140022740 f   libvcruntimed:memcpy.obj
 0001:00021740       memcpy                     0000000140022740 f   libvcruntimed:memcpy.obj
 0001:00021dc0       ??$?0AEAViterator@TryBlockMap@__FrameHandler3@@AEAV012@$0A@@?$pair@Viterator@TryBlockMap@__FrameHandler3@@V123@@std@@QEAA@AEAViterator@TryBlockMap@__FrameHandler3@@0@Z 0000000140022dc0 f i libvcruntimed:risctrnsctrl.obj
 0001:00021ed0       ??$_CallSETranslator@V__FrameHandler3@@@@YAHPEAUEHExceptionRecord@@PEA_KPEAU_CONTEXT@@PEAU_xDISPATCHER_CONTEXT@@PEBU_s_FuncInfo@@K1H@Z 0000000140022ed0 f i libvcruntimed:risctrnsctrl.obj
 0001:00021f60       ?dangerous_get_state_array@?$dual_state_global@PEAU__crt_locale_data@@@__crt_state_management@@QEAAPEAPEAU__crt_locale_data@@XZ 0000000140022f60 f i libucrtd:per_thread_data.obj
 0001:00021f60       ?dangerous_get_state_array@?$dual_state_global@PEAU__crt_multibyte_data@@@__crt_state_management@@QEAAPEAPEAU__crt_multibyte_data@@XZ 0000000140022f60 f i libucrtd:mbctype.obj
 0001:00021f60       ?get_address_of@?$__crt_unique_heap_ptr@PEADU__crt_internal_free_policy@@@@QEAAPEAPEAPEADXZ 0000000140022f60 f i libucrtd:argv_parsing.obj
 0001:00021f60       ?get_address_of@?$__crt_unique_handle_t@U__crt_hmodule_traits@@@@QEAAPEAPEAUHINSTANCE__@@XZ 0000000140022f60 f i libucrtd:exit.obj
 0001:00021f60       ??$forward@AEAViterator@TryBlockMap@__FrameHandler3@@@std@@YAAEAViterator@TryBlockMap@__FrameHandler3@@AEAV123@@Z 0000000140022f60 f i libvcruntimed:risctrnsctrl.obj
 0001:00021f60       ?dangerous_get_state_array@?$dual_state_global@H@__crt_state_management@@QEAAPEAHXZ 0000000140022f60 f i libucrtd:txtmode.obj
 0001:00021f60       ?debug_info@?$__crt_win32_buffer@_WU__crt_win32_buffer_internal_dynamic_resizing@@@@QEBAAEBV__crt_win32_buffer_empty_debug_info@@XZ 0000000140022f60 f i libucrtd:argv_wildcards.obj
 0001:00021f60       ?debug_info@?$__crt_win32_buffer@DU__crt_win32_buffer_no_resizing@@@@QEBAAEBV__crt_win32_buffer_empty_debug_info@@XZ 0000000140022f60 f i libucrtd:getmodulefilenamea.obj
 0001:00021f60       ?dangerous_get_state_array@?$dual_state_global@P6AXPEB_W00I_K@Z@__crt_state_management@@QEAAPEAP6AXPEB_W00I_K@ZXZ 0000000140022f60 f i libucrtd:invalid_parameter.obj
 0001:00021f60       ?dangerous_get_state_array@?$dual_state_global@PEAE@__crt_state_management@@QEAAPEAPEAEXZ 0000000140022f60 f i libucrtd:mbctype.obj
 0001:00021f60       ?debug_info@?$__crt_win32_buffer@DU__crt_win32_buffer_internal_dynamic_resizing@@@@QEBAAEBV__crt_win32_buffer_empty_debug_info@@XZ 0000000140022f60 f i libucrtd:argv_wildcards.obj
 0001:00021f70       ??0iterator@HandlerMap@__FrameHandler3@@QEAA@AEAV12@I@Z 0000000140022f70 f i libvcruntimed:frame.obj
 0001:00021f70       ??0iterator@TryBlockMap@__FrameHandler3@@QEAA@AEAV12@I@Z 0000000140022f70 f i libvcruntimed:risctrnsctrl.obj
 0001:00021fa0       ?CatchTryBlock@__FrameHandler3@@SAPEBU_s_TryBlockMapEntry@@PEBU_s_FuncInfo@@H@Z 0000000140022fa0 f   libvcruntimed:risctrnsctrl.obj
 0001:00022030       ?ExecutionInCatch@__FrameHandler3@@SA_NPEAU_xDISPATCHER_CONTEXT@@PEBU_s_FuncInfo@@@Z 0000000140023030 f   libvcruntimed:risctrnsctrl.obj
 0001:00022080       ?FrameUnwindToEmptyState@__FrameHandler3@@SAXPEA_KPEAU_xDISPATCHER_CONTEXT@@PEBU_s_FuncInfo@@@Z 0000000140023080 f   libvcruntimed:risctrnsctrl.obj
 0001:00022120       ?GetEstablisherFrame@__FrameHandler3@@SAPEA_KPEA_KPEAU_xDISPATCHER_CONTEXT@@PEBU_s_FuncInfo@@0@Z 0000000140023120 f   libvcruntimed:risctrnsctrl.obj
 0001:00022290       ?GetRangeOfTrysToCheck@__FrameHandler3@@SA?AU?$pair@Viterator@TryBlockMap@__FrameHandler3@@V123@@std@@AEAVTryBlockMap@1@HPEAU_xDISPATCHER_CONTEXT@@PEBU_s_FuncInfo@@H@Z 0000000140023290 f   libvcruntimed:risctrnsctrl.obj
 0001:000224d0       ?UnwindNestedFrames@__FrameHandler3@@SAXPEA_KPEAUEHExceptionRecord@@PEAU_CONTEXT@@0PEAXPEBU_s_FuncInfo@@HHPEBU_s_HandlerType@@PEAU_xDISPATCHER_CONTEXT@@E@Z 00000001400234d0 f   libvcruntimed:risctrnsctrl.obj
 0001:00022640       _CreateFrameInfo           0000000140023640 f   libvcruntimed:risctrnsctrl.obj
 0001:000226b0       _FindAndUnlinkFrame        00000001400236b0 f   libvcruntimed:risctrnsctrl.obj
 0001:00022730       _GetImageBase              0000000140023730 f   libvcruntimed:risctrnsctrl.obj
 0001:00022750       _GetThrowImageBase         0000000140023750 f   libvcruntimed:risctrnsctrl.obj
 0001:00022770       _SetImageBase              0000000140023770 f   libvcruntimed:risctrnsctrl.obj
 0001:00022790       _SetThrowImageBase         0000000140023790 f   libvcruntimed:risctrnsctrl.obj
 0001:000227b0       __CxxFrameHandler3         00000001400237b0 f   libvcruntimed:risctrnsctrl.obj
 0001:00022890       ?GetCurrentState@__FrameHandler3@@SAHPEA_KPEAU_xDISPATCHER_CONTEXT@@PEBU_s_FuncInfo@@@Z 0000000140023890 f   libvcruntimed:ehstate.obj
 0001:000228f0       ?GetUnwindTryBlock@__FrameHandler3@@SAHPEA_KPEAU_xDISPATCHER_CONTEXT@@PEBU_s_FuncInfo@@@Z 00000001400238f0 f   libvcruntimed:ehstate.obj
 0001:00022940       ?SetState@__FrameHandler3@@SAXPEA_KPEBU_s_FuncInfo@@H@Z 0000000140023940 f   libvcruntimed:ehstate.obj
 0001:00022970       ?SetUnwindTryBlock@__FrameHandler3@@SAXPEA_KPEAU_xDISPATCHER_CONTEXT@@PEBU_s_FuncInfo@@H@Z 0000000140023970 f   libvcruntimed:ehstate.obj
 0001:000229e0       ?StateFromControlPc@__FrameHandler3@@SAHPEBU_s_FuncInfo@@PEAU_xDISPATCHER_CONTEXT@@@Z 00000001400239e0 f   libvcruntimed:ehstate.obj
 0001:00022a20       ?StateFromIp@__FrameHandler3@@SAHPEBU_s_FuncInfo@@PEAU_xDISPATCHER_CONTEXT@@_K@Z 0000000140023a20 f   libvcruntimed:ehstate.obj
 0001:00022b10       ?__RVAtoRealOffset@@YA_KPEAU_xDISPATCHER_CONTEXT@@H@Z 0000000140023b10 f i libvcruntimed:ehstate.obj
 0001:00023ce0       ??$TypeMatchHelper@V__FrameHandler3@@@@YAHPEBU_s_HandlerType@@PEBU_s_CatchableType@@PEBU_s_ThrowInfo@@@Z 0000000140024ce0 f i libvcruntimed:frame.obj
 0001:00023ee0       ??$__InternalCxxFrameHandler@V__FrameHandler3@@@@YA?AW4_EXCEPTION_DISPOSITION@@PEAUEHExceptionRecord@@PEA_KPEAU_CONTEXT@@PEAU_xDISPATCHER_CONTEXT@@PEBU_s_FuncInfo@@H1E@Z 0000000140024ee0 f i libvcruntimed:frame.obj
 0001:00024350       ??0HandlerMap@__FrameHandler3@@QEAA@PEBU_s_TryBlockMapEntry@@_KI@Z 0000000140025350 f i libvcruntimed:frame.obj
 0001:000243a0       ??0TryBlockMap@__FrameHandler3@@QEAA@PEBU_s_FuncInfo@@_K@Z 00000001400253a0 f i libvcruntimed:frame.obj
 0001:000243d0       ??0bad_exception@std@@QEAA@AEBV01@@Z 00000001400253d0 f i libvcruntimed:frame.obj
 0001:00024410       ??0bad_exception@std@@QEAA@XZ 0000000140025410 f i libvcruntimed:frame.obj
 0001:00024450       ??0exception@std@@QEAA@AEBV01@@Z 0000000140025450 f i libvcruntimed:frame.obj
 0001:000244b0       ??0exception@std@@QEAA@QEBDH@Z 00000001400254b0 f i libvcruntimed:frame.obj
 0001:00024500       ??1bad_exception@std@@UEAA@XZ 0000000140025500 f i libvcruntimed:frame.obj
 0001:00024520       ??1exception@std@@UEAA@XZ  0000000140025520 f i libvcruntimed:frame.obj
 0001:00024550       ??8iterator@HandlerMap@__FrameHandler3@@QEBA_NAEBV012@@Z 0000000140025550 f i libvcruntimed:frame.obj
 0001:00024590       ??8type_info@@QEBA_NAEBV0@@Z 0000000140025590 f i libvcruntimed:frame.obj
 0001:000245e0       ??9iterator@HandlerMap@__FrameHandler3@@QEBA_NAEBV012@@Z 00000001400255e0 f i libvcruntimed:frame.obj
 0001:00024620       ??Diterator@HandlerMap@__FrameHandler3@@QEAA?BU_s_HandlerType@@XZ 0000000140025620 f i libvcruntimed:frame.obj
 0001:00024660       ??Diterator@TryBlockMap@__FrameHandler3@@QEAA?BU_s_TryBlockMapEntry@@XZ 0000000140025660 f i libvcruntimed:frame.obj
 0001:000246b0       ??Eiterator@TryBlockMap@__FrameHandler3@@QEAAAEAV012@XZ 00000001400256b0 f i libvcruntimed:frame.obj
 0001:000246b0       ??Eiterator@HandlerMap@__FrameHandler3@@QEAAAEAV012@XZ 00000001400256b0 f i libvcruntimed:frame.obj
 0001:000246d0       ??Miterator@TryBlockMap@__FrameHandler3@@QEBA_NAEBV012@@Z 00000001400256d0 f i libvcruntimed:frame.obj
 0001:00024710       ??_Gbad_exception@std@@UEAAPEAXI@Z 0000000140025710 f i libvcruntimed:frame.obj
 0001:00024710       ??_Ebad_exception@std@@UEAAPEAXI@Z 0000000140025710 f i libvcruntimed:frame.obj
 0001:00024750       ??_Eexception@std@@UEAAPEAXI@Z 0000000140025750 f i libvcruntimed:frame.obj
 0001:00024750       ??_Gexception@std@@UEAAPEAXI@Z 0000000140025750 f i libvcruntimed:frame.obj
 0001:00024790       ?BuildCatchObject@__FrameHandler3@@SAXPEAUEHExceptionRecord@@PEAXPEBU_s_HandlerType@@PEBU_s_CatchableType@@@Z 0000000140025790 f   libvcruntimed:frame.obj
 0001:000247d0       ?CxxCallCatchBlock@__FrameHandler3@@SAPEAXPEAU_EXCEPTION_RECORD@@@Z 00000001400257d0 f   libvcruntimed:frame.obj
 0001:00024b30       ?FrameUnwindToState@__FrameHandler3@@SAXPEA_KPEAU_xDISPATCHER_CONTEXT@@PEBU_s_FuncInfo@@H@Z 0000000140025b30 f   libvcruntimed:frame.obj
 0001:00024d80       ?GetHandlerSearchState@__FrameHandler3@@SAHPEA_KPEAU_xDISPATCHER_CONTEXT@@PEBU_s_FuncInfo@@@Z 0000000140025d80 f i libvcruntimed:frame.obj
 0001:00024e30       ?GetMaxState@__FrameHandler3@@SAHPEAU_xDISPATCHER_CONTEXT@@PEBU_s_FuncInfo@@@Z 0000000140025e30 f i libvcruntimed:frame.obj
 0001:00025030       __TypeMatch                0000000140026030 f   libvcruntimed:frame.obj
 0001:00025030       ?TypeMatch@__FrameHandler3@@SAHPEBU_s_HandlerType@@PEBU_s_CatchableType@@PEBU_s_ThrowInfo@@@Z 0000000140026030 f   libvcruntimed:frame.obj
 0001:00025060       ?_CallMemberFunction1@@YAXQEAX00@Z 0000000140026060 f i libvcruntimed:frame.obj
 0001:000250a0       ?_CallMemberFunction2@@YAXQEAX00H@Z 00000001400260a0 f i libvcruntimed:frame.obj
 0001:00025130       ?begin@HandlerMap@__FrameHandler3@@QEAA?AViterator@12@XZ 0000000140026130 f i libvcruntimed:frame.obj
 0001:00025160       ?end@HandlerMap@__FrameHandler3@@QEAA?AViterator@12@XZ 0000000140026160 f i libvcruntimed:frame.obj
 0001:00025190       ?getESTypes@__FrameHandler3@@SAPEBU_s_ESTypeList@@PEBU_s_FuncInfo@@@Z 0000000140026190 f i libvcruntimed:frame.obj
 0001:000251d0       ?getLastEntry@HandlerMap@__FrameHandler3@@QEAAPEBU_s_HandlerType@@XZ 00000001400261d0 f i libvcruntimed:frame.obj
 0001:000251f0       ?getMagicNum@__FrameHandler3@@SAIPEBU_s_FuncInfo@@@Z 00000001400261f0 f i libvcruntimed:frame.obj
 0001:00025210       ?getNumTryBlocks@TryBlockMap@__FrameHandler3@@QEAAIXZ 0000000140026210 f i libvcruntimed:frame.obj
 0001:00025230       ?isEHs@__FrameHandler3@@SA_NPEBU_s_FuncInfo@@@Z 0000000140026230 f i libvcruntimed:frame.obj
 0001:00025270       ?isNoExcept@__FrameHandler3@@SA_NPEBU_s_FuncInfo@@@Z 0000000140026270 f i libvcruntimed:frame.obj
 0001:000252b0       ?what@exception@std@@UEBAPEBDXZ 00000001400262b0 f i libvcruntimed:frame.obj
 0001:000252f0       __vcrt_EncodePointer       00000001400262f0 f i libvcruntimed:frame.obj
 0001:00025320       memset_repmovs             0000000140026320 f   libvcruntimed:memset.obj
 0001:00025340       memset                     0000000140026340 f   libvcruntimed:memset.obj
 0001:000254e0       _CallSettingFrame          00000001400264e0 f   libvcruntimed:handlers.obj
 0001:00025530       _CallSettingFrame_LookupContinuationIndex 0000000140026530 f   libvcruntimed:handlers.obj
 0001:00025560       _CallSettingFrame_NotifyContinuationAddr 0000000140026560 f   libvcruntimed:handlers.obj
 0001:00025590       _CallSettingFrameEncoded   0000000140026590 f   libvcruntimed:handlers.obj
 0001:000255e0       ??$?RD@__crt_public_free_policy@@QEBAXQEBD@Z 00000001400265e0 f i libvcruntimed:std_exception.obj
 0001:00025600       ??1?$__crt_unique_heap_ptr@DU__crt_public_free_policy@@@@QEAA@XZ 0000000140026600 f i libvcruntimed:std_exception.obj
 0001:00025620       ?release@?$__crt_unique_heap_ptr@DU__crt_public_free_policy@@@@QEAAXXZ 0000000140026620 f i libvcruntimed:std_exception.obj
 0001:00025650       __std_exception_copy       0000000140026650 f   libvcruntimed:std_exception.obj
 0001:00025790       __std_exception_destroy    0000000140026790 f   libvcruntimed:std_exception.obj
 0001:000257d0       _CxxThrowException         00000001400267d0 f   libvcruntimed:throw.obj
 0001:00025910       strncmp                    0000000140026910 f   libucrtd:strncmp.obj
 0001:00025990       free                       0000000140026990 f   libucrtd:free.obj
 0001:000259c0       malloc                     00000001400269c0 f   libucrtd:malloc.obj
 0001:000259f0       realloc                    00000001400269f0 f   libucrtd:realloc.obj
 0001:00025a30       ??$is_overflow_condition@K@__crt_strtox@@YA_NIK@Z 0000000140026a30 f i libucrtd:strtox.obj
 0001:00025aa0       ??$make_c_string_character_source@DPEAPEAD@__crt_strtox@@YA?AV?$c_string_character_source@D@0@QEBDQEAPEAD@Z 0000000140026aa0 f i libucrtd:strtox.obj
 0001:00025aa0       ??$make_c_string_character_source@_WPEAPEA_W@__crt_strtox@@YA?AV?$c_string_character_source@_W@0@QEB_WQEAPEA_W@Z 0000000140026aa0 f i libucrtd:strtox.obj
 0001:00025ae0       ??$parse_integer@KV?$c_string_character_source@D@__crt_strtox@@@__crt_strtox@@YAKQEAU__crt_locale_pointers@@V?$c_string_character_source@D@0@H_N@Z 0000000140026ae0 f i libucrtd:strtox.obj
 0001:00025f70       ??$parse_integer@KV?$c_string_character_source@_W@__crt_strtox@@@__crt_strtox@@YAKQEAU__crt_locale_pointers@@V?$c_string_character_source@_W@0@H_N@Z 0000000140026f70 f i libucrtd:strtox.obj
 0001:00026420       ??$parse_integer_from_string@JDPEAPEAD@__crt_strtox@@YAJQEBDQEAPEADHQEAU__crt_locale_pointers@@@Z 0000000140027420 f i libucrtd:strtox.obj
 0001:00026470       ??$parse_integer_from_string@J_WPEAPEA_W@__crt_strtox@@YAJQEB_WQEAPEA_WHQEAU__crt_locale_pointers@@@Z 0000000140027470 f i libucrtd:strtox.obj
 0001:000264c0       ??0?$c_string_character_source@D@__crt_strtox@@QEAA@QEBDQEAPEBD@Z 00000001400274c0 f i libucrtd:strtox.obj
 0001:000264c0       ??0?$c_string_character_source@_W@__crt_strtox@@QEAA@QEB_WQEAPEB_W@Z 00000001400274c0 f i libucrtd:strtox.obj
 0001:00026510       ??0_LocaleUpdate@@QEAA@QEAU__crt_locale_pointers@@@Z 0000000140027510 f i libucrtd:strtox.obj
 0001:00026630       ??1?$c_string_character_source@D@__crt_strtox@@QEAA@XZ 0000000140027630 f i libucrtd:strtox.obj
 0001:00026630       ??1?$c_string_character_source@_W@__crt_strtox@@QEAA@XZ 0000000140027630 f i libucrtd:strtox.obj
 0001:00026660       ??1_LocaleUpdate@@QEAA@XZ  0000000140027660 f i libucrtd:strtox.obj
 0001:00026690       ?GetLocaleT@_LocaleUpdate@@QEAAPEAU__crt_locale_pointers@@XZ 0000000140027690 f i libucrtd:strtox.obj
 0001:000266a0       ?get@?$c_string_character_source@D@__crt_strtox@@QEAADXZ 00000001400276a0 f i libucrtd:strtox.obj
 0001:000266e0       ?get@?$c_string_character_source@_W@__crt_strtox@@QEAA_WXZ 00000001400276e0 f i libucrtd:strtox.obj
 0001:00026720       ?is_space@__crt_strtox@@YA_NDQEAU__crt_locale_pointers@@@Z 0000000140027720 f i libucrtd:strtox.obj
 0001:00026770       ?is_space@__crt_strtox@@YA_N_WPEAU__crt_locale_pointers@@@Z 0000000140027770 f i libucrtd:strtox.obj
 0001:000267b0       ?maximum_signed_value@__crt_strtox@@YAJK@Z 00000001400277b0 f i libucrtd:strtox.obj
 0001:000267c0       ?minimum_signed_value@__crt_strtox@@YAJK@Z 00000001400277c0 f i libucrtd:strtox.obj
 0001:000267d0       ?parse_digit@__crt_strtox@@YAID@Z 00000001400277d0 f i libucrtd:strtox.obj
 0001:00026840       ?parse_digit@__crt_strtox@@YAI_W@Z 0000000140027840 f i libucrtd:strtox.obj
 0001:00026890       ?restore_state@?$c_string_character_source@D@__crt_strtox@@QEAA_NQEBD@Z 0000000140027890 f i libucrtd:strtox.obj
 0001:00026890       ?restore_state@?$c_string_character_source@_W@__crt_strtox@@QEAA_NQEB_W@Z 0000000140027890 f i libucrtd:strtox.obj
 0001:000268b0       ?unget@?$c_string_character_source@D@__crt_strtox@@QEAAXD@Z 00000001400278b0 f i libucrtd:strtox.obj
 0001:00026990       ?unget@?$c_string_character_source@_W@__crt_strtox@@QEAAX_W@Z 0000000140027990 f i libucrtd:strtox.obj
 0001:00026a70       ?validate@?$c_string_character_source@D@__crt_strtox@@QEBA_NXZ 0000000140027a70 f i libucrtd:strtox.obj
 0001:00026b30       ?validate@?$c_string_character_source@_W@__crt_strtox@@QEBA_NXZ 0000000140027b30 f i libucrtd:strtox.obj
 0001:00026bf0       ?wide_character_to_digit@__crt_strtox@@YAH_W@Z 0000000140027bf0 f i libucrtd:strtox.obj
 0001:00026f60       __acrt_disable_global_locale_sync 0000000140027f60 f i libucrtd:strtox.obj
 0001:00026f90       __acrt_enable_global_locale_sync 0000000140027f90 f i libucrtd:strtox.obj
 0001:00026fc0       __acrt_get_locale_data_prefix 0000000140027fc0 f i libucrtd:strtox.obj
 0001:00026fe0       __acrt_locale_changed      0000000140027fe0 f i libucrtd:strtox.obj
 0001:00027010       __ascii_iswalpha           0000000140028010 f i libucrtd:strtox.obj
 0001:00027050       __ascii_toupper            0000000140028050 f i libucrtd:strtox.obj
 0001:00027070       __ascii_towupper           0000000140028070 f i libucrtd:strtox.obj
 0001:00027090       _chvalidchk_l              0000000140028090 f i libucrtd:strtox.obj
 0001:000270c0       _ischartype_l              00000001400280c0 f i libucrtd:strtox.obj
 0001:00027150       strtol                     0000000140028150 f   libucrtd:strtox.obj
 0001:00027180       wcstol                     0000000140028180 f   libucrtd:strtox.obj
 0001:000271b0       ??$__crt_interlocked_read@H@@YAHPEDH@Z 00000001400281b0 f i libucrtd:setmode.obj
 0001:000271b0       ??$__crt_interlocked_read@J@@YAJPEDJ@Z 00000001400281b0 f i libucrtd:assert.obj
 0001:00028240       ??$ftprintf@PEAU_iobuf@@PEB_WAEBQEB_WAEBQEB_WAEBI@?$__crt_char_traits@_W@@SAH$$QEAPEAU_iobuf@@$$QEAPEB_WAEBQEB_W2AEBI@Z 0000000140029240 f i libucrtd:assert.obj
 0001:00028290       ??$get_module_file_name@AEAPEAUHINSTANCE__@@AEAY0BAF@DK@?$__crt_char_traits@D@@SAKAEAPEAUHINSTANCE__@@AEAY0BAF@D$$QEAK@Z 0000000140029290 f i libucrtd:assert.obj
 0001:00028290       ??$get_module_file_name@$$TAEAY0BAF@DH@?$__crt_char_traits@D@@SAK$$QEA$$TAEAY0BAF@D$$QEAH@Z 0000000140029290 f i libucrtd:argv_parsing.obj
 0001:000282d0       ??$get_module_file_name@AEAPEAUHINSTANCE__@@AEAY0BAF@_WK@?$__crt_char_traits@_W@@SAKAEAPEAUHINSTANCE__@@AEAY0BAF@_W$$QEAK@Z 00000001400292d0 f i libucrtd:assert.obj
 0001:00028310       ??$itot_s@AEBIPEA_W_KH@?$__crt_char_traits@_W@@SAHAEBI$$QEAPEA_W$$QEA_K$$QEAH@Z 0000000140029310 f i libucrtd:assert.obj
 0001:00028360       ??$show_message_box@AEAY0CEA@_WPEB_WJ@?$__crt_char_traits@_W@@SAHAEAY0CEA@_W$$QEAPEB_W$$QEAJ@Z 0000000140029360 f i libucrtd:assert.obj
 0001:000283a0       ??$tcscat_s@AEBQEA_WAEB_KAEAPEA_W@?$__crt_char_traits@_W@@SAHAEBQEA_WAEB_KAEAPEA_W@Z 00000001400293a0 f i libucrtd:assert.obj
 0001:000283a0       ??$tcscat_s@AEBQEA_WAEB_KPEB_W@?$__crt_char_traits@_W@@SAHAEBQEA_WAEB_K$$QEAPEB_W@Z 00000001400293a0 f i libucrtd:assert.obj
 0001:000283a0       ??$tcscat_s@AEBQEA_WAEB_KAEBQEB_W@?$__crt_char_traits@_W@@SAHAEBQEA_WAEB_KAEBQEB_W@Z 00000001400293a0 f i libucrtd:assert.obj
 0001:000283e0       ??$tcscpy_s@AEAY0BAF@D_KPEBD@?$__crt_char_traits@D@@SAHAEAY0BAF@D$$QEA_K$$QEAPEBD@Z 00000001400293e0 f i libucrtd:assert.obj
 0001:00028420       ??$tcscpy_s@AEAY0BAF@_W_KPEB_W@?$__crt_char_traits@_W@@SAHAEAY0BAF@_W$$QEA_K$$QEAPEB_W@Z 0000000140029420 f i libucrtd:assert.obj
 0001:00028460       ??$tcscpy_s@AEBQEA_WAEB_KPEB_W@?$__crt_char_traits@_W@@SAHAEBQEA_WAEB_K$$QEAPEB_W@Z 0000000140029460 f i libucrtd:assert.obj
 0001:000284a0       ??$tcslen@AEAY0BAF@D@?$__crt_char_traits@D@@SA_KAEAY0BAF@D@Z 00000001400294a0 f i libucrtd:assert.obj
 0001:000284c0       ??$tcslen@AEAY0BAF@_W@?$__crt_char_traits@_W@@SA_KAEAY0BAF@_W@Z 00000001400294c0 f i libucrtd:assert.obj
 0001:000284e0       ??$tcslen@AEBQEA_W@?$__crt_char_traits@_W@@SA_KAEBQEA_W@Z 00000001400294e0 f i libucrtd:assert.obj
 0001:000284e0       ??$tcslen@AEBQEB_W@?$__crt_char_traits@_W@@SA_KAEBQEB_W@Z 00000001400294e0 f i libucrtd:assert.obj
 0001:00028500       ??$tcslen@AEBQEBD@?$__crt_char_traits@D@@SA_KAEBQEBD@Z 0000000140029500 f i libucrtd:assert.obj
 0001:00028520       ??$tcsncat_s@AEBQEA_WAEB_KPEB_W_K@?$__crt_char_traits@_W@@SAHAEBQEA_WAEB_K$$QEAPEB_W$$QEA_K@Z 0000000140029520 f i libucrtd:assert.obj
 0001:00028520       ??$tcsncat_s@AEBQEA_WAEB_KAEBQEB_WAEB_K@?$__crt_char_traits@_W@@SAHAEBQEA_WAEB_KAEBQEB_W1@Z 0000000140029520 f i libucrtd:assert.obj
 0001:00028520       ??$tcsncat_s@AEBQEA_WAEB_KAEAPEB_W_K@?$__crt_char_traits@_W@@SAHAEBQEA_WAEB_KAEAPEB_W$$QEA_K@Z 0000000140029520 f i libucrtd:assert.obj
 0001:00028570       ?__crt_interlocked_read_32@@YAHPEDH@Z 0000000140029570 f i libucrtd:assert.obj
 0001:00028700       ?get_flags@__crt_stdio_stream@@QEBAJXZ 0000000140029700 f i libucrtd:assert.obj
 0001:00028790       ?has_any_buffer@__crt_stdio_stream@@QEBA_NXZ 0000000140029790 f i libucrtd:assert.obj
 0001:000287b0       ?has_any_of@__crt_stdio_stream@@QEBA_NJ@Z 00000001400297b0 f i libucrtd:assert.obj
 0001:000287f0       _invoke_watson_if_error    00000001400297f0 f i libucrtd:assert.obj
 0001:00028840       _vfwprintf_l               0000000140029840 f i libucrtd:assert.obj
 0001:00028890       _vswprintf_c_l             0000000140029890 f i libucrtd:assert.obj
 0001:00028900       _wassert                   0000000140029900 f   libucrtd:assert.obj
 0001:00028940       fwprintf                   0000000140029940 f i libucrtd:assert.obj
 0001:00028ad0       swprintf                   0000000140029ad0 f i libucrtd:assert.obj
 0001:00028ed0       ??$open_file@AEBQEBDAEBQEBDAEBHPEAU_iobuf@@@?$__crt_char_traits@D@@SAPEAU_iobuf@@AEBQEBD0AEBH$$QEAPEAU1@@Z 0000000140029ed0 f i libucrtd:fopen.obj
 0001:00028f20       ?unlock@__crt_stdio_stream@@QEBAXXZ 0000000140029f20 f i libucrtd:fopen.obj
 0001:00028f40       fopen_s                    0000000140029f40 f   libucrtd:fopen.obj
 0001:00028f70       ?is_in_use@__crt_stdio_stream@@QEBA_NXZ 0000000140029f70 f i libucrtd:fclose.obj
 0001:00028fb0       ?is_string_backed@__crt_stdio_stream@@QEBA_NXZ 0000000140029fb0 f i libucrtd:fclose.obj
 0001:00028ff0       _fclose_nolock             0000000140029ff0 f   libucrtd:fclose.obj
 0001:00029180       fclose                     000000014002a180 f   libucrtd:fclose.obj
 0001:000292c0       ?eof@__crt_stdio_stream@@QEBA_NXZ 000000014002a2c0 f i libucrtd:feoferr.obj
 0001:000292e0       feof                       000000014002a2e0 f   libucrtd:feoferr.obj
 0001:000293b0       ?__acrt_stdio_reset_buffer@@YAXV__crt_stdio_stream@@@Z 000000014002a3b0 f i libucrtd:fread.obj
 0001:00029400       ?set_flags@__crt_stdio_stream@@QEBA_NJ@Z 000000014002a400 f i libucrtd:fread.obj
 0001:00029470       _fread_nolock_s            000000014002a470 f   libucrtd:fread.obj
 0001:00029e20       fread                      000000014002ae20 f   libucrtd:fread.obj
 0001:00029e70       fread_s                    000000014002ae70 f   libucrtd:fread.obj
 0001:00029fc0       ?LongLongSub@@YAJ_J0PEA_J@Z 000000014002afc0 f i libucrtd:fseek.obj
 0001:0002a5f0       ?has_all_of@__crt_stdio_stream@@QEBA_NJ@Z 000000014002b5f0 f i libucrtd:fseek.obj
 0001:0002a630       ?lowio_handle@__crt_stdio_stream@@QEBAHXZ 000000014002b630 f i libucrtd:fseek.obj
 0001:0002a660       ?unset_flags@__crt_stdio_stream@@QEBA_NJ@Z 000000014002b660 f i libucrtd:fseek.obj
 0001:0002a6c0       fseek                      000000014002b6c0 f   libucrtd:fseek.obj
 0001:0002b3a0       ?ctrl_z@__crt_stdio_stream@@QEBA_NXZ 000000014002c3a0 f i libucrtd:ftell.obj
 0001:0002b3c0       ?has_big_buffer@__crt_stdio_stream@@QEBA_NXZ 000000014002c3c0 f i libucrtd:ftell.obj
 0001:0002b3e0       ?has_crt_buffer@__crt_stdio_stream@@QEBA_NXZ 000000014002c3e0 f i libucrtd:ftell.obj
 0001:0002b400       ?has_setvbuf_buffer@__crt_stdio_stream@@QEBA_NXZ 000000014002c400 f i libucrtd:ftell.obj
 0001:0002b420       _ftelli64_nolock           000000014002c420 f   libucrtd:ftell.obj
 0001:0002b450       _utf8_no_of_trailbytes     000000014002c450 f i libucrtd:ftell.obj
 0001:0002b470       ftell                      000000014002c470 f   libucrtd:ftell.obj
 0001:0002b4a0       ldexp                      000000014002c4a0 f   libucrtd:ldexp.obj
 0001:0002b7b0       cosf                       000000014002c7b0 f   libucrtd:cosf.obj
 0001:0002bcb0       pow                        000000014002ccb0 f   libucrtd:pow.obj
 0001:0002d350       sinf                       000000014002e350 f   libucrtd:sinf.obj
 0001:0002da50       sqrtf                      000000014002ea50 f   libucrtd:sqrtf.obj
 0001:0002db90       tanf                       000000014002eb90 f   libucrtd:tanf.obj
 0001:0002e280       _seh_filter_exe            000000014002f280 f   libucrtd:exception_filter.obj
 0001:0002e6f0       __acrt_report_runtime_error 000000014002f6f0 f   libucrtd:report_runtime_error.obj
 0001:0002e970       _query_app_type            000000014002f970 f   libucrtd:report_runtime_error.obj
 0001:0002e980       _set_app_type              000000014002f980 f   libucrtd:report_runtime_error.obj
 0001:0002e990       ??$__crt_fast_decode_pointer@P6AH_K@Z@@YAP6AH_K@ZQ6AH0@Z@Z 000000014002f990 f i libucrtd:new_handler.obj
 0001:0002e990       ??$__crt_fast_decode_pointer@PEAX@@YAPEAXQEAX@Z 000000014002f990 f i libucrtd:winapi_thunks.obj
 0001:0002e990       ??$__crt_fast_decode_pointer@P6AXXZ@@YAP6AXXZQ6AXXZ@Z 000000014002f990 f i libucrtd:onexit.obj
 0001:0002e990       ??$__crt_fast_decode_pointer@P6AXPEAXK0@Z@@YAP6AXPEAXK0@ZQ6AX0K0@Z@Z 000000014002f990 f i libucrtd:exit.obj
 0001:0002e990       ??$__crt_fast_decode_pointer@P6AXH@Z@@YAP6AXH@ZQ6AXH@Z@Z 000000014002f990 f i libucrtd:signal.obj
 0001:0002e990       ??$__crt_fast_decode_pointer@P6AXPEB_W00I_K@Z@@YAP6AXPEB_W00I_K@ZQ6AX000I1@Z@Z 000000014002f990 f i libucrtd:invalid_parameter.obj
 0001:0002e990       ??$__crt_fast_decode_pointer@PEAP6AXXZ@@YAPEAP6AXXZQEAP6AXXZ@Z 000000014002f990 f i libucrtd:onexit.obj
 0001:0002e990       ??$__crt_fast_decode_pointer@P6AHPEAU_exception@@@Z@@YAP6AHPEAU_exception@@@ZQ6AH0@Z@Z 000000014002f990 f i libucrtd:matherr.obj
 0001:0002e9d0       ??$__crt_fast_encode_pointer@P6AHXZ@@YAP6AHXZQ6AHXZ@Z 000000014002f9d0 f i libucrtd:onexit.obj
 0001:0002e9d0       ??$__crt_fast_encode_pointer@P6AXXZ@@YAP6AXXZQ6AXXZ@Z 000000014002f9d0 f i libucrtd:onexit.obj
 0001:0002e9d0       ??$__crt_fast_encode_pointer@P6AXPEAXK0@Z@@YAP6AXPEAXK0@ZQ6AX0K0@Z@Z 000000014002f9d0 f i libucrtd:exit.obj
 0001:0002e9d0       ??$__crt_fast_encode_pointer@PEAX@@YAPEAXQEAX@Z 000000014002f9d0 f i libucrtd:initialization.obj
 0001:0002e9d0       ??$__crt_fast_encode_pointer@P6AXH@Z@@YAP6AXH@ZQ6AXH@Z@Z 000000014002f9d0 f i libucrtd:signal.obj
 0001:0002e9d0       ??$__crt_fast_encode_pointer@PEAP6AXXZ@@YAPEAP6AXXZQEAP6AXXZ@Z 000000014002f9d0 f i libucrtd:onexit.obj
 0001:0002e9d0       ??$__crt_fast_encode_pointer@P6AHPEAU_exception@@@Z@@YAP6AHPEAU_exception@@@ZQ6AH0@Z@Z 000000014002f9d0 f i libucrtd:matherr.obj
 0001:0002ea10       ?__crt_rotate_pointer_value@@YA_K_KH@Z 000000014002fa10 f i libucrtd:matherr.obj
 0001:0002ea30       ?initialize@?$dual_state_global@P6AH_K@Z@__crt_state_management@@QEAAXQ6AH_K@Z@Z 000000014002fa30 f i libucrtd:new_handler.obj
 0001:0002ea30       ?initialize@?$dual_state_global@PEAU__crt_multibyte_data@@@__crt_state_management@@QEAAXQEAU__crt_multibyte_data@@@Z 000000014002fa30 f i libucrtd:mbctype.obj
 0001:0002ea30       ?initialize@?$dual_state_global@P6AXH@Z@__crt_state_management@@QEAAXQ6AXH@Z@Z 000000014002fa30 f i libucrtd:signal.obj
 0001:0002ea30       ?initialize@?$dual_state_global@P6AHPEAU_exception@@@Z@__crt_state_management@@QEAAXQ6AHPEAU_exception@@@Z@Z 000000014002fa30 f i libucrtd:matherr.obj
 0001:0002ea30       ?initialize@?$dual_state_global@PEAU__crt_locale_data@@@__crt_state_management@@QEAAXQEAU__crt_locale_data@@@Z 000000014002fa30 f i libucrtd:initialization.obj
 0001:0002ea80       ?value@?$dual_state_global@PEAU__crt_multibyte_data@@@__crt_state_management@@QEAAAEAPEAU__crt_multibyte_data@@XZ 000000014002fa80 f i libucrtd:locale_update.obj
 0001:0002ea80       ?value@?$dual_state_global@P6AH_K@Z@__crt_state_management@@QEAAAEAP6AH_K@ZXZ 000000014002fa80 f i libucrtd:new_handler.obj
 0001:0002ea80       ?value@?$dual_state_global@PEAE@__crt_state_management@@QEAAAEAPEAEXZ 000000014002fa80 f i libucrtd:mbctype.obj
 0001:0002ea80       ?value@?$dual_state_global@PEAU__crt_locale_data@@@__crt_state_management@@QEAAAEAPEAU__crt_locale_data@@XZ 000000014002fa80 f i libucrtd:wsetlocale.obj
 0001:0002ea80       ?value@?$dual_state_global@P6AXH@Z@__crt_state_management@@QEAAAEAP6AXH@ZXZ 000000014002fa80 f i libucrtd:signal.obj
 0001:0002ea80       ?value@?$dual_state_global@P6AXPEB_W00I_K@Z@__crt_state_management@@QEAAAEAP6AXPEB_W00I_K@ZXZ 000000014002fa80 f i libucrtd:invalid_parameter.obj
 0001:0002ea80       ?value@?$dual_state_global@P6AHPEAU_exception@@@Z@__crt_state_management@@QEAAAEAP6AHPEAU_exception@@@ZXZ 000000014002fa80 f i libucrtd:matherr.obj
 0001:0002eaa0       __acrt_has_user_matherr    000000014002faa0 f   libucrtd:matherr.obj
 0001:0002eae0       __acrt_initialize_user_matherr 000000014002fae0 f   libucrtd:matherr.obj
 0001:0002eb00       __acrt_invoke_user_matherr 000000014002fb00 f   libucrtd:matherr.obj
 0001:0002eb50       __setusermatherr           000000014002fb50 f   libucrtd:matherr.obj
 0001:0002f3b0       ??$set_program_name@PEAD@?$__crt_char_traits@D@@SAX$$QEAPEAD@Z 00000001400303b0 f i libucrtd:argv_parsing.obj
 0001:0002f4e0       __acrt_allocate_buffer_for_argv 00000001400304e0 f   libucrtd:argv_parsing.obj
 0001:0002f600       _configure_narrow_argv     0000000140030600 f   libucrtd:argv_parsing.obj
 0001:0002f620       _set_pgmptr                0000000140030620 f i libucrtd:argv_parsing.obj
 0001:0002f850       ??$tcslen@AEAPEAD@?$__crt_char_traits@D@@SA_KAEAPEAD@Z 0000000140030850 f i libucrtd:environment_initialization.obj
 0001:0002f89c       ??B?$__crt_unique_heap_ptr@PEADU__crt_internal_free_policy@@@@QEBA_NXZ 000000014003089c f i libucrtd:environment_initialization.obj
 0001:0002f8a4       ?detach@?$__crt_unique_heap_ptr@DU__crt_internal_free_policy@@@@QEAAPEADXZ 00000001400308a4 f i libucrtd:environment_initialization.obj
 0001:0002f8ac       __dcrt_uninitialize_environments_nolock 00000001400308ac f   libucrtd:environment_initialization.obj
 0001:0002f8e4       _initialize_narrow_environment 00000001400308e4 f   libucrtd:environment_initialization.obj
 0001:0002fa30       _get_narrow_winmain_command_line 0000000140030a30 f   libucrtd:argv_winmain.obj
 0001:0002fa40       _initterm                  0000000140030a40 f   libucrtd:initterm.obj
 0001:0002faa0       _initterm_e                0000000140030aa0 f   libucrtd:initterm.obj
 0001:0002fb20       ??$?BP6AXXZ@__crt_fast_encoded_nullptr_t@@QEBAPEAP6AXXZXZ 0000000140030b20 f i libucrtd:onexit.obj
 0001:0002fb20       ??$?BX@__crt_fast_encoded_nullptr_t@@QEBAPEAXXZ 0000000140030b20 f i libucrtd:initialization.obj
 0001:0002fb20       ??$?B$$A6AXXZ@__crt_fast_encoded_nullptr_t@@QEBAP6AXXZXZ 0000000140030b20 f i libucrtd:onexit.obj
 0001:0002fb20       ??$?B$$A6AXH@Z@__crt_fast_encoded_nullptr_t@@QEBAP6AXH@ZXZ 0000000140030b20 f i libucrtd:signal.obj
 0001:0002fb20       ??$?B$$A6AXPEAXK0@Z@__crt_fast_encoded_nullptr_t@@QEBAP6AXPEAXK0@ZXZ 0000000140030b20 f i libucrtd:exit.obj
 0001:0002fbd0       ??$__crt_get_proc_address@P6AXI@Z@@YAP6AXI@ZQEAUHINSTANCE__@@QEBD@Z 0000000140030bd0 f i libucrtd:exit.obj
 0001:0002fc70       ??1?$__crt_unique_handle_t@U__crt_hmodule_traits@@@@QEAA@XZ 0000000140030c70 f i libucrtd:exit.obj
 0001:0002fdd0       ?__acrt_select_exit_lock@@YA?AW4__acrt_lock_id@@XZ 0000000140030dd0 f i libucrtd:exit.obj
 0001:0002fde0       ?__crt_fast_encode_pointer@@YA?AU__crt_fast_encoded_nullptr_t@@$$T@Z 0000000140030de0 f i libucrtd:exit.obj
 0001:0002fe20       ?close@?$__crt_unique_handle_t@U__crt_hmodule_traits@@@@QEAAXXZ 0000000140030e20 f i libucrtd:exit.obj
 0001:0002fe60       ?close@__crt_hmodule_traits@@SA_NPEAUHINSTANCE__@@@Z 0000000140030e60 f i libucrtd:exit.obj
 0001:00030120       __acrt_initialize_thread_local_exit_callback 0000000140031120 f   libucrtd:exit.obj
 0001:00030140       _c_exit                    0000000140031140 f   libucrtd:exit.obj
 0001:00030160       _cexit                     0000000140031160 f   libucrtd:exit.obj
 0001:00030180       _exit                      0000000140031180 f   libucrtd:exit.obj
 0001:000301a0       _register_thread_local_exe_atexit_callback 00000001400311a0 f   libucrtd:exit.obj
 0001:000301f0       exit                       00000001400311f0 f   libucrtd:exit.obj
 0001:00030210       ?value@?$dual_state_global@H@__crt_state_management@@QEAAAEAHXZ 0000000140031210 f i libucrtd:setmode.obj
 0001:00030210       ?value@?$dual_state_global@J@__crt_state_management@@QEAAAEAJXZ 0000000140031210 f i libucrtd:new_mode.obj
 0001:00030230       _get_fmode                 0000000140031230 f   libucrtd:setmode.obj
 0001:00030300       _set_fmode                 0000000140031300 f   libucrtd:setmode.obj
 0001:000303e0       _setmode_nolock            00000001400313e0 f   libucrtd:setmode.obj
 0001:00030800       __acrt_set_locale_changed  0000000140031800 f   libucrtd:wsetlocale.obj
 0001:00030810       __acrt_uninitialize_locale 0000000140031810 f   libucrtd:wsetlocale.obj
 0001:00030840       __ascii_tolower            0000000140031840 f i libucrtd:wsetlocale.obj
 0001:00030860       __ascii_towlower           0000000140031860 f i libucrtd:wsetlocale.obj
 0001:00030880       _configthreadlocale        0000000140031880 f   libucrtd:wsetlocale.obj
 0001:000309e0       _query_new_mode            00000001400319e0 f   libucrtd:new_mode.obj
 0001:00030a00       _set_new_mode              0000000140031a00 f   libucrtd:new_mode.obj
 0001:00030ad0       __p__commode               0000000140031ad0 f   libucrtd:ncommode.obj
 0001:00031160       _crt_atexit                0000000140032160 f   libucrtd:onexit.obj
 0001:00031180       _execute_onexit_table      0000000140032180 f   libucrtd:onexit.obj
 0001:000311c0       _initialize_onexit_table   00000001400321c0 f   libucrtd:onexit.obj
 0001:00031240       _register_onexit_function  0000000140032240 f   libucrtd:onexit.obj
 0001:000312d0       __acrt_uninitialize_command_line 00000001400322d0 f   libucrtd:argv_data.obj
 0001:00031530       __acrt_initialize          0000000140032530 f   libucrtd:initialization.obj
 0001:00031560       __acrt_uninitialize        0000000140032560 f   libucrtd:initialization.obj
 0001:00031590       terminate                  0000000140032590 f   libucrtd:terminate.obj
 0001:000335a0       _CrtCheckMemory            00000001400345a0 f   libucrtd:debug_heap.obj
 0001:00033730       _CrtDumpMemoryLeaks        0000000140034730 f   libucrtd:debug_heap.obj
 0001:000337f0       _CrtIsValidHeapPointer     00000001400347f0 f   libucrtd:debug_heap.obj
 0001:00033830       _CrtIsValidPointer         0000000140034830 f   libucrtd:debug_heap.obj
 0001:00033870       _CrtMemCheckpoint          0000000140034870 f   libucrtd:debug_heap.obj
 0001:00033af0       _CrtMemDumpAllObjectsSince 0000000140034af0 f   libucrtd:debug_heap.obj
 0001:00033b50       _CrtSetDbgFlag             0000000140034b50 f   libucrtd:debug_heap.obj
 0001:00033cb0       _CrtSetDumpClient          0000000140034cb0 f   libucrtd:debug_heap.obj
 0001:00033ce0       _calloc_dbg                0000000140034ce0 f   libucrtd:debug_heap.obj
 0001:00033d80       _free_dbg                  0000000140034d80 f   libucrtd:debug_heap.obj
 0001:00033df0       _invoke_watson_if_oneof    0000000140034df0 f i libucrtd:debug_heap.obj
 0001:00033e50       _malloc_dbg                0000000140034e50 f   libucrtd:debug_heap.obj
 0001:00033e90       _msize_dbg                 0000000140034e90 f   libucrtd:debug_heap.obj
 0001:00034030       _realloc_dbg               0000000140035030 f   libucrtd:debug_heap.obj
 0001:000340a0       _recalloc_dbg              00000001400350a0 f   libucrtd:debug_heap.obj
 0001:00034670       strcpy_s                   0000000140035670 f   libucrtd:strcpy_s.obj
 0001:000346b0       strcmp                     00000001400356b0 f   libucrtd:strcmp.obj
 0001:00034730       strlen                     0000000140035730 f   libucrtd:strlen.obj
 0001:000347e0       abort                      00000001400357e0 f   libucrtd:abort.obj
 0001:00034860       ??$initialize_from_array@$$BY00Q6AXPEB_W00I_K@Z@?$dual_state_global@P6AXPEB_W00I_K@Z@__crt_state_management@@QEAAXAEAY00Q6AXPEB_W00I_K@Z@Z 0000000140035860 f i libucrtd:invalid_parameter.obj
 0001:000348c0       __acrt_call_reportfault    00000001400358c0 f   libucrtd:invalid_parameter.obj
 0001:000349f0       __acrt_initialize_invalid_parameter_handler 00000001400359f0 f   libucrtd:invalid_parameter.obj
 0001:00034a20       _invalid_parameter         0000000140035a20 f   libucrtd:invalid_parameter.obj
 0001:00034b20       _invalid_parameter_noinfo  0000000140035b20 f   libucrtd:invalid_parameter.obj
 0001:00034b50       _invoke_watson             0000000140035b50 f   libucrtd:invalid_parameter.obj
 0001:00034bb0       ??$?0AEBV?$string_output_adapter@_W@__crt_stdio_output@@AEB_KAEBQEB_WAEBQEAU__crt_locale_pointers@@AEBQEAD@?$standard_base@_WV?$string_output_adapter@_W@__crt_stdio_output@@@__crt_stdio_output@@IEAA@AEBV?$string_output_adapter@_W@1@AEB_KAEBQEB_WAEBQEAU__crt_locale_pointers@@AEBQEAD@Z 0000000140035bb0 f i libucrtd:output.obj
 0001:00034bb0       ??$?0AEBV?$stream_output_adapter@_W@__crt_stdio_output@@AEB_KAEBQEB_WAEBQEAU__crt_locale_pointers@@AEBQEAD@?$standard_base@_WV?$stream_output_adapter@_W@__crt_stdio_output@@@__crt_stdio_output@@IEAA@AEBV?$stream_output_adapter@_W@1@AEB_KAEBQEB_WAEBQEAU__crt_locale_pointers@@AEBQEAD@Z 0000000140035bb0 f i libucrtd:output.obj
 0001:00034c20       ??$?0AEBV?$string_output_adapter@D@__crt_stdio_output@@AEB_KAEBQEBDAEBQEAU__crt_locale_pointers@@AEBQEAD@?$format_validation_base@DV?$string_output_adapter@D@__crt_stdio_output@@@__crt_stdio_output@@IEAA@AEBV?$string_output_adapter@D@1@AEB_KAEBQEBDAEBQEAU__crt_locale_pointers@@AEBQEAD@Z 0000000140035c20 f i libucrtd:output.obj
 0001:00034c70       ??$?0AEBV?$string_output_adapter@D@__crt_stdio_output@@AEB_KAEBQEBDAEBQEAU__crt_locale_pointers@@AEBQEAD@?$standard_base@DV?$string_output_adapter@D@__crt_stdio_output@@@__crt_stdio_output@@IEAA@AEBV?$string_output_adapter@D@1@AEB_KAEBQEBDAEBQEAU__crt_locale_pointers@@AEBQEAD@Z 0000000140035c70 f i libucrtd:output.obj
 0001:00034ce0       ??$?0AEBV?$string_output_adapter@_W@__crt_stdio_output@@AEB_KAEBQEB_WAEBQEAU__crt_locale_pointers@@AEBQEAD@?$format_validation_base@_WV?$string_output_adapter@_W@__crt_stdio_output@@@__crt_stdio_output@@IEAA@AEBV?$string_output_adapter@_W@1@AEB_KAEBQEB_WAEBQEAU__crt_locale_pointers@@AEBQEAD@Z 0000000140035ce0 f i libucrtd:output.obj
 0001:00036d70       ??$count@D@formatting_buffer@__crt_stdio_output@@QEBA_KXZ 0000000140037d70 f i libucrtd:output.obj
 0001:00036dc0       ??$count@_W@formatting_buffer@__crt_stdio_output@@QEBA_KXZ 0000000140037dc0 f i libucrtd:output.obj
 0001:00036e10       ??$data@D@formatting_buffer@__crt_stdio_output@@QEAAPEADXZ 0000000140037e10 f i libucrtd:output.obj
 0001:00036e10       ??$data@_W@formatting_buffer@__crt_stdio_output@@QEAAPEA_WXZ 0000000140037e10 f i libucrtd:output.obj
 0001:00036e60       ??$ensure_buffer_is_big_enough@D@formatting_buffer@__crt_stdio_output@@QEAA_N_K@Z 0000000140037e60 f i libucrtd:output.obj
 0001:00036f90       ??$ensure_buffer_is_big_enough@_W@formatting_buffer@__crt_stdio_output@@QEAA_N_K@Z 0000000140037f90 f i libucrtd:output.obj
 0001:000370c0       ??$extract_argument_from_va_list@C_J@?$standard_base@DV?$string_output_adapter@D@__crt_stdio_output@@@__crt_stdio_output@@IEAA_NAEA_J@Z 00000001400380c0 f i libucrtd:output.obj
 0001:000370c0       ??$extract_argument_from_va_list@C_J@?$standard_base@_WV?$string_output_adapter@_W@__crt_stdio_output@@@__crt_stdio_output@@IEAA_NAEA_J@Z 00000001400380c0 f i libucrtd:output.obj
 0001:000370c0       ??$extract_argument_from_va_list@C_J@?$standard_base@_WV?$stream_output_adapter@_W@__crt_stdio_output@@@__crt_stdio_output@@IEAA_NAEA_J@Z 00000001400380c0 f i libucrtd:output.obj
 0001:00037100       ??$extract_argument_from_va_list@E_J@?$standard_base@_WV?$stream_output_adapter@_W@__crt_stdio_output@@@__crt_stdio_output@@IEAA_NAEA_J@Z 0000000140038100 f i libucrtd:output.obj
 0001:00037100       ??$extract_argument_from_va_list@E_J@?$standard_base@_WV?$string_output_adapter@_W@__crt_stdio_output@@@__crt_stdio_output@@IEAA_NAEA_J@Z 0000000140038100 f i libucrtd:output.obj
 0001:00037100       ??$extract_argument_from_va_list@E_J@?$standard_base@DV?$string_output_adapter@D@__crt_stdio_output@@@__crt_stdio_output@@IEAA_NAEA_J@Z 0000000140038100 f i libucrtd:output.obj
 0001:00037140       ??$extract_argument_from_va_list@F_J@?$standard_base@_WV?$string_output_adapter@_W@__crt_stdio_output@@@__crt_stdio_output@@IEAA_NAEA_J@Z 0000000140038140 f i libucrtd:output.obj
 0001:00037140       ??$extract_argument_from_va_list@F_J@?$standard_base@DV?$string_output_adapter@D@__crt_stdio_output@@@__crt_stdio_output@@IEAA_NAEA_J@Z 0000000140038140 f i libucrtd:output.obj
 0001:00037140       ??$extract_argument_from_va_list@F_J@?$standard_base@_WV?$stream_output_adapter@_W@__crt_stdio_output@@@__crt_stdio_output@@IEAA_NAEA_J@Z 0000000140038140 f i libucrtd:output.obj
 0001:00037180       ??$extract_argument_from_va_list@GD@?$standard_base@DV?$string_output_adapter@D@__crt_stdio_output@@@__crt_stdio_output@@IEAA_NAEAD@Z 0000000140038180 f i libucrtd:output.obj
 0001:000371b0       ??$extract_argument_from_va_list@G_J@?$standard_base@_WV?$stream_output_adapter@_W@__crt_stdio_output@@@__crt_stdio_output@@IEAA_NAEA_J@Z 00000001400381b0 f i libucrtd:output.obj
 0001:000371b0       ??$extract_argument_from_va_list@G_J@?$standard_base@DV?$string_output_adapter@D@__crt_stdio_output@@@__crt_stdio_output@@IEAA_NAEA_J@Z 00000001400381b0 f i libucrtd:output.obj
 0001:000371b0       ??$extract_argument_from_va_list@G_J@?$standard_base@_WV?$string_output_adapter@_W@__crt_stdio_output@@@__crt_stdio_output@@IEAA_NAEA_J@Z 00000001400381b0 f i libucrtd:output.obj
 0001:000371f0       ??$extract_argument_from_va_list@H_J@?$standard_base@_WV?$stream_output_adapter@_W@__crt_stdio_output@@@__crt_stdio_output@@IEAA_NAEA_J@Z 00000001400381f0 f i libucrtd:output.obj
 0001:000371f0       ??$extract_argument_from_va_list@H_J@?$standard_base@_WV?$string_output_adapter@_W@__crt_stdio_output@@@__crt_stdio_output@@IEAA_NAEA_J@Z 00000001400381f0 f i libucrtd:output.obj
 0001:000371f0       ??$extract_argument_from_va_list@H_J@?$standard_base@DV?$string_output_adapter@D@__crt_stdio_output@@@__crt_stdio_output@@IEAA_NAEA_J@Z 00000001400381f0 f i libucrtd:output.obj
 0001:00037220       ??$extract_argument_from_va_list@I_J@?$standard_base@_WV?$string_output_adapter@_W@__crt_stdio_output@@@__crt_stdio_output@@IEAA_NAEA_J@Z 0000000140038220 f i libucrtd:output.obj
 0001:00037220       ??$extract_argument_from_va_list@I_J@?$standard_base@_WV?$stream_output_adapter@_W@__crt_stdio_output@@@__crt_stdio_output@@IEAA_NAEA_J@Z 0000000140038220 f i libucrtd:output.obj
 0001:00037220       ??$extract_argument_from_va_list@I_J@?$standard_base@DV?$string_output_adapter@D@__crt_stdio_output@@@__crt_stdio_output@@IEAA_NAEA_J@Z 0000000140038220 f i libucrtd:output.obj
 0001:00037250       ??$extract_argument_from_va_list@PEAXPEAX@?$standard_base@DV?$string_output_adapter@D@__crt_stdio_output@@@__crt_stdio_output@@IEAA_NAEAPEAX@Z 0000000140038250 f i libucrtd:output.obj
 0001:00037250       ??$extract_argument_from_va_list@PEAUansi_string@?1??type_case_Z@?$output_processor@_WV?$string_output_adapter@_W@__crt_stdio_output@@V?$standard_base@_WV?$string_output_adapter@_W@__crt_stdio_output@@@2@@__crt_stdio_output@@AEAA_NXZ@PEAU1?1??234@AEAA_NXZ@@?$standard_base@_WV?$string_output_adapter@_W@__crt_stdio_output@@@__crt_stdio_output@@IEAA_NAEAPEAUansi_string@?1??type_case_Z@?$output_processor@_WV?$string_output_adapter@_W@__crt_stdio_output@@V?$standard_base@_WV?$string_output_adapter@_W@__crt_stdio_output@@@2@@1@AEAA_NXZ@@Z 0000000140038250 f i libucrtd:output.obj
 0001:00037250       ??$extract_argument_from_va_list@PEADPEAD@?$standard_base@DV?$string_output_adapter@D@__crt_stdio_output@@@__crt_stdio_output@@IEAA_NAEAPEAD@Z 0000000140038250 f i libucrtd:output.obj
 0001:00037250       ??$extract_argument_from_va_list@PEADPEAD@?$standard_base@_WV?$string_output_adapter@_W@__crt_stdio_output@@@__crt_stdio_output@@IEAA_NAEAPEAD@Z 0000000140038250 f i libucrtd:output.obj
 0001:00037250       ??$extract_argument_from_va_list@PEAXPEAX@?$standard_base@_WV?$stream_output_adapter@_W@__crt_stdio_output@@@__crt_stdio_output@@IEAA_NAEAPEAX@Z 0000000140038250 f i libucrtd:output.obj
 0001:00037250       ??$extract_argument_from_va_list@PEADPEAD@?$standard_base@_WV?$stream_output_adapter@_W@__crt_stdio_output@@@__crt_stdio_output@@IEAA_NAEAPEAD@Z 0000000140038250 f i libucrtd:output.obj
 0001:00037250       ??$extract_argument_from_va_list@_J_J@?$standard_base@_WV?$string_output_adapter@_W@__crt_stdio_output@@@__crt_stdio_output@@IEAA_NAEA_J@Z 0000000140038250 f i libucrtd:output.obj
 0001:00037250       ??$extract_argument_from_va_list@_J_J@?$standard_base@DV?$string_output_adapter@D@__crt_stdio_output@@@__crt_stdio_output@@IEAA_NAEA_J@Z 0000000140038250 f i libucrtd:output.obj
 0001:00037250       ??$extract_argument_from_va_list@_K_J@?$standard_base@_WV?$string_output_adapter@_W@__crt_stdio_output@@@__crt_stdio_output@@IEAA_NAEA_J@Z 0000000140038250 f i libucrtd:output.obj
 0001:00037250       ??$extract_argument_from_va_list@PEAUansi_string@?1??type_case_Z@?$output_processor@DV?$string_output_adapter@D@__crt_stdio_output@@V?$format_validation_base@DV?$string_output_adapter@D@__crt_stdio_output@@@2@@__crt_stdio_output@@AEAA_NXZ@PEAU1?1??234@AEAA_NXZ@@?$standard_base@DV?$string_output_adapter@D@__crt_stdio_output@@@__crt_stdio_output@@IEAA_NAEAPEAUansi_string@?1??type_case_Z@?$output_processor@DV?$string_output_adapter@D@__crt_stdio_output@@V?$format_validation_base@DV?$string_output_adapter@D@__crt_stdio_output@@@2@@1@AEAA_NXZ@@Z 0000000140038250 f i libucrtd:output.obj
[...]
 0002:0001c3c0       $unwind$??$?RV<lambda_efa02eb69bf647d2f7ff0dd6f1103f72>@@AEAV<lambda_bd5a608237428601b7e45fbdc72b1ae8>@@V<lambda_728235dc0fc2b1f82d1fa5b3e7102d8f>@@@?$__crt_seh_guarded_call@X@@QEAAX$$QEAV<lambda_efa02eb69bf647d2f7ff0dd6f1103f72>@@AEAV<lambda_bd5a608237428601b7e45fbdc72b1ae8>@@$$QEAV<lambda_728235dc0fc2b1f82d1fa5b3e7102d8f>@@@Z 00000001400883c0     libucrtd:mbctype.obj
 0002:0001c3e0       $unwind$?x_ismbbtype_l@@YAHPEAU__crt_locale_pointers@@IHH@Z 00000001400883e0     libucrtd:ismbbyte.obj
 0002:0001c3f0       $unwind$__acrt_MultiByteToWideChar 00000001400883f0     libucrtd:multibytetowidechar.obj
 0002:0001c3f8       $unwind$__acrt_WideCharToMultiByte 00000001400883f8     libucrtd:widechartomultibyte.obj
 0002:0001c400       $unwind$__dcrt_get_narrow_environment_from_os 0000000140088400     libucrtd:get_environment_from_os.obj
 0002:0001c418       $unwind$_alloc_osfhnd      0000000140088418     libucrtd:osfinfo.obj
 0002:0001c438       $unwind$__acrt_lowio_create_handle_array 0000000140088438     libucrtd:osfinfo.obj
 0002:0001c440       $unwind$__acrt_lowio_ensure_fh_exists 0000000140088440     libucrtd:osfinfo.obj
 0002:0001c460       $unwind$__acrt_GetStringTypeA 0000000140088460     libucrtd:getstringtypea.obj
 0002:0001c468       $unwind$__acrt_update_thread_locale_data 0000000140088468     libucrtd:locale_refcounting.obj
 0002:0001c488       $unwind$__acrt_is_interactive 0000000140088488     libucrtd:winapi_thunks.obj
 0002:0001c498       $unwind$_query_new_handler 0000000140088498     libucrtd:new_handler.obj
 0002:0001c4b8       $unwind$?fp_format_g@@YAHQEBNQEAD_K12H_NIW4__acrt_rounding_mode@@QEAU__crt_locale_pointers@@@Z 00000001400884b8     libucrtd:cvt.obj
 0002:0001c4b8       $unwind$_mbtowc_l          00000001400884b8     libucrtd:mbtowc.obj
 0002:0001c4c4       $unwind$wctomb_s           00000001400884c4     libucrtd:wctomb.obj
 0002:0001c4cc       $unwind$_wctomb_s_l        00000001400884cc     libucrtd:wctomb.obj
 0002:0001c4d8       $unwind$?fp_format_nan_or_infinity@@YAHW4__acrt_fp_class@@_NPEAD_K1@Z 00000001400884d8     libucrtd:cvt.obj
 0002:0001c4e0       $unwind$?fe_to_nearest@@YA_NQEBN_KF@Z 00000001400884e0     libucrtd:cvt.obj
 0002:0001c4e8       $unwind$?should_round_up@@YA_NQEBN_KFW4__acrt_rounding_mode@@@Z 00000001400884e8     libucrtd:cvt.obj
 0002:0001c4f0       $unwind$?fp_format_a@@YAHQEBNPEAD_KQEAD2H_NIQEAU__crt_locale_pointers@@W4__acrt_rounding_mode@@@Z 00000001400884f0     libucrtd:cvt.obj
 0002:0001c500       $stateUnwindMap$?fp_format_a@@YAHQEBNPEAD_KQEAD2H_NIQEAU__crt_locale_pointers@@W4__acrt_rounding_mode@@@Z 0000000140088500     libucrtd:cvt.obj
 0002:0001c510       $ip2state$?fp_format_a@@YAHQEBNPEAD_KQEAD2H_NIQEAU__crt_locale_pointers@@W4__acrt_rounding_mode@@@Z 0000000140088510     libucrtd:cvt.obj
 0002:0001c558       $unwind$?fp_format_f@@YAHQEBNQEAD_K12HQEAU__crt_locale_pointers@@W4__acrt_rounding_mode@@@Z 0000000140088558     libucrtd:cvt.obj
 0002:0001c560       $unwind$_fputwc_nolock     0000000140088560     libucrtd:fputwc.obj
 0002:0001c570       $unwind$_VCrtDbgReportA    0000000140088570     libucrtd:dbgrptt.obj
 0002:0001c5a8       $unwind$_VCrtDbgReportW    00000001400885a8     libucrtd:dbgrptt.obj
 0002:0001c5e0       $unwind$__acrt_OutputDebugStringA 00000001400885e0     libucrtd:outputdebugstringa.obj
 0002:0001c5f4       $unwind$_fcloseall         00000001400885f4     libucrtd:closeall.obj
 0002:0001c614       $unwind$??$?RV<lambda_4e3dbe6921bc0b5a1a6bc6573fdc859e>@@AEAV<lambda_5533cddd4bda0037814beee657757329>@@V<lambda_47cffbaa968af5c721c38a4a6f8da44d>@@@?$__crt_seh_guarded_call@H@@QEAAH$$QEAV<lambda_4e3dbe6921bc0b5a1a6bc6573fdc859e>@@AEAV<lambda_5533cddd4bda0037814beee657757329>@@$$QEAV<lambda_47cffbaa968af5c721c38a4a6f8da44d>@@@Z 0000000140088614     libucrtd:commit.obj
 0002:0001c634       $unwind$_write             0000000140088634     libucrtd:write.obj
 0002:0001c654       $unwind$_write_nolock      0000000140088654     libucrtd:write.obj
 0002:0001c668       $unwind$?write_double_translated_ansi_nolock@@YA?AUwrite_result@?A0x17268360@@HQEBDI@Z 0000000140088668     libucrtd:write.obj
 0002:0001c67c       $unwind$?write_double_translated_unicode_nolock@@YA?AUwrite_result@?A0x17268360@@QEBDI@Z 000000014008867c     libucrtd:write.obj
 0002:0001c690       $unwind$?write_text_ansi_nolock@@YA?AUwrite_result@?A0x17268360@@HQEBDI@Z 0000000140088690     libucrtd:write.obj
 0002:0001c690       $unwind$?write_text_utf16le_nolock@@YA?AUwrite_result@?A0x17268360@@HQEBDI@Z 0000000140088690     libucrtd:write.obj
 0002:0001c6a4       $unwind$?write_text_utf8_nolock@@YA?AUwrite_result@?A0x17268360@@HQEBDI@Z 00000001400886a4     libucrtd:write.obj
 0002:0001c6b8       $unwind$?write_binary_nolock@@YA?AUwrite_result@?A0x17268360@@HQEBDI@Z 00000001400886b8     libucrtd:write.obj
 0002:0001c6cc       $unwind$_wsopen_nolock     00000001400886cc     libucrtd:open.obj
 0002:0001c6e0       $unwind$??$common_sopen_dispatch@D@@YAHQEBDHHHQEAHH@Z 00000001400886e0     libucrtd:open.obj
 0002:0001c700       $unwind$?decode_sharing_flags@@YAKHH@Z 0000000140088700     libucrtd:open.obj
 0002:0001c708       $unwind$?decode_options@@YA?AUfile_options@?A0xa9d50aae@@HHH@Z 0000000140088708     libucrtd:open.obj
 0002:0001c71c       $unwind$__acrt_fltout      000000014008871c     libucrtd:cfout.obj
 0002:0001c71c       $unwind$?configure_text_mode@@YAHHUfile_options@?A0xa9d50aae@@HAEAW4__crt_lowio_text_mode@@@Z 000000014008871c     libucrtd:open.obj
 0002:0001c728       $xdatasym                  0000000140088728     libucrtd:fpsr.obj
 0002:0001c730       $unwind$qsort              0000000140088730     libucrtd:qsort.obj
 0002:0001c740       $unwind$?shortsort@@YAXPEAD0_KP6AHPEBX2@Z@Z 0000000140088740     libucrtd:qsort.obj
 0002:0001c750       $stateUnwindMap$?shortsort@@YAXPEAD0_KP6AHPEBX2@Z@Z 0000000140088750     libucrtd:qsort.obj
 0002:0001c758       $ip2state$?shortsort@@YAXPEAD0_KP6AHPEBX2@Z@Z 0000000140088758     libucrtd:qsort.obj
 0002:0001c770       $unwind$strpbrk            0000000140088770     libucrtd:strpbrk.obj
 0002:0001c778       $unwind$fallbackMethod     0000000140088778     libucrtd:strpbrk.obj
 0002:0001c788       $unwind$_mbsdec_l          0000000140088788     libucrtd:mbsdec.obj
 0002:0001c794       $unwind$_isleadbyte_l      0000000140088794     libucrtd:_wctype.obj
 0002:0001c794       $unwind$??$common_flush_and_write_nolock@D@@YAHHV__crt_stdio_stream@@@Z 0000000140088794     libucrtd:_flsbuf.obj
 0002:0001c794       $unwind$??$common_flush_and_write_nolock@_W@@YAHHV__crt_stdio_stream@@@Z 0000000140088794     libucrtd:_flsbuf.obj
 0002:0001c79c       $unwind$?__mbsrtowcs_utf8@__crt_mbstring@@YA_KPEA_WPEAPEBD_KPEAU_Mbstatet@@@Z 000000014008879c     libucrtd:mbrtowc.obj
 0002:0001c7a4       $unwind$?__c32rtomb_utf8@__crt_mbstring@@YA_KPEAD_UPEAU_Mbstatet@@@Z 00000001400887a4     libucrtd:c32rtomb.obj
 0002:0001c7ac       $unwind$?reset_and_return@__crt_mbstring@@YA_K_KPEAU_Mbstatet@@@Z 00000001400887ac     libucrtd:c32rtomb.obj
 0002:0001c7b4       $unwind$?make_big_integer@__crt_strtox@@YA?AUbig_integer@1@_K@Z 00000001400887b4     libucrtd:cfout.obj
 0002:0001c7c4       $unwind$?make_big_integer_power_of_two@__crt_strtox@@YA?AUbig_integer@1@I@Z 00000001400887c4     libucrtd:cfout.obj
 0002:0001c7d4       $unwind$?shift_left@__crt_strtox@@YA_NAEAUbig_integer@1@I@Z 00000001400887d4     libucrtd:cfout.obj
 0002:0001c7e4       $unwind$?add_multiply_carry@__crt_strtox@@YAIAEAIIII@Z 00000001400887e4     libucrtd:cfout.obj
 0002:0001c7ec       $unwind$?multiply@__crt_strtox@@YA_NAEAUbig_integer@1@I@Z 00000001400887ec     libucrtd:cfout.obj
 0002:0001c7fc       $unwind$?multiply@__crt_strtox@@YA_NAEAUbig_integer@1@AEBU21@@Z 00000001400887fc     libucrtd:cfout.obj
 0002:0001c80c       $unwind$?multiply_by_power_of_ten@__crt_strtox@@YA_NAEAUbig_integer@1@I@Z 000000014008880c     libucrtd:cfout.obj
 0002:0001c81c       $unwind$?divide@__crt_strtox@@YA_KAEAUbig_integer@1@AEBU21@@Z 000000014008881c     libucrtd:cfout.obj
 0002:0001c82c       $unwind$??$convert_to_fos_high_precision@N@@YA?AW4__acrt_has_trailing_digits@@NIQEAHQEAD_K@Z 000000014008882c     libucrtd:cfout.obj
 0002:0001c83c       $unwind$?stream_is_at_end_of_file_nolock@@YA_NV__crt_stdio_stream@@@Z 000000014008883c     libucrtd:_flsbuf.obj
 0002:0001c844       $unwind$??$write_buffer_nolock@D@@YA_NDV__crt_stdio_stream@@@Z 0000000140088844     libucrtd:_flsbuf.obj
 0002:0001c84c       $unwind$??$write_buffer_nolock@_W@@YA_N_WV__crt_stdio_stream@@@Z 000000014008884c     libucrtd:_flsbuf.obj
 0002:0001c854       $unwind$?_mbstowcs_l_helper@@YA_KPEA_WPEBD_KPEAU__crt_locale_pointers@@@Z 0000000140088854     libucrtd:mbstowcs.obj
 0002:0001c860       $unwind$?_wcstombs_l_helper@@YA_KPEADPEB_W_KPEAU__crt_locale_pointers@@@Z 0000000140088860     libucrtd:wcstombs.obj
 0002:0001c878       $stateUnwindMap$?_wcstombs_l_helper@@YA_KPEADPEB_W_KPEAU__crt_locale_pointers@@@Z 0000000140088878     libucrtd:wcstombs.obj
 0002:0001c880       $ip2state$?_wcstombs_l_helper@@YA_KPEADPEB_W_KPEAU__crt_locale_pointers@@@Z 0000000140088880     libucrtd:wcstombs.obj
 0002:0001c998       $unwind$strrchr            0000000140088998     libvcruntimed:strrchr.obj
 0002:0001c998       $unwind$_chsize_nolock     0000000140088998     libucrtd:chsize.obj
 0002:0001c9a0       $unwind$?__mbrtoc32_utf8@__crt_mbstring@@YA_KPEA_UPEBD_KPEAU_Mbstatet@@@Z 00000001400889a0     libucrtd:mbrtoc32.obj
 0002:0001c9b0       $xdatasym                  00000001400889b0     libucrtd:log10.obj
 0002:0001c9bc       $unwind$ceil               00000001400889bc     libucrtd:ceil.obj
 0002:0001c9c4       $unwind$?__wcsrtombs_utf8@__crt_mbstring@@YA_KPEADPEAPEB_W_KPEAU_Mbstatet@@@Z 00000001400889c4     libucrtd:wcrtomb.obj
 0002:0001c9d4       $unwind$__dcrt_lowio_ensure_console_output_initialized 00000001400889d4     libucrtd:initcon.obj
 0002:0001c9dc       $unwind$__dcrt_write_console 00000001400889dc     libucrtd:initcon.obj
 0002:0001c9f0       $unwind$_log_special_common 00000001400889f0     libucrtd:log_special.obj
 0002:0001ca00       $unwind$_log10_special     0000000140088a00     libucrtd:log_special.obj
 0002:0001ca08       $unwind$common_control87   0000000140088a08     libucrtd:ieee.obj
 0002:0001ca28       $unwind$?__c16rtomb_utf8@__crt_mbstring@@YA_KPEAD_SPEAU_Mbstatet@@@Z 0000000140088a28     libucrtd:c16rtomb.obj
 0002:0001ca30       $unwind$_IsNonwritableInCurrentImage 0000000140088a30     LIBCMTD:pesect.obj
 0002:0001ca50       $xdatasym                  0000000140088a50     libvcruntimed:memcmp.obj
 0002:0001cf20       .idata$6                   0000000140088f20     user32:USER32.dll
 0002:0001cf40       .idata$6                   0000000140088f40     d3d11:d3d11.dll
 0002:0001cf60       .idata$6                   0000000140088f60     d3dcompiler:D3DCOMPILER_47.dll
 0002:0001d13c       .idata$6                   000000014008913c     kernel32:KERNEL32.dll
 0003:00000000       ?stbi__stdio_callbacks@@3Ustbi_io_callbacks@@A 000000014008a000     win32.obj
 0003:00000018       ?stbi__l2h_gamma@@3MA      000000014008a018     win32.obj
 0003:0000001c       ?stbi__l2h_scale@@3MA      000000014008a01c     win32.obj
 0003:00000020       ?stbi__h2l_gamma_i@@3MA    000000014008a020     win32.obj
 0003:00000024       ?stbi__h2l_scale_i@@3MA    000000014008a024     win32.obj
 0003:00000028       ?first_row_filter@@3PAEA   000000014008a028     win32.obj
 0003:00000030       ?g_ShaderFileFullPath@@3PEB_WEB 000000014008a030     win32.obj
 0003:00000038       ?g_v_shader_static_filepath@@3PEB_WEB 000000014008a038     win32.obj
 0003:00000040       ?invalid_chunk@?JH@??stbi__parse_png_file@@YAHPEAUstbi__png@@HH@Z@4PADA 000000014008a040     win32.obj
 0003:00000060       ?mul_table@?1??stbi__shiftsigned@@YAHIHH@Z@4PAIA 000000014008a060     win32.obj
 0003:00000088       ?shift_table@?1??stbi__shiftsigned@@YAHIHH@Z@4PAIA 000000014008a088     win32.obj
 0003:000000f0       ?__vcrt_flsindex@@3KA      000000014008a0f0     libvcruntimed:per_thread_data.obj
 0003:00000100       ?__acrt_current_request_number@@3JA 000000014008a100     libucrtd:debug_heap.obj
 0003:00000114       ?errno_no_memory@@3HA      000000014008a114     libucrtd:errno.obj
 0003:00000118       ?doserrno_no_memory@@3KA   000000014008a118     libucrtd:errno.obj
 0003:0000011c       ?__acrt_flsindex@@3KA      000000014008a11c     libucrtd:per_thread_data.obj
 0003:000004e8       ?dazSupported@?1??_ctrlfp@@9@9 000000014008a4e8     libucrtd:fpctrl.obj
 0003:00000720       _mbctypes                  000000014008a720     libucrtd:mbctype.obj
 0003:00000830       _mbcasemaps                000000014008a830     libucrtd:mbctype.obj
 0003:00000930       ?__rgctypeflag@@3PADA      000000014008a930     libucrtd:mbctype.obj
 0003:00000940       ?__rgcode_page_info@@3PAUcode_page_info@@A 000000014008a940     libucrtd:mbctype.obj
 0003:00000af0       ?__acrt_debug_fill_threshold@@3_KA 000000014008aaf0     libucrtd:debug_fill_threshold.obj
 0003:00000b30       ?__dcrt_lowio_console_output_handle@@3PEAXEA 000000014008ab30     libucrtd:initcon.obj
 0003:00000b40       ?dazSupported@?1??common_control87@@9@9 000000014008ab40     libucrtd:ieee.obj
 0003:00000bc0       ?stbi__g_failure_reason@@3PEBDEB 000000014008abc0     win32.obj
 0003:00000bc8       ?stbi__vertically_flip_on_load@@3HA 000000014008abc8     win32.obj
 0003:00000bcc       ?stbi__unpremultiply_on_load@@3HA 000000014008abcc     win32.obj
 0003:00000bd0       ?stbi__de_iphone_flag@@3HA 000000014008abd0     win32.obj
 0003:00000bd4       ?g_WindowDidResize@@3_NA   000000014008abd4     win32.obj
 0003:00000bd8       ?g_keyIsDown@@3PA_NA       000000014008abd8     win32.obj
 0003:00000bf0       GS_ExceptionRecord         000000014008abf0     LIBCMTD:gs_report.obj
 0003:00000c90       GS_ContextRecord           000000014008ac90     LIBCMTD:gs_report.obj
 0003:00001170       ?is_initialized_as_dll@@3_NA 000000014008b170     LIBCMTD:utility.obj
 0003:00001171       ?module_local_atexit_table_initialized@@3_NA 000000014008b171     LIBCMTD:utility.obj
 0003:00001178       ?module_local_atexit_table@@3U_onexit_table_t@@A 000000014008b178     LIBCMTD:utility.obj
 0003:00001190       ?module_local_at_quick_exit_table@@3U_onexit_table_t@@A 000000014008b190     LIBCMTD:utility.obj
 0003:000011f0       ?__vcrt_startup_thread_ptd@@3U__vcrt_ptd@@A 000000014008b1f0     libvcruntimed:per_thread_data.obj
 0003:00001270       __vcrt_lock_table          000000014008b270     libvcruntimed:locks.obj
 0003:00001298       __vcrt_locks_initialized   000000014008b298     libvcruntimed:locks.obj
 0003:000012e0       ?heap@@3V_HeapManager@@A   000000014008b2e0     libvcruntimed:undname.obj
 0003:00001308       ?module_handles@@3PAPEAUHINSTANCE__@@A 000000014008b308     libvcruntimed:winapi_downlevel.obj
 0003:00001320       ?function_pointers@@3PAPEAXA 000000014008b320     libvcruntimed:winapi_downlevel.obj
 0003:00001350       ?__acrt_app_type@@3W4_crt_app_type@@A 000000014008b350     libucrtd:report_runtime_error.obj
 0003:00001360       ?outmsg@?9??__acrt_report_runtime_error@@9@4PA_WA 000000014008b360     libucrtd:report_runtime_error.obj
 0003:00001988       ?user_matherr@@3V?$dual_state_global@P6AHPEAU_exception@@@Z@__crt_state_management@@A 000000014008b988     libucrtd:matherr.obj
 0003:00001990       ?program_name@?1???$common_configure_argv@D@@YAHW4_crt_argv_mode@@@Z@4PADA 000000014008b990     libucrtd:argv_parsing.obj
 0003:00001ab8       ?empty_string@?1???$common_wincmdln@E@@YAPEAEXZ@4PAEA 000000014008bab8     libucrtd:argv_winmain.obj
 0003:00001abc       ?c_termination_complete@@3JA 000000014008babc     libucrtd:exit.obj
 0003:00001ac0       ?thread_local_exit_callback_func@@3P6AXPEAXK0@ZEA 000000014008bac0     libucrtd:exit.obj
 0003:00001ad0       ?__acrt_global_new_mode@@3V?$dual_state_global@J@__crt_state_management@@A 000000014008bad0     libucrtd:new_mode.obj
 0003:00001b08       ?__acrt_first_block@@3PEAU_CrtMemBlockHeader@@EA 000000014008bb08     libucrtd:debug_heap.obj
 0003:00001b10       ?__acrt_last_block@@3PEAU_CrtMemBlockHeader@@EA 000000014008bb10     libucrtd:debug_heap.obj
 0003:00001b18       ?__acrt_total_allocations@@3_KA 000000014008bb18     libucrtd:debug_heap.obj
 0003:00001b20       ?__acrt_current_allocations@@3_KA 000000014008bb20     libucrtd:debug_heap.obj
 0003:00001b28       ?__acrt_max_allocations@@3_KA 000000014008bb28     libucrtd:debug_heap.obj
 0003:00001b30       ?__acrt_check_frequency@@3IA 000000014008bb30     libucrtd:debug_heap.obj
 0003:00001b34       ?__acrt_check_counter@@3IA 000000014008bb34     libucrtd:debug_heap.obj
 0003:00001b40       ?heap_validation_pending@@3_NA 000000014008bb40     libucrtd:debug_heap.obj
 0003:00001b48       ?__acrt_invalid_parameter_handler@@3V?$dual_state_global@P6AXPEB_W00I_K@Z@__crt_state_management@@A 000000014008bb48     libucrtd:invalid_parameter.obj
 0003:00001b58       __acrt_error_mode          000000014008bb58     libucrtd:set_error_mode.obj
 0003:00001b78       ?ctrlc_action@@3V?$dual_state_global@P6AXH@Z@__crt_state_management@@A 000000014008bb78     libucrtd:signal.obj
 0003:00001b80       ?ctrlbreak_action@@3V?$dual_state_global@P6AXH@Z@__crt_state_management@@A 000000014008bb80     libucrtd:signal.obj
 0003:00001b88       ?abort_action@@3V?$dual_state_global@P6AXH@Z@__crt_state_management@@A 000000014008bb88     libucrtd:signal.obj
 0003:00001b90       ?term_action@@3V?$dual_state_global@P6AXH@Z@__crt_state_management@@A 000000014008bb90     libucrtd:signal.obj
 0003:00001fc8       ?fSystemSet@@3HA           000000014008bfc8     libucrtd:mbctype.obj
 0003:00001fcc       ?initialized@?1??__acrt_initialize_multibyte@@9@4_NA 000000014008bfcc     libucrtd:mbctype.obj
 0003:00002000       ?__acrt_lock_table@@3PAU_RTL_CRITICAL_SECTION@@A 000000014008c000     libucrtd:locks.obj
 0003:00002230       ?__acrt_locks_initialized@@3IA 000000014008c230     libucrtd:locks.obj
 0003:00002234       ?state_cache@?1???$get_cached_win_policy@Udeveloper_information_policy_properties@?1??__acrt_get_developer_information_policy@@YA?AW4developer_information_policy@@XZ@@@YA?AW4developer_information_policy@@W4AppPolicyShowDeveloperDiagnostic@@@Z@4JA 000000014008c234     libucrtd:win_policies.obj
 0003:00002238       ?state_cache@?1???$get_cached_win_policy@Uwindowing_model_policy_properties@?1??__acrt_get_windowing_model_policy@@YA?AW4windowing_model_policy@@XZ@@@YA?AW4windowing_model_policy@@W4AppPolicyWindowingModel@@@Z@4JA 000000014008c238     libucrtd:win_policies.obj
 0003:00002240       ?module_handles@@3PAPEAUHINSTANCE__@@A 000000014008c240     libucrtd:winapi_thunks.obj
 0003:000022e0       ?encoded_function_pointers@@3PAPEAXA 000000014008c2e0     libucrtd:winapi_thunks.obj
 0003:00002400       ?__acrt_new_handler@@3V?$dual_state_global@P6AH_K@Z@__crt_state_management@@A 000000014008c400     libucrtd:new_handler.obj
 0003:00002418       ?internal_state@?1??_mbtowc_l@@9@4U_Mbstatet@@A 000000014008c418     libucrtd:mbtowc.obj
 0003:00002420       ?enable_percent_n@@3_KA    000000014008c420     libucrtd:printf_count_output.obj
 0003:00002448       ?internal_pst@?1??__mbrtoc32_utf8@__crt_mbstring@@YA_KPEA_UPEBD_KPEAU_Mbstatet@@@Z@4U3@A 000000014008c448     libucrtd:mbrtoc32.obj
 0003:00002450       ?internal_pst@?1??__c16rtomb_utf8@__crt_mbstring@@YA_KPEAD_SPEAU_Mbstatet@@@Z@4U3@A 000000014008c450     libucrtd:c16rtomb.obj
 0005:00000000       MoveSmall                  0000000140092000     libvcruntimed:memcpy.obj
 0005:00000040       MoveSmallYmm               0000000140092040     libvcruntimed:memcpy.obj
 0005:00000064       MoveSmallYmmNT             0000000140092064     libvcruntimed:memcpy.obj
 0005:00000088       MoveSmallXmm               0000000140092088     libvcruntimed:memcpy.obj
 0005:000000b0       MsetTab                    00000001400920b0     libvcruntimed:memset.obj
